
> tarot-frontend@0.1.0 test
> vitest --run --reporter=verbose


[1m[46m RUN [49m[22m [36mv4.0.15 [39m[90mD:/Personal/tarot/frontend[39m

 [32m✓[39m src/components/features/auth/RegisterForm.test.tsx[2m > [22mRegisterForm[2m > [22mRendering[2m > [22mshould render the register form title[32m 224[2mms[22m[39m
 [32m✓[39m src/components/features/auth/RegisterForm.test.tsx[2m > [22mRegisterForm[2m > [22mRendering[2m > [22mshould render name input field[32m 50[2mms[22m[39m
 [32m✓[39m src/components/features/auth/LoginForm.test.tsx[2m > [22mLoginForm[2m > [22mRendering[2m > [22mshould render the login form title[32m 212[2mms[22m[39m
 [32m✓[39m src/components/features/auth/LoginForm.test.tsx[2m > [22mLoginForm[2m > [22mRendering[2m > [22mshould render email input field[32m 45[2mms[22m[39m
 [32m✓[39m src/components/features/auth/LoginForm.test.tsx[2m > [22mLoginForm[2m > [22mRendering[2m > [22mshould render password input field[32m 26[2mms[22m[39m
 [32m✓[39m src/components/features/auth/LoginForm.test.tsx[2m > [22mLoginForm[2m > [22mRendering[2m > [22mshould render submit button[33m 408[2mms[22m[39m
 [32m✓[39m src/components/features/auth/LoginForm.test.tsx[2m > [22mLoginForm[2m > [22mRendering[2m > [22mshould render forgot password link[32m 23[2mms[22m[39m
 [32m✓[39m src/components/features/auth/LoginForm.test.tsx[2m > [22mLoginForm[2m > [22mRendering[2m > [22mshould render register link[32m 18[2mms[22m[39m
 [32m✓[39m src/components/features/profile/AccountTab.test.tsx[2m > [22mAccountTab[2m > [22mProfile Form[2m > [22mshould render profile form with user data[32m 172[2mms[22m[39m
 [32m✓[39m src/components/features/profile/AccountTab.test.tsx[2m > [22mAccountTab[2m > [22mProfile Form[2m > [22mshould disable email input[32m 33[2mms[22m[39m
 [32m✓[39m src/components/features/profile/AccountTab.test.tsx[2m > [22mAccountTab[2m > [22mProfile Form[2m > [22mshould show message that email cannot be modified[32m 52[2mms[22m[39m
 [32m✓[39m src/components/features/marketplace/BookingCalendar.test.tsx[2m > [22mBookingCalendar[2m > [22mshould render date selector with next 30 days[33m 1424[2mms[22m[39m
 [32m✓[39m src/test/metadata/page-metadata.test.ts[2m > [22mPage Metadata Exports[2m > [22mStatic Pages[2m > [22mlogin page should export loginMetadata[33m 9569[2mms[22m[39m
 [32m✓[39m src/components/features/auth/LoginForm.test.tsx[2m > [22mLoginForm[2m > [22mForm Validation[2m > [22mshould show error when email is empty[32m 227[2mms[22m[39m
 [32m✓[39m src/test/metadata/page-metadata.test.ts[2m > [22mPage Metadata Exports[2m > [22mLayout Metadata[2m > [22mritual layout should export ritualMetadata[32m 39[2mms[22m[39m
 [32m✓[39m src/test/metadata/page-metadata.test.ts[2m > [22mPage Metadata Exports[2m > [22mLayout Metadata[2m > [22mregistro layout should export registerMetadata[32m 71[2mms[22m[39m
 [32m✓[39m src/components/features/auth/RegisterForm.test.tsx[2m > [22mRegisterForm[2m > [22mRendering[2m > [22mshould render email input field[32m 50[2mms[22m[39m
 [32m✓[39m src/components/features/auth/RegisterForm.test.tsx[2m > [22mRegisterForm[2m > [22mRendering[2m > [22mshould render password input field[32m 43[2mms[22m[39m
 [32m✓[39m src/components/features/auth/RegisterForm.test.tsx[2m > [22mRegisterForm[2m > [22mRendering[2m > [22mshould render confirm password input field[32m 34[2mms[22m[39m
 [32m✓[39m src/components/features/readings/SpreadSelector.test.tsx[2m > [22mSpreadSelector[2m > [22mAuthentication Protection[2m > [22mshould call useRequireAuth to protect the route[33m 313[2mms[22m[39m
 [32m✓[39m src/test/metadata/page-metadata.test.ts[2m > [22mPage Metadata Exports[2m > [22mLayout Metadata[2m > [22mhistorial layout should export historialMetadata[32m 113[2mms[22m[39m
 [32m✓[39m src/test/metadata/page-metadata.test.ts[2m > [22mPage Metadata Exports[2m > [22mLayout Metadata[2m > [22mcarta-del-dia layout should export cartaDelDiaMetadata[32m 26[2mms[22m[39m
 [32m✓[39m src/test/metadata/page-metadata.test.ts[2m > [22mPage Metadata Exports[2m > [22mLayout Metadata[2m > [22mexplorar layout should export explorarMetadata[32m 32[2mms[22m[39m
 [32m✓[39m src/components/ui/confirmation-modal.test.tsx[2m > [22mConfirmationModal[2m > [22mRendering[2m > [22mshould render modal when open is true[33m 634[2mms[22m[39m
 [32m✓[39m src/components/ui/confirmation-modal.test.tsx[2m > [22mConfirmationModal[2m > [22mRendering[2m > [22mshould not render modal when open is false[32m 9[2mms[22m[39m
 [32m✓[39m src/components/features/auth/RegisterForm.test.tsx[2m > [22mRegisterForm[2m > [22mRendering[2m > [22mshould render submit button[33m 540[2mms[22m[39m
 [32m✓[39m src/components/features/auth/RegisterForm.test.tsx[2m > [22mRegisterForm[2m > [22mRendering[2m > [22mshould render login link[32m 35[2mms[22m[39m
 [32m✓[39m src/components/features/readings/SpreadSelector.test.tsx[2m > [22mSpreadSelector[2m > [22mAuthentication Protection[2m > [22mshould show loading state when auth is loading[32m 69[2mms[22m[39m
 [32m✓[39m src/test/metadata/page-metadata.test.ts[2m > [22mPage Metadata Exports[2m > [22mLayout Metadata[2m > [22mperfil layout should export perfilMetadata[32m 201[2mms[22m[39m
 [32m✓[39m src/components/layout/UserMenu.test.tsx[2m > [22mUserMenu[2m > [22mUnauthenticated State[2m > [22mshould render "Iniciar Sesión" link when not authenticated[33m 681[2mms[22m[39m
 [32m✓[39m src/components/ui/confirmation-modal.test.tsx[2m > [22mConfirmationModal[2m > [22mRendering[2m > [22mshould render default confirm button text as "Confirmar"[33m 442[2mms[22m[39m
 [32m✓[39m src/components/features/readings/ReadingExperience.test.tsx[2m > [22mReadingExperience[2m > [22mCard Selection State[2m > [22mshould render card selection state initially[33m 771[2mms[22m[39m
 [32m✓[39m src/components/features/auth/RegisterForm.test.tsx[2m > [22mRegisterForm[2m > [22mForm Validation[2m > [22mshould show error when name is empty[33m 326[2mms[22m[39m
 [32m✓[39m src/components/layout/UserMenu.test.tsx[2m > [22mUserMenu[2m > [22mUnauthenticated State[2m > [22mshould render "Registrarse" button when not authenticated[32m 112[2mms[22m[39m
 [32m✓[39m src/components/layout/UserMenu.test.tsx[2m > [22mUserMenu[2m > [22mUnauthenticated State[2m > [22mshould NOT render avatar when not authenticated[32m 14[2mms[22m[39m
 [32m✓[39m src/components/layout/UserMenu.test.tsx[2m > [22mUserMenu[2m > [22mAuthenticated State[2m > [22mshould render avatar with user initial[32m 44[2mms[22m[39m
 [32m✓[39m src/components/layout/UserMenu.test.tsx[2m > [22mUserMenu[2m > [22mAuthenticated State[2m > [22mshould NOT show "Iniciar Sesión" link when authenticated[32m 15[2mms[22m[39m
 [32m✓[39m src/components/features/marketplace/BookingCalendar.test.tsx[2m > [22mBookingCalendar[2m > [22mshould show loading state when fetching slots[33m 611[2mms[22m[39m
 [32m✓[39m src/components/ui/confirmation-modal.test.tsx[2m > [22mConfirmationModal[2m > [22mRendering[2m > [22mshould render default cancel button text as "Cancelar"[32m 229[2mms[22m[39m
 [32m✓[39m src/components/features/profile/SettingsTab.test.tsx[2m > [22mSettingsTab[2m > [22mRendering[2m > [22mshould render notifications section[32m 248[2mms[22m[39m
 [32m✓[39m src/components/features/profile/SettingsTab.test.tsx[2m > [22mSettingsTab[2m > [22mRendering[2m > [22mshould render privacy section[32m 55[2mms[22m[39m
 [32m✓[39m src/test/metadata/page-metadata.test.ts[2m > [22mPage Metadata Exports[2m > [22mDynamic Pages[2m > [22mtarotista profile page should export generateMetadata function[33m 520[2mms[22m[39m
 [32m✓[39m src/app/ritual/preguntas/page.test.tsx[2m > [22mQuestionsPage[2m > [22mAuthentication Protection[2m > [22mshould call useRequireAuth to protect the route[32m 192[2mms[22m[39m
 [32m✓[39m src/app/ritual/preguntas/page.test.tsx[2m > [22mQuestionsPage[2m > [22mAuthentication Protection[2m > [22mshould show loading state when auth is loading[32m 40[2mms[22m[39m
 [32m✓[39m src/components/ui/confirmation-modal.test.tsx[2m > [22mConfirmationModal[2m > [22mRendering[2m > [22mshould render custom confirm button text[32m 215[2mms[22m[39m
 [32m✓[39m src/components/features/readings/SpreadSelector.test.tsx[2m > [22mSpreadSelector[2m > [22mPage Layout[2m > [22mshould render the breadcrumb with question link for PREMIUM users[32m 117[2mms[22m[39m
 [32m✓[39m src/components/features/readings/SpreadSelector.test.tsx[2m > [22mSpreadSelector[2m > [22mPage Layout[2m > [22mshould render the breadcrumb WITHOUT question link for FREE users[32m 55[2mms[22m[39m
 [32m✓[39m src/components/features/auth/LoginForm.test.tsx[2m > [22mLoginForm[2m > [22mForm Validation[2m > [22mshould show error when email is invalid[33m 1136[2mms[22m[39m
 [32m✓[39m src/components/features/auth/RegisterForm.test.tsx[2m > [22mRegisterForm[2m > [22mForm Validation[2m > [22mshould show error when email is empty[33m 529[2mms[22m[39m
 [32m✓[39m src/app/ritual/preguntas/page.test.tsx[2m > [22mQuestionsPage[2m > [22mPage Layout[2m > [22mshould render the breadcrumb with category name[33m 542[2mms[22m[39m
 [32m✓[39m src/components/ui/confirmation-modal.test.tsx[2m > [22mConfirmationModal[2m > [22mRendering[2m > [22mshould render custom cancel button text[33m 307[2mms[22m[39m
 [32m✓[39m src/components/features/readings/ReadingExperience.test.tsx[2m > [22mReadingExperience[2m > [22mCard Selection State[2m > [22mshould display full deck of 78 cards for selection[33m 728[2mms[22m[39m
 [32m✓[39m src/components/features/readings/SpreadSelector.test.tsx[2m > [22mSpreadSelector[2m > [22mPage Layout[2m > [22mshould render the main title[33m 651[2mms[22m[39m
 [32m✓[39m src/components/features/readings/SpreadSelector.test.tsx[2m > [22mSpreadSelector[2m > [22mLoading State[2m > [22mshould show loading skeletons when spreads are loading[32m 40[2mms[22m[39m
 [32m✓[39m src/components/features/readings/SpreadSelector.test.tsx[2m > [22mSpreadSelector[2m > [22mError State[2m > [22mshould show error message when spreads fail to load[32m 33[2mms[22m[39m
 [32m✓[39m src/components/features/profile/AccountTab.test.tsx[2m > [22mAccountTab[2m > [22mProfile Form[2m > [22mshould submit profile form with valid data[33m 1369[2mms[22m[39m
 [32m✓[39m src/app/ritual/preguntas/page.test.tsx[2m > [22mQuestionsPage[2m > [22mPage Layout[2m > [22mshould render the main title[32m 216[2mms[22m[39m
 [32m✓[39m src/app/ritual/preguntas/page.test.tsx[2m > [22mQuestionsPage[2m > [22mPage Layout[2m > [22mshould have font-serif class on heading[32m 83[2mms[22m[39m
 [32m✓[39m src/components/ui/confirmation-modal.test.tsx[2m > [22mConfirmationModal[2m > [22mVariants[2m > [22mshould apply default variant styles by default[32m 217[2mms[22m[39m
 [32m✓[39m src/components/features/readings/SpreadSelector.test.tsx[2m > [22mSpreadSelector[2m > [22mError State[2m > [22mshould show retry button on error[32m 178[2mms[22m[39m
 [32m✓[39m src/components/features/readings/SpreadSelector.test.tsx[2m > [22mSpreadSelector[2m > [22mSpread Cards Display[2m > [22mshould render all spread cards[32m 91[2mms[22m[39m
 [32m✓[39m src/components/features/profile/AccountTab.test.tsx[2m > [22mAccountTab[2m > [22mProfile Form[2m > [22mshould show validation error for empty name[32m 287[2mms[22m[39m
 [32m✓[39m src/components/features/profile/SettingsTab.test.tsx[2m > [22mSettingsTab[2m > [22mRendering[2m > [22mshould render danger zone section[32m 58[2mms[22m[39m
 [32m✓[39m src/app/ritual/preguntas/page.test.tsx[2m > [22mQuestionsPage[2m > [22mMissing categoryId[2m > [22mshould show error when categoryId is missing[32m 93[2mms[22m[39m
 [32m✓[39m src/components/features/auth/LoginForm.test.tsx[2m > [22mLoginForm[2m > [22mForm Validation[2m > [22mshould show error when password is empty[33m 462[2mms[22m[39m
 [32m✓[39m src/components/ui/confirmation-modal.test.tsx[2m > [22mConfirmationModal[2m > [22mVariants[2m > [22mshould apply destructive variant styles when variant is destructive[32m 169[2mms[22m[39m
 [32m✓[39m src/components/features/readings/SpreadSelector.test.tsx[2m > [22mSpreadSelector[2m > [22mSpread Cards Display[2m > [22mshould display card count for each spread[32m 82[2mms[22m[39m
 [32m✓[39m src/components/features/readings/SpreadSelector.test.tsx[2m > [22mSpreadSelector[2m > [22mSpread Cards Display[2m > [22mshould display difficulty badges[32m 67[2mms[22m[39m
 [32m✓[39m src/app/ritual/preguntas/page.test.tsx[2m > [22mQuestionsPage[2m > [22mMissing categoryId[2m > [22mshould show back to categories button when categoryId is missing[32m 134[2mms[22m[39m
 [32m✓[39m src/app/historial/page.test.tsx[2m > [22mHistorialPage[2m > [22mAuthentication[2m > [22mshould show loading spinner when auth is loading[32m 91[2mms[22m[39m
 [32m✓[39m src/components/features/profile/SettingsTab.test.tsx[2m > [22mSettingsTab[2m > [22mRendering[2m > [22mshould render delete account button[33m 627[2mms[22m[39m
 [32m✓[39m src/components/features/profile/SettingsTab.test.tsx[2m > [22mSettingsTab[2m > [22mRendering[2m > [22mshould show warning message in danger zone[32m 39[2mms[22m[39m
 [32m✓[39m src/components/ui/confirmation-modal.test.tsx[2m > [22mConfirmationModal[2m > [22mLoading State[2m > [22mshould show spinner and disable confirm button when loading[32m 188[2mms[22m[39m
 [32m✓[39m src/app/ritual/preguntas/page.test.tsx[2m > [22mQuestionsPage[2m > [22mMissing categoryId[2m > [22mshould navigate to ritual page when clicking back button[32m 122[2mms[22m[39m
 [32m✓[39m src/app/ritual/preguntas/page.test.tsx[2m > [22mQuestionsPage[2m > [22mLoading State[2m > [22mshould show skeleton cards while loading questions[32m 14[2mms[22m[39m
 [32m✓[39m src/components/features/readings/ReadingExperience.test.tsx[2m > [22mReadingExperience[2m > [22mCard Selection State[2m > [22mshould show correct selection count for 3-card spread[33m 702[2mms[22m[39m
 [32m✓[39m src/components/features/marketplace/BookingCalendar.test.tsx[2m > [22mBookingCalendar[2m > [22mshould display available time slots when date is selected[33m 899[2mms[22m[39m
 [32m✓[39m src/components/layout/UserMenu.test.tsx[2m > [22mUserMenu[2m > [22mAuthenticated State[2m > [22mDropdown Menu[2m > [22mshould open dropdown when avatar is clicked[33m 857[2mms[22m[39m
 [32m✓[39m src/components/ui/confirmation-modal.test.tsx[2m > [22mConfirmationModal[2m > [22mLoading State[2m > [22mshould not show spinner when not loading[32m 154[2mms[22m[39m
 [32m✓[39m src/app/ritual/preguntas/page.test.tsx[2m > [22mQuestionsPage[2m > [22mError State[2m > [22mshould show error display when questions fail to load[32m 89[2mms[22m[39m
 [32m✓[39m src/app/ritual/preguntas/page.test.tsx[2m > [22mQuestionsPage[2m > [22mError State[2m > [22mshould show retry button in error state[32m 72[2mms[22m[39m
 [32m✓[39m src/components/features/profile/AccountTab.test.tsx[2m > [22mAccountTab[2m > [22mProfile Form[2m > [22mshould show error message for invalid name[33m 448[2mms[22m[39m
 [32m✓[39m src/components/features/profile/AccountTab.test.tsx[2m > [22mAccountTab[2m > [22mPassword Form[2m > [22mshould render password form fields[32m 40[2mms[22m[39m
 [32m✓[39m src/components/features/readings/SpreadSelector.test.tsx[2m > [22mSpreadSelector[2m > [22mSpread Cards Display[2m > [22mshould display spread descriptions[32m 69[2mms[22m[39m
 [32m✓[39m src/components/features/readings/SpreadSelector.test.tsx[2m > [22mSpreadSelector[2m > [22mSpread Cards Display[2m > [22mshould display estimated reading time[32m 82[2mms[22m[39m
 [32m✓[39m src/components/features/marketplace/BookingCalendar.test.tsx[2m > [22mBookingCalendar[2m > [22mshould disable occupied time slots[33m 1170[2mms[22m[39m
 [32m✓[39m src/app/ritual/preguntas/page.test.tsx[2m > [22mQuestionsPage[2m > [22mError State[2m > [22mshould call refetch when clicking retry button[32m 88[2mms[22m[39m
 [32m✓[39m src/app/ritual/preguntas/page.test.tsx[2m > [22mQuestionsPage[2m > [22mEmpty State[2m > [22mshould show empty state when no questions available[32m 30[2mms[22m[39m
 [32m✓[39m src/app/ritual/preguntas/page.test.tsx[2m > [22mQuestionsPage[2m > [22mPredefined Questions Display[2m > [22mshould display all predefined questions[32m 42[2mms[22m[39m
 [32m✓[39m src/components/ui/confirmation-modal.test.tsx[2m > [22mConfirmationModal[2m > [22mLoading State[2m > [22mshould disable cancel button when loading[32m 151[2mms[22m[39m
 [32m✓[39m src/app/ritual/preguntas/page.test.tsx[2m > [22mQuestionsPage[2m > [22mPredefined Questions Display[2m > [22mshould render each question as a clickable card[32m 29[2mms[22m[39m
 [32m✓[39m src/app/ritual/preguntas/page.test.tsx[2m > [22mQuestionsPage[2m > [22mQuestion Selection[2m > [22mshould mark question as selected when clicked[32m 67[2mms[22m[39m
 [32m✓[39m src/components/features/readings/ReadingsHistory.test.tsx[2m > [22mReadingsHistory[2m > [22mHeader[2m > [22mshould render header title with serif font[33m 756[2mms[22m[39m
 [32m✓[39m src/components/features/profile/SettingsTab.test.tsx[2m > [22mSettingsTab[2m > [22mDelete Account Modal[2m > [22mshould open modal when delete button is clicked[33m 530[2mms[22m[39m
 [32m✓[39m src/app/historial/page.test.tsx[2m > [22mHistorialPage[2m > [22mAuthentication[2m > [22mshould use useRequireAuth hook[32m 208[2mms[22m[39m
 [32m✓[39m src/components/features/readings/SpreadSelector.test.tsx[2m > [22mSpreadSelector[2m > [22mSpread Selection[2m > [22mshould have a select button for each spread[33m 312[2mms[22m[39m
 [32m✓[39m src/components/features/readings/ReadingsHistory.test.tsx[2m > [22mReadingsHistory[2m > [22mHeader[2m > [22mshould render date filter and search input[32m 99[2mms[22m[39m
 [32m✓[39m src/components/features/readings/ReadingsHistory.test.tsx[2m > [22mReadingsHistory[2m > [22mLoading State[2m > [22mshould show skeleton cards while loading[32m 60[2mms[22m[39m
 [32m✓[39m src/components/features/auth/RegisterForm.test.tsx[2m > [22mRegisterForm[2m > [22mForm Validation[2m > [22mshould show error when password is too short[33m 1145[2mms[22m[39m
 [32m✓[39m src/components/ui/confirmation-modal.test.tsx[2m > [22mConfirmationModal[2m > [22mInteractions[2m > [22mshould call onConfirm when confirm button is clicked[32m 190[2mms[22m[39m
 [32m✓[39m src/components/features/auth/LoginForm.test.tsx[2m > [22mLoginForm[2m > [22mForm Submission[2m > [22mshould call login with email and password on valid submission[33m 773[2mms[22m[39m
 [32m✓[39m src/test/metadata/page-metadata.test.ts[2m > [22mPage Metadata Exports[2m > [22mDynamic Pages[2m > [22mshared reading page should export generateMetadata function[33m 1477[2mms[22m[39m
 [32m✓[39m src/app/historial/page.test.tsx[2m > [22mHistorialPage[2m > [22mHeader[2m > [22mshould render header title with serif font[33m 516[2mms[22m[39m
 [32m✓[39m src/app/historial/page.test.tsx[2m > [22mHistorialPage[2m > [22mHeader[2m > [22mshould render date filter dropdown[32m 88[2mms[22m[39m
 [32m✓[39m src/components/features/readings/SpreadSelector.test.tsx[2m > [22mSpreadSelector[2m > [22mSpread Selection[2m > [22mshould navigate to reading page when PREMIUM user selects spread with questionId[32m 230[2mms[22m[39m
 [32m✓[39m src/app/ritual/preguntas/page.test.tsx[2m > [22mQuestionsPage[2m > [22mQuestion Selection[2m > [22mshould show check icon on selected question[32m 40[2mms[22m[39m
 [32m✓[39m src/app/ritual/preguntas/page.test.tsx[2m > [22mQuestionsPage[2m > [22mQuestion Selection[2m > [22mshould deselect previous question when selecting a new one[32m 63[2mms[22m[39m
 [32m✓[39m src/components/features/readings/ReadingExperience.test.tsx[2m > [22mReadingExperience[2m > [22mCard Selection State[2m > [22mshould show correct selection count for 1-card spread[33m 592[2mms[22m[39m
 [32m✓[39m src/components/ui/confirmation-modal.test.tsx[2m > [22mConfirmationModal[2m > [22mInteractions[2m > [22mshould call onOpenChange with false when cancel button is clicked[32m 173[2mms[22m[39m
 [32m✓[39m src/components/features/profile/SettingsTab.test.tsx[2m > [22mSettingsTab[2m > [22mDelete Account Modal[2m > [22mshould show confirmation message in modal[33m 309[2mms[22m[39m
 [32m✓[39m src/components/features/readings/ReadingExperience.useAI.test.tsx[2m > [22mReadingExperience - useAI flag (TASK-006)[2m > [22mPREMIUM user - useAI: true[2m > [22mshould send useAI: true when PREMIUM user creates reading[33m 2793[2mms[22m[39m
 [32m✓[39m src/components/layout/UserMenu.test.tsx[2m > [22mUserMenu[2m > [22mAuthenticated State[2m > [22mDropdown Menu[2m > [22mshould show "Mi Perfil" option in dropdown[33m 668[2mms[22m[39m
 [32m✓[39m src/app/historial/page.test.tsx[2m > [22mHistorialPage[2m > [22mHeader[2m > [22mshould render search input for filtering by question[32m 71[2mms[22m[39m
 [32m✓[39m src/app/historial/page.test.tsx[2m > [22mHistorialPage[2m > [22mLoading State[2m > [22mshould show skeleton cards while loading[32m 40[2mms[22m[39m
 [32m✓[39m src/components/features/readings/ReadingsHistory.test.tsx[2m > [22mReadingsHistory[2m > [22mEmpty State[2m > [22mshould show empty state when no readings exist[32m 48[2mms[22m[39m
 [32m✓[39m src/app/ritual/preguntas/page.test.tsx[2m > [22mQuestionsPage[2m > [22mQuestion Selection[2m > [22mshould enable continue button when question is selected[32m 263[2mms[22m[39m
 [32m✓[39m src/components/features/readings/SpreadSelector.test.tsx[2m > [22mSpreadSelector[2m > [22mSpread Selection[2m > [22mshould navigate with customQuestion when PREMIUM user provides it[32m 207[2mms[22m[39m
 [32m✓[39m src/components/features/readings/ReadingsHistory.test.tsx[2m > [22mReadingsHistory[2m > [22mEmpty State[2m > [22mshould navigate to /ritual when CTA button is clicked[33m 342[2mms[22m[39m
 [32m✓[39m src/components/features/readings/ReadingsHistory.test.tsx[2m > [22mReadingsHistory[2m > [22mReadings List[2m > [22mshould render ReadingCard components for each reading[32m 52[2mms[22m[39m
 [32m✓[39m src/app/ritual/preguntas/page.test.tsx[2m > [22mQuestionsPage[2m > [22mQuestion Selection[2m > [22mshould navigate to tirada page with question data when continue is clicked[32m 200[2mms[22m[39m
 [32m✓[39m src/app/ritual/preguntas/page.test.tsx[2m > [22mQuestionsPage[2m > [22mQuestion Selection[2m > [22mshould support keyboard navigation (Enter key)[32m 50[2mms[22m[39m
 [32m✓[39m src/components/features/profile/SettingsTab.test.tsx[2m > [22mSettingsTab[2m > [22mDelete Account Modal[2m > [22mshould show input for confirmation text[32m 247[2mms[22m[39m
 [32m✓[39m src/app/historial/page.test.tsx[2m > [22mHistorialPage[2m > [22mEmpty State[2m > [22mshould show empty state when no readings exist[32m 60[2mms[22m[39m
 [32m✓[39m src/app/historial/page.test.tsx[2m > [22mHistorialPage[2m > [22mEmpty State[2m > [22mshould show card icon in empty state[32m 68[2mms[22m[39m
 [32m✓[39m src/components/features/readings/SpreadSelector.test.tsx[2m > [22mSpreadSelector[2m > [22mSpread Selection[2m > [22mshould navigate with categoryId, questionId AND spreadId for PREMIUM users[32m 203[2mms[22m[39m
 [32m✓[39m src/components/ui/confirmation-modal.test.tsx[2m > [22mConfirmationModal[2m > [22mInteractions[2m > [22mshould handle async onConfirm and wait for completion[33m 334[2mms[22m[39m
 [32m✓[39m src/app/ritual/preguntas/page.test.tsx[2m > [22mQuestionsPage[2m > [22mQuestion Selection[2m > [22mshould support keyboard navigation (Space key)[32m 58[2mms[22m[39m
 [32m✓[39m src/app/ritual/preguntas/page.test.tsx[2m > [22mQuestionsPage[2m > [22mCustom Question Section - FREE User[2m > [22mshould show separator for custom question section[32m 30[2mms[22m[39m
 [32m✓[39m src/app/historial/page.test.tsx[2m > [22mHistorialPage[2m > [22mEmpty State[2m > [22mshould show CTA button to make first reading[32m 215[2mms[22m[39m
 [32m✓[39m src/components/features/marketplace/BookingCalendar.test.tsx[2m > [22mBookingCalendar[2m > [22mshould render duration selector with radio buttons[32m 141[2mms[22m[39m
 [32m✓[39m src/components/layout/UserMenu.test.tsx[2m > [22mUserMenu[2m > [22mAuthenticated State[2m > [22mDropdown Menu[2m > [22mshould show "Mis Lecturas" option in dropdown[33m 573[2mms[22m[39m
 [32m✓[39m src/components/features/readings/SpreadSelector.test.tsx[2m > [22mSpreadSelector[2m > [22mSpread Selection[2m > [22mshould navigate WITHOUT categoryId or questionId for FREE users even if they exist in props[32m 186[2mms[22m[39m
 [32m✓[39m src/components/features/readings/SpreadSelector.test.tsx[2m > [22mSpreadSelector[2m > [22mDaily Limit Validation[2m > [22mshould show ReadingLimitReached component when FREE user has reached daily limit[32m 6[2mms[22m[39m
 [32m✓[39m src/components/features/readings/SpreadSelector.test.tsx[2m > [22mSpreadSelector[2m > [22mDaily Limit Validation[2m > [22mshould show limit message immediately without requiring user to click spread[32m 5[2mms[22m[39m
 [32m✓[39m src/components/features/readings/ReadingsHistory.test.tsx[2m > [22mReadingsHistory[2m > [22mSearch Filter[2m > [22mshould filter readings locally by search query in question[32m 261[2mms[22m[39m
 [32m✓[39m src/components/features/readings/SpreadSelector.test.tsx[2m > [22mSpreadSelector[2m > [22mDaily Limit Validation[2m > [22mshould allow navigation for premium users regardless of count[32m 222[2mms[22m[39m
 [32m✓[39m src/components/features/readings/SpreadSelector.test.tsx[2m > [22mSpreadSelector[2m > [22mMissing Parameters[2m > [22mPREMIUM User Flow[2m > [22mshould allow PREMIUM user to continue without question (lectura general)[32m 51[2mms[22m[39m
 [32m✓[39m src/components/ui/confirmation-modal.test.tsx[2m > [22mConfirmationModal[2m > [22mInteractions[2m > [22mshould disable both buttons during async operation[33m 331[2mms[22m[39m
 [32m✓[39m src/components/features/auth/LoginForm.test.tsx[2m > [22mLoginForm[2m > [22mForm Submission[2m > [22mshould redirect to home page (/) on successful login[33m 872[2mms[22m[39m
 [32m✓[39m src/app/historial/page.test.tsx[2m > [22mHistorialPage[2m > [22mEmpty State[2m > [22mshould navigate to /ritual when CTA button is clicked[32m 291[2mms[22m[39m
 [32m✓[39m src/app/historial/page.test.tsx[2m > [22mHistorialPage[2m > [22mReadings List[2m > [22mshould render ReadingCard components for each reading[32m 52[2mms[22m[39m
 [32m✓[39m src/app/ritual/preguntas/page.test.tsx[2m > [22mQuestionsPage[2m > [22mCustom Question Section - FREE User[2m > [22mshould show textarea for custom question[32m 114[2mms[22m[39m
 [32m✓[39m src/app/ritual/preguntas/page.test.tsx[2m > [22mQuestionsPage[2m > [22mCustom Question Section - FREE User[2m > [22mshould show character counter[32m 35[2mms[22m[39m
 [32m✓[39m src/components/features/profile/AccountTab.test.tsx[2m > [22mAccountTab[2m > [22mPassword Form[2m > [22mshould submit password form with valid data[33m 1320[2mms[22m[39m
 [32m✓[39m src/components/features/marketplace/BookingCalendar.test.tsx[2m > [22mBookingCalendar[2m > [22mshould display booking summary when all fields are selected[33m 983[2mms[22m[39m
 [32m✓[39m src/components/features/profile/SettingsTab.test.tsx[2m > [22mSettingsTab[2m > [22mDelete Account Modal[2m > [22mshould close modal when cancel is clicked[33m 579[2mms[22m[39m
 [32m✓[39m src/app/historial/page.test.tsx[2m > [22mHistorialPage[2m > [22mReadings List[2m > [22mshould display reading questions[32m 117[2mms[22m[39m
 [32m✓[39m src/app/historial/page.test.tsx[2m > [22mHistorialPage[2m > [22mReadings List[2m > [22mshould show readings in a vertical list layout by default[32m 47[2mms[22m[39m
 [32m✓[39m src/components/ui/confirmation-modal.test.tsx[2m > [22mConfirmationModal[2m > [22mInteractions[2m > [22mshould not close modal if async onConfirm throws error[32m 268[2mms[22m[39m
 [32m✓[39m src/components/features/readings/SpreadSelector.test.tsx[2m > [22mSpreadSelector[2m > [22mMissing Parameters[2m > [22mPREMIUM User Flow[2m > [22mshould allow PREMIUM user without categoryId to continue[32m 52[2mms[22m[39m
 [32m✓[39m src/components/features/readings/SpreadSelector.test.tsx[2m > [22mSpreadSelector[2m > [22mMissing Parameters[2m > [22mFREE User Flow[2m > [22mshould NOT show error when FREE user has no question[32m 39[2mms[22m[39m
 [32m✓[39m src/app/historial/page.test.tsx[2m > [22mHistorialPage[2m > [22mDate Filter[2m > [22mshould have "Más recientes" as default filter[32m 63[2mms[22m[39m
 [32m✓[39m src/app/ritual/preguntas/page.test.tsx[2m > [22mQuestionsPage[2m > [22mCustom Question Section - FREE User[2m > [22mshould update character counter when typing[33m 321[2mms[22m[39m
 [32m✓[39m src/components/features/readings/SpreadSelector.test.tsx[2m > [22mSpreadSelector[2m > [22mMissing Parameters[2m > [22mFREE User Flow[2m > [22mshould show spreads when FREE user has no question or category[32m 183[2mms[22m[39m
 [32m✓[39m src/components/features/readings/ReadingExperience.test.tsx[2m > [22mReadingExperience[2m > [22mCard Selection State[2m > [22mshould mark card as selected when clicked[33m 613[2mms[22m[39m
 [32m✓[39m src/components/layout/UserMenu.test.tsx[2m > [22mUserMenu[2m > [22mAuthenticated State[2m > [22mDropdown Menu[2m > [22mshould link "Mis Lecturas" to /historial route[33m 542[2mms[22m[39m
 [32m✓[39m src/components/ui/confirmation-modal.test.tsx[2m > [22mConfirmationModal[2m > [22mInteractions[2m > [22mshould prevent closing modal during loading via onOpenChange[32m 173[2mms[22m[39m
 [32m✓[39m src/components/ui/confirmation-modal.test.tsx[2m > [22mConfirmationModal[2m > [22mAccessibility[2m > [22mshould have proper dialog role[32m 89[2mms[22m[39m
 [32m✓[39m src/components/ui/confirmation-modal.test.tsx[2m > [22mConfirmationModal[2m > [22mAccessibility[2m > [22mshould have accessible title[32m 177[2mms[22m[39m
 [32m✓[39m src/components/features/auth/RegisterForm.test.tsx[2m > [22mRegisterForm[2m > [22mForm Validation[2m > [22mshould show error when passwords do not match[33m 1430[2mms[22m[39m
 [32m✓[39m src/components/layout/UserMenu.test.tsx[2m > [22mUserMenu[2m > [22mAuthenticated State[2m > [22mDropdown Menu[2m > [22mshould show "Configuración" option in dropdown[33m 549[2mms[22m[39m
 [32m✓[39m src/app/ritual/preguntas/page.test.tsx[2m > [22mQuestionsPage[2m > [22mCustom Question Section - FREE User[2m > [22mshould show premium upgrade message when FREE user tries to use custom question[32m 284[2mms[22m[39m
 [32m✓[39m src/components/features/readings/ReadingsHistory.test.tsx[2m > [22mReadingsHistory[2m > [22mSearch Filter[2m > [22mshould filter readings by spread name[33m 721[2mms[22m[39m
 [32m✓[39m src/components/features/readings/SpreadSelector.test.tsx[2m > [22mSpreadSelector[2m > [22mMissing Parameters[2m > [22mFREE User Flow[2m > [22mshould navigate to reading WITHOUT categoryId or questionId for FREE users[32m 186[2mms[22m[39m
 [32m✓[39m src/components/features/readings/SpreadSelector.test.tsx[2m > [22mSpreadSelector[2m > [22mAccessibility[2m > [22mshould have accessible spread cards with proper labels[32m 50[2mms[22m[39m
 [32m✓[39m src/app/ritual/preguntas/page.test.tsx[2m > [22mQuestionsPage[2m > [22mCustom Question Section - FREE User[2m > [22mshould have disabled "use my question" button for FREE user[32m 165[2mms[22m[39m
 [32m✓[39m src/app/ritual/preguntas/page.test.tsx[2m > [22mQuestionsPage[2m > [22mCustom Question Section - FREE User[2m > [22mshould show premium badge on custom question section[32m 38[2mms[22m[39m
 [32m✓[39m src/components/features/auth/LoginForm.test.tsx[2m > [22mLoginForm[2m > [22mForm Submission[2m > [22mshould not call toast.error on login failure (authStore handles it)[33m 734[2mms[22m[39m
 [32m✓[39m src/components/features/profile/AccountTab.test.tsx[2m > [22mAccountTab[2m > [22mPassword Form[2m > [22mshould show validation error for empty current password[33m 656[2mms[22m[39m
 [32m✓[39m src/app/ritual/preguntas/page.test.tsx[2m > [22mQuestionsPage[2m > [22mCustom Question Section - PREMIUM User[2m > [22mshould enable custom question textarea for PREMIUM user[32m 135[2mms[22m[39m
 [32m✓[39m src/components/features/readings/SpreadSelector.test.tsx[2m > [22mSpreadSelector[2m > [22mAccessibility[2m > [22mshould be keyboard navigable[33m 363[2mms[22m[39m
 [32m✓[39m src/components/features/readings/SpreadSelector.test.tsx[2m > [22mSpreadSelector[2m > [22mResponsive Grid[2m > [22mshould render spreads in a grid container[32m 50[2mms[22m[39m
 [32m✓[39m src/components/features/profile/SettingsTab.test.tsx[2m > [22mSettingsTab[2m > [22mDelete Account Form Validation[2m > [22mshould show validation error for empty confirmation text[33m 678[2mms[22m[39m
 [32m✓[39m src/app/ritual/preguntas/page.test.tsx[2m > [22mQuestionsPage[2m > [22mCustom Question Section - PREMIUM User[2m > [22mshould enable "use my question" button when custom question has text[32m 144[2mms[22m[39m
 [32m✓[39m src/components/features/readings/ReadingExperience.useAI.test.tsx[2m > [22mReadingExperience - useAI flag (TASK-006)[2m > [22mPREMIUM user - useAI: true[2m > [22mshould display "Recibirás interpretación personalizada" for PREMIUM user[33m 630[2mms[22m[39m
 [32m✓[39m src/app/ritual/preguntas/page.test.tsx[2m > [22mQuestionsPage[2m > [22mCustom Question Section - PREMIUM User[2m > [22mshould disable "use my question" button when custom question is empty[32m 114[2mms[22m[39m
 [32m✓[39m src/components/features/readings/ReadingExperience.test.tsx[2m > [22mReadingExperience[2m > [22mCard Selection State[2m > [22mshould not allow selecting more cards than required[33m 1120[2mms[22m[39m
 [32m✓[39m src/components/features/marketplace/BookingCalendar.test.tsx[2m > [22mBookingCalendar[2m > [22mshould disable confirm button when not all fields are selected[32m 300[2mms[22m[39m
 [32m✓[39m src/app/historial/page.test.tsx[2m > [22mHistorialPage[2m > [22mDate Filter[2m > [22mshould show filter options when clicked[33m 927[2mms[22m[39m
 [32m✓[39m src/app/ritual/preguntas/page.test.tsx[2m > [22mQuestionsPage[2m > [22mCustom Question Section - PREMIUM User[2m > [22mshould navigate to tirada page with custom question when "use my question" is clicked[32m 161[2mms[22m[39m
 [32m✓[39m src/app/ritual/preguntas/page.test.tsx[2m > [22mQuestionsPage[2m > [22mCustom Question Section - PREMIUM User[2m > [22mshould clear predefined selection when typing custom question[32m 101[2mms[22m[39m
 [32m✓[39m src/app/ritual/preguntas/page.test.tsx[2m > [22mQuestionsPage[2m > [22mCustom Question Section - PREMIUM User[2m > [22mshould not exceed max character limit[32m 78[2mms[22m[39m
 [32m✓[39m src/components/features/auth/LoginForm.test.tsx[2m > [22mLoginForm[2m > [22mForm Submission[2m > [22mshould display inline error message when login fails[33m 646[2mms[22m[39m
 [32m✓[39m src/components/layout/UserMenu.test.tsx[2m > [22mUserMenu[2m > [22mAuthenticated State[2m > [22mDropdown Menu[2m > [22mshould show "Cerrar Sesión" option in dropdown[33m 509[2mms[22m[39m
 [32m✓[39m src/components/features/readings/ReadingsHistory.test.tsx[2m > [22mReadingsHistory[2m > [22mSearch Filter[2m > [22mshould show no results message when search has no matches[33m 863[2mms[22m[39m
 [32m✓[39m src/components/features/readings/ReadingsHistory.test.tsx[2m > [22mReadingsHistory[2m > [22mPagination[2m > [22mshould show pagination controls when there are multiple pages[32m 59[2mms[22m[39m
 [32m✓[39m src/components/features/readings/ReadingExperience.useAI.test.tsx[2m > [22mReadingExperience - useAI flag (TASK-006)[2m > [22mFREE user - useAI: false[2m > [22mshould send useAI: false when FREE user creates reading[33m 1676[2mms[22m[39m
 [32m✓[39m src/app/ritual/preguntas/page.test.tsx[2m > [22mQuestionsPage[2m > [22mAccessibility[2m > [22mshould have proper ARIA labels on question cards[32m 25[2mms[22m[39m
 [32m✓[39m src/app/ritual/preguntas/page.test.tsx[2m > [22mQuestionsPage[2m > [22mAccessibility[2m > [22mshould have role="button" on question cards[32m 31[2mms[22m[39m
 [32m✓[39m src/app/ritual/preguntas/page.test.tsx[2m > [22mQuestionsPage[2m > [22mAccessibility[2m > [22mshould have tabIndex on question cards[32m 23[2mms[22m[39m
 [32m✓[39m src/app/ritual/preguntas/page.test.tsx[2m > [22mQuestionsPage[2m > [22mAccessibility[2m > [22mshould have proper label for textarea[32m 30[2mms[22m[39m
 [32m✓[39m src/app/ritual/preguntas/page.test.tsx[2m > [22mQuestionsPage[2m > [22mNavigation[2m > [22mshould have back link to ritual page in breadcrumb[32m 72[2mms[22m[39m
 [32m✓[39m src/components/features/profile/AccountTab.test.tsx[2m > [22mAccountTab[2m > [22mPassword Form[2m > [22mshould show validation error for weak new password[33m 773[2mms[22m[39m
 [32m✓[39m src/app/historial/page.test.tsx[2m > [22mHistorialPage[2m > [22mSearch Filter[2m > [22mshould filter readings locally by search query[33m 345[2mms[22m[39m
 [32m✓[39m src/components/features/profile/SettingsTab.test.tsx[2m > [22mSettingsTab[2m > [22mDelete Account Form Validation[2m > [22mshould show validation error for incorrect confirmation text[33m 701[2mms[22m[39m
 [32m✓[39m src/components/features/marketplace/BookingCalendar.test.tsx[2m > [22mBookingCalendar[2m > [22mshould call onBook when confirm button is clicked with all fields[33m 1063[2mms[22m[39m
 [32m✓[39m src/components/features/auth/RegisterForm.test.tsx[2m > [22mRegisterForm[2m > [22mForm Submission[2m > [22mshould call register with form data on valid submission[33m 1245[2mms[22m[39m
 [32m✓[39m src/components/layout/UserMenu.test.tsx[2m > [22mUserMenu[2m > [22mAuthenticated State[2m > [22mDropdown Menu[2m > [22mshould have a separator before "Cerrar Sesión"[33m 401[2mms[22m[39m
 [32m✓[39m src/components/features/readings/ReadingExperience.upgrade.test.tsx[2m > [22mReadingExperience - Upgrade Banner for FREE users[2m > [22mshould show upgrade banner for FREE users in result state[33m 3153[2mms[22m[39m
 [32m✓[39m src/components/layout/UserMenu.test.tsx[2m > [22mUserMenu[2m > [22mAuthenticated State[2m > [22mDropdown Menu[2m > [22mshould call logout when "Cerrar Sesión" is clicked[33m 647[2mms[22m[39m
 [32m✓[39m src/components/layout/UserMenu.test.tsx[2m > [22mUserMenu[2m > [22mAvatar Initial[2m > [22mshould show first letter of name in uppercase[32m 15[2mms[22m[39m
 [32m✓[39m src/components/layout/UserMenu.test.tsx[2m > [22mUserMenu[2m > [22mAvatar Initial[2m > [22mshould show "?" when user has no name[32m 14[2mms[22m[39m
 [32m✓[39m src/components/features/readings/ReadingsHistory.test.tsx[2m > [22mReadingsHistory[2m > [22mSpread Filter[2m > [22mshould show spread filter dropdown[32m 85[2mms[22m[39m
 [32m✓[39m src/app/historial/page.test.tsx[2m > [22mHistorialPage[2m > [22mSearch Filter[2m > [22mshould show empty results when search matches nothing[33m 607[2mms[22m[39m
 [32m✓[39m src/components/features/readings/ReadingExperience.upgrade.test.tsx[2m > [22mReadingExperience - Upgrade Banner for FREE users[2m > [22mshould open upgrade modal when clicking banner button[33m 1841[2mms[22m[39m
 [32m✓[39m src/components/features/profile/SettingsTab.test.tsx[2m > [22mSettingsTab[2m > [22mDelete Account Form Validation[2m > [22mshould call deleteAccount with correct text[33m 831[2mms[22m[39m
 [32m✓[39m src/components/features/marketplace/BookingCalendar.test.tsx[2m > [22mBookingCalendar[2m > [22mshould highlight selected date with secondary color[33m 543[2mms[22m[39m
 [32m✓[39m src/components/features/readings/ReadingsHistory.test.tsx[2m > [22mReadingsHistory[2m > [22mSpread Filter[2m > [22mshould filter readings by spread type[33m 874[2mms[22m[39m
 [32m✓[39m src/components/features/readings/ReadingsHistory.test.tsx[2m > [22mReadingsHistory[2m > [22mSpread Filter[2m > [22mshould show "Todas las tiradas" by default[32m 74[2mms[22m[39m
 [32m✓[39m src/components/features/auth/LoginForm.test.tsx[2m > [22mLoginForm[2m > [22mForm Submission[2m > [22mshould clear inline error message on new submission attempt[33m 1119[2mms[22m[39m
 [32m✓[39m src/components/features/readings/ReadingExperience.test.tsx[2m > [22mReadingExperience[2m > [22mCard Selection State[2m > [22mshould toggle card selection when clicking same card[33m 741[2mms[22m[39m
 [32m✓[39m src/components/features/profile/AccountTab.test.tsx[2m > [22mAccountTab[2m > [22mPassword Form[2m > [22mshould show validation error when passwords do not match[33m 1300[2mms[22m[39m
 [32m✓[39m src/components/features/profile/AccountTab.test.tsx[2m > [22mAccountTab[2m > [22mAccessibility[2m > [22mshould have proper labels for all inputs[32m 52[2mms[22m[39m
 [32m✓[39m src/components/features/auth/RegisterForm.test.tsx[2m > [22mRegisterForm[2m > [22mForm Submission[2m > [22mshould show success toast on successful registration[33m 1188[2mms[22m[39m
 [32m✓[39m src/components/features/marketplace/BookingCalendar.test.tsx[2m > [22mBookingCalendar[2m > [22mshould highlight selected time slot with primary color[33m 755[2mms[22m[39m
 [32m✓[39m src/components/features/marketplace/BookingCalendar.test.tsx[2m > [22mBookingCalendar[2m > [22mshould show message when no slots are available for selected date[33m 473[2mms[22m[39m
 [32m✓[39m src/components/features/readings/ReadingExperience.useAI.test.tsx[2m > [22mReadingExperience - useAI flag (TASK-006)[2m > [22mFREE user - useAI: false[2m > [22mshould display "Verás las cartas y sus significados" for FREE user[33m 471[2mms[22m[39m
 [32m✓[39m src/app/historial/page.test.tsx[2m > [22mHistorialPage[2m > [22mSearch Filter[2m > [22mshould clear search and show all readings[33m 400[2mms[22m[39m
 [32m✓[39m src/components/features/profile/AccountTab.test.tsx[2m > [22mAccountTab[2m > [22mAccessibility[2m > [22mshould set aria-invalid on inputs with errors[32m 198[2mms[22m[39m
 [32m✓[39m src/components/features/profile/AccountTab.test.tsx[2m > [22mAccountTab[2m > [22mAccessibility - Password Form[2m > [22mshould have proper autocomplete attributes on password fields[32m 33[2mms[22m[39m
 [32m✓[39m src/components/features/auth/LoginForm.test.tsx[2m > [22mLoginForm[2m > [22mForm Submission[2m > [22mshould keep form fields populated after login failure[33m 693[2mms[22m[39m
 [32m✓[39m src/components/features/profile/SettingsTab.test.tsx[2m > [22mSettingsTab[2m > [22mDelete Account Form Validation[2m > [22mshould be case-sensitive for confirmation text[33m 854[2mms[22m[39m
 [32m✓[39m src/components/features/profile/SettingsTab.test.tsx[2m > [22mSettingsTab[2m > [22mAccessibility[2m > [22mshould have proper label for confirmation input[32m 275[2mms[22m[39m
 [32m✓[39m src/components/features/readings/ReadingsHistory.test.tsx[2m > [22mReadingsHistory[2m > [22mSpread Filter[2m > [22mshould show no results message when spread filter has no matches[33m 686[2mms[22m[39m
 [32m✓[39m src/app/historial/page.test.tsx[2m > [22mHistorialPage[2m > [22mDate Filter Behavior[2m > [22mshould filter readings by "Esta semana" and show message if none match[33m 828[2mms[22m[39m
 [32m✓[39m src/components/features/profile/SettingsTab.test.tsx[2m > [22mSettingsTab[2m > [22mAccessibility[2m > [22mshould set aria-invalid on input with error[33m 494[2mms[22m[39m
 [32m✓[39m src/components/features/auth/LoginForm.test.tsx[2m > [22mLoginForm[2m > [22mForm Submission[2m > [22mshould have aria-live attribute for accessibility[33m 770[2mms[22m[39m
 [32m✓[39m src/components/features/readings/ReadingExperience.test.tsx[2m > [22mReadingExperience[2m > [22mCard Selection State[2m > [22mshould disable reveal button until all cards are selected[33m 1389[2mms[22m[39m
 [32m✓[39m src/components/features/readings/ReadingsHistory.test.tsx[2m > [22mReadingsHistory[2m > [22mSpread Filter[2m > [22mshould filter by spread and search query simultaneously[33m 888[2mms[22m[39m
 [32m✓[39m src/components/features/readings/ReadingsHistory.test.tsx[2m > [22mReadingsHistory[2m > [22mView Toggle[2m > [22mshould show view toggle button[32m 67[2mms[22m[39m
 [32m✓[39m src/components/features/auth/RegisterForm.test.tsx[2m > [22mRegisterForm[2m > [22mForm Submission[2m > [22mshould auto-login and redirect to /perfil on successful registration[33m 1248[2mms[22m[39m
 [32m✓[39m src/components/features/readings/ReadingsHistory.test.tsx[2m > [22mReadingsHistory[2m > [22mView Toggle[2m > [22mshould toggle between list and grid view[32m 146[2mms[22m[39m
 [32m✓[39m src/components/features/readings/ReadingExperience.useAI.test.tsx[2m > [22mReadingExperience - useAI flag (TASK-006)[2m > [22mUI Messages by Plan[2m > [22mshould show upgrade banner after reveal for FREE user[33m 1504[2mms[22m[39m
 [32m✓[39m src/components/features/readings/ReadingExperience.useAI.test.tsx[2m > [22mReadingExperience - useAI flag (TASK-006)[2m > [22mUI Messages by Plan[2m > [22mshould NOT show upgrade banner for PREMIUM user[33m 1380[2mms[22m[39m
 [32m✓[39m src/components/features/readings/ReadingsHistory.test.tsx[2m > [22mReadingsHistory[2m > [22mView Toggle[2m > [22mshould show grid icon in list view and list icon in grid view[32m 132[2mms[22m[39m
 [32m✓[39m src/components/features/readings/ReadingsHistory.test.tsx[2m > [22mReadingsHistory[2m > [22mError State[2m > [22mshould show error message when fetch fails[32m 32[2mms[22m[39m
 [32m✓[39m src/components/features/readings/ReadingsHistory.test.tsx[2m > [22mReadingsHistory[2m > [22mError State[2m > [22mshould call refetch when retry button is clicked[32m 153[2mms[22m[39m
 [32m✓[39m src/app/historial/page.test.tsx[2m > [22mHistorialPage[2m > [22mDate Filter Behavior[2m > [22mshould filter readings by "Este mes" and show message if none match[33m 860[2mms[22m[39m
 [32m✓[39m src/components/features/readings/ReadingExperience.test.tsx[2m > [22mReadingExperience[2m > [22mCard Selection State[2m > [22mshould enable reveal button when all cards are selected[33m 1418[2mms[22m[39m
 [32m✓[39m src/components/features/auth/LoginForm.test.tsx[2m > [22mLoginForm[2m > [22mLoading State[2m > [22mshould disable submit button while submitting[33m 778[2mms[22m[39m
 [32m✓[39m src/app/historial/page.test.tsx[2m > [22mHistorialPage[2m > [22mDate Filter Behavior[2m > [22mshould include readings from start of week (inclusive filtering)[33m 651[2mms[22m[39m
 [32m✓[39m src/components/features/auth/LoginForm.test.tsx[2m > [22mLoginForm[2m > [22mLoading State[2m > [22mshould show spinner while submitting[33m 573[2mms[22m[39m
 [32m✓[39m src/components/features/auth/RegisterForm.test.tsx[2m > [22mRegisterForm[2m > [22mForm Submission[2m > [22mshould show error toast on registration failure[33m 1149[2mms[22m[39m
 [32m✓[39m src/app/historial/page.test.tsx[2m > [22mHistorialPage[2m > [22mDate Filter Behavior[2m > [22mshould sort readings by oldest first when "Más antiguas" is selected[33m 974[2mms[22m[39m
 [32m✓[39m src/components/features/auth/LoginForm.test.tsx[2m > [22mLoginForm[2m > [22mLoading State[2m > [22mshould disable inputs while submitting[33m 797[2mms[22m[39m
 [32m✓[39m src/components/features/auth/LoginForm.test.tsx[2m > [22mLoginForm[2m > [22mAccessibility[2m > [22mshould have proper form labels[32m 19[2mms[22m[39m
 [32m✓[39m src/components/features/auth/LoginForm.test.tsx[2m > [22mLoginForm[2m > [22mAccessibility[2m > [22mshould have proper autocomplete attributes[32m 19[2mms[22m[39m
 [32m✓[39m src/app/historial/page.test.tsx[2m > [22mHistorialPage[2m > [22mPagination[2m > [22mshould show pagination controls when there are multiple pages[32m 99[2mms[22m[39m
 [32m✓[39m src/components/features/readings/ReadingExperience.test.tsx[2m > [22mReadingExperience[2m > [22mCard Selection State[2m > [22mshould show selection progress indicator[33m 611[2mms[22m[39m
 [32m✓[39m src/app/historial/page.test.tsx[2m > [22mHistorialPage[2m > [22mPagination[2m > [22mshould disable Previous button on first page[32m 223[2mms[22m[39m
 [32m✓[39m src/app/historial/page.test.tsx[2m > [22mHistorialPage[2m > [22mPagination[2m > [22mshould enable Next button when there are more pages[32m 163[2mms[22m[39m
 [32m✓[39m src/app/historial/page.test.tsx[2m > [22mHistorialPage[2m > [22mPagination[2m > [22mshould change page when Next is clicked[32m 251[2mms[22m[39m
 [32m✓[39m src/components/features/auth/RegisterForm.test.tsx[2m > [22mRegisterForm[2m > [22mForm Submission[2m > [22mshould handle auto-login failure after successful registration[33m 1309[2mms[22m[39m
 [32m✓[39m src/app/historial/page.test.tsx[2m > [22mHistorialPage[2m > [22mPagination[2m > [22mshould disable Next button on last page[32m 40[2mms[22m[39m
 [32m✓[39m src/app/historial/page.test.tsx[2m > [22mHistorialPage[2m > [22mPagination[2m > [22mshould disable Next button when on actual last page[33m 332[2mms[22m[39m
 [32m✓[39m src/app/historial/page.test.tsx[2m > [22mHistorialPage[2m > [22mPagination[2m > [22mshould not show pagination when there is only one page[32m 42[2mms[22m[39m
 [32m✓[39m src/app/historial/page.test.tsx[2m > [22mHistorialPage[2m > [22mActions[2m > [22mshould navigate to reading detail when View is clicked[32m 264[2mms[22m[39m
 [32m✓[39m src/app/historial/page.test.tsx[2m > [22mHistorialPage[2m > [22mError State[2m > [22mshould show error message when fetch fails[32m 40[2mms[22m[39m
 [32m✓[39m src/app/historial/page.test.tsx[2m > [22mHistorialPage[2m > [22mError State[2m > [22mshould show retry button when error occurs[32m 131[2mms[22m[39m
 [32m✓[39m src/app/historial/page.test.tsx[2m > [22mHistorialPage[2m > [22mError State[2m > [22mshould call refetch when retry button is clicked[32m 172[2mms[22m[39m
 [32m✓[39m src/app/historial/page.test.tsx[2m > [22mHistorialPage[2m > [22mResponsive Design[2m > [22mshould have proper mobile-friendly layout[32m 51[2mms[22m[39m
 [32m✓[39m src/components/features/readings/ReadingExperience.test.tsx[2m > [22mReadingExperience[2m > [22mLoading State (AI Processing)[2m > [22mshould show loading state after clicking reveal[33m 1597[2mms[22m[39m
 [32m✓[39m src/components/features/auth/RegisterForm.test.tsx[2m > [22mRegisterForm[2m > [22mForm Submission[2m > [22mshould not show component error toast on registration failure (handled by store)[33m 1353[2mms[22m[39m
 [32m✓[39m src/components/features/readings/ReadingExperience.test.tsx[2m > [22mReadingExperience[2m > [22mLoading State (AI Processing)[2m > [22mshould show cosmic messages during loading[33m 1452[2mms[22m[39m
 [32m✓[39m src/components/features/auth/RegisterForm.test.tsx[2m > [22mRegisterForm[2m > [22mLoading State[2m > [22mshould disable inputs when submitting[33m 1464[2mms[22m[39m
 [32m✓[39m src/components/features/readings/ReadingExperience.test.tsx[2m > [22mReadingExperience[2m > [22mLoading State (AI Processing)[2m > [22mshould hide card grid during loading[33m 1494[2mms[22m[39m
 [32m✓[39m src/components/features/auth/RegisterForm.test.tsx[2m > [22mRegisterForm[2m > [22mLoading State[2m > [22mshould show loading text on button when submitting[33m 1314[2mms[22m[39m
 [32m✓[39m src/components/features/readings/ReadingExperience.test.tsx[2m > [22mReadingExperience[2m > [22mResult State[2m > [22mshould show result state after API call succeeds[33m 1470[2mms[22m[39m
 [32m✓[39m src/components/features/auth/RegisterForm.test.tsx[2m > [22mRegisterForm[2m > [22mOnboarding Modal[2m > [22mshould show welcome modal when isNewUser is true[33m 1562[2mms[22m[39m
 [32m✓[39m src/app/admin/layout.test.tsx[2m > [22mAdminLayout[2m > [22mAuthorization Guard[2m > [22mshould redirect to /perfil if user is not admin[32m 38[2mms[22m[39m
 [32m✓[39m src/app/admin/layout.test.tsx[2m > [22mAdminLayout[2m > [22mAuthorization Guard[2m > [22mshould NOT redirect if user has admin role[32m 120[2mms[22m[39m
 [32m✓[39m src/app/admin/layout.test.tsx[2m > [22mAdminLayout[2m > [22mAuthorization Guard[2m > [22mshould redirect if user is not authenticated[32m 4[2mms[22m[39m
 [32m✓[39m src/app/admin/layout.test.tsx[2m > [22mAdminLayout[2m > [22mSidebar Navigation[2m > [22mshould render sidebar with logo[32m 49[2mms[22m[39m
 [32m✓[39m src/components/features/readings/ReadingExperience.test.tsx[2m > [22mReadingExperience[2m > [22mResult State[2m > [22mshould display cards from API response[33m 1330[2mms[22m[39m
 [32m✓[39m src/app/admin/layout.test.tsx[2m > [22mAdminLayout[2m > [22mSidebar Navigation[2m > [22mshould render all navigation items[32m 78[2mms[22m[39m
 [32m✓[39m src/components/features/auth/RegisterForm.test.tsx[2m > [22mRegisterForm[2m > [22mOnboarding Modal[2m > [22mshould not show welcome modal when isNewUser is false[33m 1356[2mms[22m[39m
 [32m✓[39m src/app/admin/layout.test.tsx[2m > [22mAdminLayout[2m > [22mSidebar Navigation[2m > [22mshould render navigation icons[33m 597[2mms[22m[39m
 [32m✓[39m src/app/admin/layout.test.tsx[2m > [22mAdminLayout[2m > [22mSidebar Navigation[2m > [22mshould highlight active link[33m 324[2mms[22m[39m
 [32m✓[39m src/app/admin/layout.test.tsx[2m > [22mAdminLayout[2m > [22mSidebar Navigation[2m > [22mshould render section headers[32m 47[2mms[22m[39m
 [32m✓[39m src/app/admin/layout.test.tsx[2m > [22mAdminLayout[2m > [22mSidebar Navigation[2m > [22mshould render navigation items in correct order within sections[32m 38[2mms[22m[39m
 [32m✓[39m src/app/admin/layout.test.tsx[2m > [22mAdminLayout[2m > [22mResponsive Behavior[2m > [22mshould render hamburger menu button for mobile[32m 72[2mms[22m[39m
 [32m✓[39m src/app/admin/layout.test.tsx[2m > [22mAdminLayout[2m > [22mResponsive Behavior[2m > [22mshould toggle mobile menu on button click[33m 360[2mms[22m[39m
 [32m✓[39m src/components/features/readings/ReadingExperience.test.tsx[2m > [22mReadingExperience[2m > [22mResult State[2m > [22mshould render interpretation as markdown[33m 1362[2mms[22m[39m
 [32m✓[39m src/app/admin/layout.test.tsx[2m > [22mAdminLayout[2m > [22mResponsive Behavior[2m > [22mshould close drawer when clicking backdrop[33m 332[2mms[22m[39m
 [32m✓[39m src/app/admin/layout.test.tsx[2m > [22mAdminLayout[2m > [22mResponsive Behavior[2m > [22mshould close drawer when pressing Escape key[33m 302[2mms[22m[39m
 [32m✓[39m src/app/admin/layout.test.tsx[2m > [22mAdminLayout[2m > [22mResponsive Behavior[2m > [22mshould have responsive sidebar classes[32m 33[2mms[22m[39m
 [32m✓[39m src/app/admin/layout.test.tsx[2m > [22mAdminLayout[2m > [22mLayout Structure[2m > [22mshould render children in main content area[32m 40[2mms[22m[39m
 [32m✓[39m src/app/admin/layout.test.tsx[2m > [22mAdminLayout[2m > [22mLayout Structure[2m > [22mshould have proper background for main area[32m 34[2mms[22m[39m
 [32m✓[39m src/app/admin/layout.test.tsx[2m > [22mAdminLayout[2m > [22mLayout Structure[2m > [22mshould have sidebar on the left and content on the right[32m 32[2mms[22m[39m
 [32m✓[39m src/components/features/auth/RegisterForm.test.tsx[2m > [22mRegisterForm[2m > [22mOnboarding Modal[2m > [22mshould redirect to home after closing welcome modal[33m 1610[2mms[22m[39m
 [32m✓[39m src/components/features/auth/RegisterForm.test.tsx[2m > [22mRegisterForm[2m > [22mAccessibility[2m > [22mshould have aria-invalid on inputs with errors[32m 176[2mms[22m[39m
 [32m✓[39m src/components/features/auth/RegisterForm.test.tsx[2m > [22mRegisterForm[2m > [22mAccessibility[2m > [22mshould have proper autocomplete attributes[32m 71[2mms[22m[39m
 [32m✓[39m src/components/features/marketplace/SessionsList.test.tsx[2m > [22mSessionsList[2m > [22mTabs Rendering[2m > [22mshould render all tab triggers[33m 733[2mms[22m[39m
 [32m✓[39m src/components/features/marketplace/SessionsList.test.tsx[2m > [22mSessionsList[2m > [22mTabs Rendering[2m > [22mshould switch between tabs when clicked[33m 387[2mms[22m[39m
 [32m✓[39m src/components/features/marketplace/SessionsList.test.tsx[2m > [22mSessionsList[2m > [22mData Fetching[2m > [22mshould show loading state initially[32m 33[2mms[22m[39m
 [32m✓[39m src/components/features/marketplace/SessionsList.test.tsx[2m > [22mSessionsList[2m > [22mData Fetching[2m > [22mshould fetch all sessions by default (Próximas tab)[32m 61[2mms[22m[39m
 [32m✓[39m src/components/features/marketplace/SessionsList.test.tsx[2m > [22mSessionsList[2m > [22mSession List Rendering[2m > [22mshould render sessions in date order (upcoming first)[32m 78[2mms[22m[39m
 [32m✓[39m src/components/features/readings/ReadingExperience.test.tsx[2m > [22mReadingExperience[2m > [22mResult State[2m > [22mshould show action buttons in result state[33m 1422[2mms[22m[39m
 [32m✓[39m src/components/features/marketplace/SessionsList.test.tsx[2m > [22mSessionsList[2m > [22mSession List Rendering[2m > [22mshould pass correct props to SessionCard[32m 59[2mms[22m[39m
 [32m✓[39m src/components/features/marketplace/SessionsList.test.tsx[2m > [22mSessionsList[2m > [22mFiltering by Tab[2m > [22mshould filter pending and confirmed sessions in "Próximas" tab[32m 49[2mms[22m[39m
 [32m✓[39m src/components/features/marketplace/SessionsList.test.tsx[2m > [22mSessionsList[2m > [22mFiltering by Tab[2m > [22mshould filter completed sessions in "Completadas" tab[32m 224[2mms[22m[39m
 [32m✓[39m src/components/features/marketplace/SessionsList.test.tsx[2m > [22mSessionsList[2m > [22mFiltering by Tab[2m > [22mshould filter cancelled sessions in "Canceladas" tab[32m 202[2mms[22m[39m
 [32m✓[39m src/components/features/marketplace/SessionsList.test.tsx[2m > [22mSessionsList[2m > [22mFiltering by Tab[2m > [22mshould show all sessions in "Todas" tab[32m 196[2mms[22m[39m
 [32m✓[39m src/components/features/marketplace/SessionsList.test.tsx[2m > [22mSessionsList[2m > [22mEmpty States[2m > [22mshould show empty state for "Próximas" tab when no upcoming sessions[32m 41[2mms[22m[39m
 [32m✓[39m src/components/features/auth/ForgotPasswordForm.test.tsx[2m > [22mForgotPasswordForm[2m > [22mRendering[2m > [22mshould render the form title[32m 163[2mms[22m[39m
 [32m✓[39m src/components/features/auth/ForgotPasswordForm.test.tsx[2m > [22mForgotPasswordForm[2m > [22mRendering[2m > [22mshould render the description[32m 26[2mms[22m[39m
 [32m✓[39m src/components/features/auth/ForgotPasswordForm.test.tsx[2m > [22mForgotPasswordForm[2m > [22mRendering[2m > [22mshould render email input field[32m 45[2mms[22m[39m
 [32m✓[39m src/app/explorar/page.test.tsx[2m > [22mExplorarPage[2m > [22mHeader Section[2m > [22mshould display main title "Nuestros Guías Espirituales"[32m 227[2mms[22m[39m
 [32m✓[39m src/components/features/marketplace/SessionsList.test.tsx[2m > [22mSessionsList[2m > [22mEmpty States[2m > [22mshould show empty state for "Completadas" tab[32m 182[2mms[22m[39m
 [32m✓[39m src/app/explorar/page.test.tsx[2m > [22mExplorarPage[2m > [22mHeader Section[2m > [22mshould display subtitle "Encuentra al mentor ideal para tu camino"[32m 94[2mms[22m[39m
 [32m✓[39m src/app/explorar/page.test.tsx[2m > [22mExplorarPage[2m > [22mHeader Section[2m > [22mshould use font-serif for main title[32m 85[2mms[22m[39m
 [32m✓[39m src/components/features/auth/ForgotPasswordForm.test.tsx[2m > [22mForgotPasswordForm[2m > [22mRendering[2m > [22mshould render submit button[33m 437[2mms[22m[39m
 [32m✓[39m src/components/features/auth/ForgotPasswordForm.test.tsx[2m > [22mForgotPasswordForm[2m > [22mRendering[2m > [22mshould render login link in footer[32m 21[2mms[22m[39m
 [32m✓[39m src/components/features/marketplace/SessionsList.test.tsx[2m > [22mSessionsList[2m > [22mEmpty States[2m > [22mshould show empty state for "Canceladas" tab[32m 253[2mms[22m[39m
 [32m✓[39m src/components/features/marketplace/SessionsList.test.tsx[2m > [22mSessionsList[2m > [22mActions[2m > [22mshould call onJoin with meet link when join button clicked[32m 161[2mms[22m[39m
 [32m✓[39m src/components/features/auth/ForgotPasswordForm.test.tsx[2m > [22mForgotPasswordForm[2m > [22mForm Validation[2m > [22mshould show error when email is empty[33m 341[2mms[22m[39m
 [32m✓[39m src/components/features/readings/ReadingExperience.test.tsx[2m > [22mReadingExperience[2m > [22mResult State[2m > [22mshould show regenerate button for premium users[33m 1579[2mms[22m[39m
 [32m✓[39m src/components/features/auth/ForgotPasswordForm.test.tsx[2m > [22mForgotPasswordForm[2m > [22mForm Validation[2m > [22mshould show error when email is invalid[33m 306[2mms[22m[39m
 [32m✓[39m src/components/features/marketplace/SessionsList.test.tsx[2m > [22mSessionsList[2m > [22mActions[2m > [22mshould call cancel mutation when cancel button clicked[33m 514[2mms[22m[39m
 [32m✓[39m src/components/features/marketplace/SessionsList.test.tsx[2m > [22mSessionsList[2m > [22mError Handling[2m > [22mshould display error message when fetch fails[32m 10[2mms[22m[39m
 [32m✓[39m src/app/explorar/page.test.tsx[2m > [22mExplorarPage[2m > [22mFilters Section[2m > [22mshould display search input with placeholder[32m 70[2mms[22m[39m
 [32m✓[39m src/app/explorar/page.test.tsx[2m > [22mExplorarPage[2m > [22mFilters Section[2m > [22mshould display all specialty filter chips[33m 716[2mms[22m[39m
 [32m✓[39m src/components/features/auth/ForgotPasswordForm.test.tsx[2m > [22mForgotPasswordForm[2m > [22mForm Submission[2m > [22mshould call API with email on valid submission[32m 240[2mms[22m[39m
 [32m✓[39m src/components/features/readings/UpgradeModal.test.tsx[2m > [22mUpgradeModal[2m > [22mRendering[2m > [22mshould not render when open is false[32m 116[2mms[22m[39m
 [32m✓[39m src/components/features/auth/ForgotPasswordForm.test.tsx[2m > [22mForgotPasswordForm[2m > [22mForm Submission[2m > [22mshould show success toast on successful submission[32m 256[2mms[22m[39m
 [32m✓[39m src/components/features/readings/UpgradeModal.test.tsx[2m > [22mUpgradeModal[2m > [22mRendering[2m > [22mshould render when open is true[33m 626[2mms[22m[39m
 [32m✓[39m src/app/explorar/page.test.tsx[2m > [22mExplorarPage[2m > [22mFilters Section[2m > [22mshould highlight "Todos" chip as selected by default[32m 105[2mms[22m[39m
 [32m✓[39m src/components/features/auth/ForgotPasswordForm.test.tsx[2m > [22mForgotPasswordForm[2m > [22mForm Submission[2m > [22mshould show success toast even on API error (security)[32m 225[2mms[22m[39m
 [32m✓[39m src/components/features/readings/UpgradeModal.test.tsx[2m > [22mUpgradeModal[2m > [22mRendering[2m > [22mshould render all premium benefits[32m 210[2mms[22m[39m
 [32m✓[39m src/app/explorar/page.test.tsx[2m > [22mExplorarPage[2m > [22mFilters Section[2m > [22mshould change selected chip when clicking on specialty[33m 403[2mms[22m[39m
 [32m✓[39m src/app/explorar/page.test.tsx[2m > [22mExplorarPage[2m > [22mTarotistas Grid[2m > [22mshould display loading skeletons while fetching data[32m 35[2mms[22m[39m
 [32m✓[39m src/app/explorar/page.test.tsx[2m > [22mExplorarPage[2m > [22mTarotistas Grid[2m > [22mshould display tarotista cards after loading[32m 83[2mms[22m[39m
 [32m✓[39m src/app/explorar/page.test.tsx[2m > [22mExplorarPage[2m > [22mTarotistas Grid[2m > [22mshould use responsive grid layout[32m 85[2mms[22m[39m
 [32m✓[39m src/components/features/auth/ForgotPasswordForm.test.tsx[2m > [22mForgotPasswordForm[2m > [22mForm Submission[2m > [22mshould disable button during loading[32m 212[2mms[22m[39m
 [32m✓[39m src/app/explorar/page.test.tsx[2m > [22mExplorarPage[2m > [22mTarotistas Grid[2m > [22mshould navigate to tarotista detail page when clicking on card[32m 86[2mms[22m[39m
 [32m✓[39m src/app/explorar/page.test.tsx[2m > [22mExplorarPage[2m > [22mEmpty State[2m > [22mshould display empty state when no tarotistas match filters[32m 23[2mms[22m[39m
 [32m✓[39m src/components/features/readings/UpgradeModal.test.tsx[2m > [22mUpgradeModal[2m > [22mRendering[2m > [22mshould render pricing information[32m 172[2mms[22m[39m
 [32m✓[39m src/components/features/auth/ForgotPasswordForm.test.tsx[2m > [22mForgotPasswordForm[2m > [22mForm Submission[2m > [22mshould show loading text during submission[32m 255[2mms[22m[39m
 [32m✓[39m src/app/explorar/page.test.tsx[2m > [22mExplorarPage[2m > [22mEmpty State[2m > [22mshould display "Limpiar filtros" button in empty state[32m 80[2mms[22m[39m
 [32m✓[39m src/app/explorar/page.test.tsx[2m > [22mExplorarPage[2m > [22mEmpty State[2m > [22mshould clear filters when clicking "Limpiar filtros" button[32m 42[2mms[22m[39m
 [32m✓[39m src/components/features/readings/UpgradeModal.test.tsx[2m > [22mUpgradeModal[2m > [22mRendering[2m > [22mshould render CTA button[33m 335[2mms[22m[39m
 [32m✓[39m src/components/features/auth/ForgotPasswordForm.test.tsx[2m > [22mForgotPasswordForm[2m > [22mCooldown Timer[2m > [22mshould disable button for 60 seconds after successful submission[32m 205[2mms[22m[39m
 [32m✓[39m src/components/features/readings/UpgradeModal.test.tsx[2m > [22mUpgradeModal[2m > [22mRendering[2m > [22mshould render "Más información" link[32m 172[2mms[22m[39m
 [32m✓[39m src/components/features/auth/ForgotPasswordForm.test.tsx[2m > [22mForgotPasswordForm[2m > [22mCooldown Timer[2m > [22mshould show countdown timer after submission[32m 261[2mms[22m[39m
 [32m✓[39m src/components/features/readings/UpgradeModal.test.tsx[2m > [22mUpgradeModal[2m > [22mUser Interactions[2m > [22mshould call onClose when clicking close button[32m 287[2mms[22m[39m
 [32m✓[39m src/components/features/readings/ReadingExperience.test.tsx[2m > [22mReadingExperience[2m > [22mActions[2m > [22mshould call regenerate mutation when regenerate button is clicked[33m 1633[2mms[22m[39m
 [32m✓[39m src/app/explorar/page.test.tsx[2m > [22mExplorarPage[2m > [22mSearch Functionality[2m > [22mshould filter tarotistas by search term (debounced)[33m 410[2mms[22m[39m
 [32m✓[39m src/components/features/auth/ForgotPasswordForm.test.tsx[2m > [22mForgotPasswordForm[2m > [22mCooldown Timer[2m > [22mshould re-enable button after cooldown expires[32m 282[2mms[22m[39m
 [32m✓[39m src/components/features/auth/ForgotPasswordForm.test.tsx[2m > [22mForgotPasswordForm[2m > [22mAccessibility[2m > [22mshould have proper aria attributes on email input[32m 13[2mms[22m[39m
 [32m✓[39m src/components/features/auth/ForgotPasswordForm.test.tsx[2m > [22mForgotPasswordForm[2m > [22mAccessibility[2m > [22mshould mark email input as invalid on error[32m 104[2mms[22m[39m
 [32m✓[39m src/components/features/readings/UpgradeModal.test.tsx[2m > [22mUpgradeModal[2m > [22mUser Interactions[2m > [22mshould call onClose when clicking backdrop[32m 197[2mms[22m[39m
 [32m✓[39m src/components/features/admin/UsersFilters.test.tsx[2m > [22mUsersFilters[2m > [22mshould render search input[33m 333[2mms[22m[39m
 [32m✓[39m src/components/features/admin/UsersFilters.test.tsx[2m > [22mUsersFilters[2m > [22mshould render plan filter select[32m 157[2mms[22m[39m
 [32m✓[39m src/app/perfil/page.test.tsx[2m > [22mPerfilPage[2m > [22mRendering[2m > [22mshould render profile header with user name[33m 631[2mms[22m[39m
 [32m✓[39m src/app/explorar/page.test.tsx[2m > [22mExplorarPage[2m > [22mSpecialty Filter Functionality[2m > [22mshould filter tarotistas by selected specialty[33m 311[2mms[22m[39m
 [32m✓[39m src/components/features/readings/UpgradeModal.test.tsx[2m > [22mUpgradeModal[2m > [22mUser Interactions[2m > [22mshould not navigate away when clicking "Comenzar ahora" (disabled for MVP)[32m 206[2mms[22m[39m
 [32m✓[39m src/app/explorar/page.test.tsx[2m > [22mExplorarPage[2m > [22mSpecialty Filter Functionality[2m > [22mshould show all tarotistas when "Todos" is selected[33m 369[2mms[22m[39m
 [32m✓[39m src/components/features/home/LandingPage.test.tsx[2m > [22mLandingPage[2m > [22mshould render all main sections[33m 1752[2mms[22m[39m
 [32m✓[39m src/components/features/admin/UsersFilters.test.tsx[2m > [22mUsersFilters[2m > [22mshould render role filter select[32m 105[2mms[22m[39m
 [32m✓[39m src/app/perfil/page.test.tsx[2m > [22mPerfilPage[2m > [22mRendering[2m > [22mshould render tabs for account, subscription, and settings[33m 386[2mms[22m[39m
 [32m✓[39m src/components/features/readings/UpgradeModal.test.tsx[2m > [22mUpgradeModal[2m > [22mUser Interactions[2m > [22mshould show tooltip on disabled CTA button[32m 233[2mms[22m[39m
 [32m✓[39m src/components/features/readings/UpgradeModal.test.tsx[2m > [22mUpgradeModal[2m > [22mBenefits Display[2m > [22mshould render all benefits with checkmark icons[32m 120[2mms[22m[39m
 [32m✓[39m src/components/features/home/LandingPage.test.tsx[2m > [22mLandingPage[2m > [22mshould have proper semantic structure with main tag[32m 108[2mms[22m[39m
 [32m✓[39m src/components/features/home/LandingPage.test.tsx[2m > [22mLandingPage[2m > [22mshould render HeroSection first[32m 90[2mms[22m[39m
 [32m✓[39m src/app/perfil/page.test.tsx[2m > [22mPerfilPage[2m > [22mRendering[2m > [22mshould show account tab content by default[32m 104[2mms[22m[39m
 [32m✓[39m src/app/perfil/page.test.tsx[2m > [22mPerfilPage[2m > [22mLoading States[2m > [22mshould show loading skeleton when auth is loading[32m 10[2mms[22m[39m
 [32m✓[39m src/app/perfil/page.test.tsx[2m > [22mPerfilPage[2m > [22mLoading States[2m > [22mshould show loading skeleton when profile is loading[32m 17[2mms[22m[39m
 [32m✓[39m src/app/perfil/page.test.tsx[2m > [22mPerfilPage[2m > [22mError States[2m > [22mshould show error message when profile is null after loading[32m 11[2mms[22m[39m
 [32m✓[39m src/app/perfil/page.test.tsx[2m > [22mPerfilPage[2m > [22mError States[2m > [22mshould show error message when profile is undefined after loading[32m 5[2mms[22m[39m
 [32m✓[39m src/components/features/readings/UpgradeModal.test.tsx[2m > [22mUpgradeModal[2m > [22mBenefits Display[2m > [22mshould render benefits in correct order[32m 252[2mms[22m[39m
 [32m✓[39m src/components/features/daily-reading/DailyCardExperience.test.tsx[2m > [22mDailyCardExperience[2m > [22mCapabilities Integration[2m > [22mshould use capabilities hook to determine if user can create daily reading[32m 140[2mms[22m[39m
 [32m✓[39m src/components/features/daily-reading/DailyCardExperience.test.tsx[2m > [22mDailyCardExperience[2m > [22mCapabilities Integration[2m > [22mshould show limit message when capabilities indicate daily reading not available[32m 51[2mms[22m[39m
 [32m✓[39m src/components/features/readings/UpgradeModal.test.tsx[2m > [22mUpgradeModal[2m > [22mAccessibility[2m > [22mshould have accessible dialog role[32m 231[2mms[22m[39m
 [32m✓[39m src/components/features/daily-reading/DailyCardExperience.test.tsx[2m > [22mDailyCardExperience[2m > [22mCapabilities Integration[2m > [22mshould invalidate capabilities after creating daily reading[33m 642[2mms[22m[39m
 [32m✓[39m src/components/features/daily-reading/DailyCardExperience.test.tsx[2m > [22mDailyCardExperience[2m > [22mCapabilities Integration[2m > [22mshould NOT read dailyCardCount/dailyCardLimit from user object[32m 16[2mms[22m[39m
 [32m✓[39m src/components/features/daily-reading/DailyCardExperience.test.tsx[2m > [22mDailyCardExperience[2m > [22mCapabilities Integration[2m > [22mshould show limit message for PREMIUM user when daily card limit reached[32m 35[2mms[22m[39m
 [32m✓[39m src/components/features/daily-reading/DailyCardExperience.test.tsx[2m > [22mDailyCardExperience[2m > [22mCapabilities Integration[2m > [22mshould show unrevealed card for anonymous user with available limit[32m 14[2mms[22m[39m
 [32m✓[39m src/components/features/daily-reading/DailyCardExperience.test.tsx[2m > [22mDailyCardExperience[2m > [22mCapabilities Integration[2m > [22mshould show anonymous limit message when capabilities say limit reached[32m 23[2mms[22m[39m
 [32m✓[39m src/components/features/readings/UpgradeModal.test.tsx[2m > [22mUpgradeModal[2m > [22mAccessibility[2m > [22mshould have descriptive close button[32m 242[2mms[22m[39m
 [32m✓[39m src/components/features/daily-reading/DailyCardExperience.test.tsx[2m > [22mDailyCardExperience[2m > [22mUnrevealed State[2m > [22mshould render unrevealed state when no daily reading exists[32m 15[2mms[22m[39m
 [32m✓[39m src/components/features/daily-reading/DailyCardExperience.test.tsx[2m > [22mDailyCardExperience[2m > [22mUnrevealed State[2m > [22mshould display mystical prompt text[32m 26[2mms[22m[39m
 [32m✓[39m src/components/features/daily-reading/DailyCardExperience.test.tsx[2m > [22mDailyCardExperience[2m > [22mUnrevealed State[2m > [22mshould render a clickable tarot card[32m 19[2mms[22m[39m
 [32m✓[39m src/components/features/home/LandingPage.test.tsx[2m > [22mLandingPage[2m > [22mshould be accessible with proper heading hierarchy[33m 322[2mms[22m[39m
 [32m✓[39m src/components/features/home/LandingPage.test.tsx[2m > [22mLandingPage[2m > [22mshould render all CTAs[33m 663[2mms[22m[39m
 [32m✓[39m src/components/features/admin/UsersFilters.test.tsx[2m > [22mUsersFilters[2m > [22mshould call onFilterChange with search value[33m 727[2mms[22m[39m
 [32m✓[39m src/app/perfil/page.test.tsx[2m > [22mPerfilPage[2m > [22mTab Interactions[2m > [22mshould switch to subscription tab when clicked[33m 838[2mms[22m[39m
 [32m✓[39m src/components/features/readings/UpgradeModal.test.tsx[2m > [22mUpgradeModal[2m > [22mAccessibility[2m > [22mshould trap focus within modal when open[32m 184[2mms[22m[39m
 [32m✓[39m src/components/features/readings/UpgradeModal.test.tsx[2m > [22mUpgradeModal[2m > [22mResponsive Design[2m > [22mshould render correctly on mobile viewport[32m 157[2mms[22m[39m
 [32m✓[39m src/components/features/daily-reading/DailyCardExperience.test.tsx[2m > [22mDailyCardExperience[2m > [22mUnrevealed State[2m > [22mshould call mutation when card is clicked - authenticated user (FREE)[32m 133[2mms[22m[39m
 [32m✓[39m src/components/features/admin/UsersFilters.test.tsx[2m > [22mUsersFilters[2m > [22mshould show clear button when filters are active[33m 517[2mms[22m[39m
 [32m✓[39m src/components/features/daily-reading/DailyCardExperience.test.tsx[2m > [22mDailyCardExperience[2m > [22mUnrevealed State[2m > [22mshould call public mutation when card is clicked - anonymous user[32m 163[2mms[22m[39m
 [32m✓[39m src/components/features/daily-reading/DailyCardExperience.test.tsx[2m > [22mDailyCardExperience[2m > [22mUnrevealed State[2m > [22mshould show creating indicator while creating reading[32m 13[2mms[22m[39m
 [32m✓[39m src/components/features/daily-reading/DailyCardExperience.test.tsx[2m > [22mDailyCardExperience[2m > [22mRevealed State - with personalized interpretation (PREMIUM)[2m > [22mshould render revealed state when daily reading exists with personalized interpretation[32m 50[2mms[22m[39m
 [32m✓[39m src/components/features/conversion/RegisterCTAModal.test.tsx[2m > [22mRegisterCTAModal[2m > [22mshould render modal when open[33m 776[2mms[22m[39m
 [32m✓[39m src/components/features/conversion/RegisterCTAModal.test.tsx[2m > [22mRegisterCTAModal[2m > [22mshould not render modal when closed[32m 10[2mms[22m[39m
 [32m✓[39m src/components/features/readings/ReadingExperience.test.tsx[2m > [22mReadingExperience[2m > [22mActions[2m > [22mshould call share mutation when share button is clicked[33m 1769[2mms[22m[39m
 [32m✓[39m src/components/features/daily-reading/DailyCardExperience.test.tsx[2m > [22mDailyCardExperience[2m > [22mRevealed State - with personalized interpretation (PREMIUM)[2m > [22mshould display card name with secondary color - PREMIUM user[32m 17[2mms[22m[39m
 [32m✓[39m src/components/features/daily-reading/DailyCardExperience.test.tsx[2m > [22mDailyCardExperience[2m > [22mRevealed State - without AI (FREE/ANONYMOUS)[2m > [22mshould render revealed state for FREE user without AI interpretation[32m 93[2mms[22m[39m
 [32m✓[39m src/app/perfil/page.test.tsx[2m > [22mPerfilPage[2m > [22mTab Interactions[2m > [22mshould switch to settings tab when clicked[33m 476[2mms[22m[39m
 [32m✓[39m src/components/features/daily-reading/DailyCardExperience.test.tsx[2m > [22mDailyCardExperience[2m > [22mRevealed State - without AI (FREE/ANONYMOUS)[2m > [22mshould render revealed state for ANONYMOUS user without AI interpretation[32m 110[2mms[22m[39m
 [32m✓[39m src/components/features/conversion/RegisterCTAModal.test.tsx[2m > [22mRegisterCTAModal[2m > [22mshould show benefits of registering[32m 244[2mms[22m[39m
 [32m✓[39m src/app/historial/[id]/page.test.tsx[2m > [22mReadingDetailPage[2m > [22mLoading State[2m > [22mshould show skeleton while loading[32m 139[2mms[22m[39m
 [32m✓[39m src/app/historial/[id]/page.test.tsx[2m > [22mReadingDetailPage[2m > [22mError State[2m > [22mshould show error message when reading not found[32m 36[2mms[22m[39m
 [32m✓[39m src/components/features/admin/UsersFilters.test.tsx[2m > [22mUsersFilters[2m > [22mshould not send "all" value for plan/role filters[33m 720[2mms[22m[39m
 [32m✓[39m src/components/features/daily-reading/DailyCardExperience.test.tsx[2m > [22mDailyCardExperience[2m > [22mRevealed State - without AI (FREE/ANONYMOUS)[2m > [22mshould show reversed indicator when card is reversed - FREE user[32m 109[2mms[22m[39m
 [32m✓[39m src/app/perfil/page.test.tsx[2m > [22mPerfilPage[2m > [22mTab Interactions[2m > [22mshould switch back to account tab when clicked[33m 526[2mms[22m[39m
 [32m✓[39m src/components/features/conversion/RegisterCTAModal.test.tsx[2m > [22mRegisterCTAModal[2m > [22mshould call onRegister when clicking register button[33m 368[2mms[22m[39m
 [32m✓[39m src/app/historial/[id]/page.test.tsx[2m > [22mReadingDetailPage[2m > [22mError State[2m > [22mshould show back to history button on error[33m 468[2mms[22m[39m
 [32m✓[39m src/components/features/daily-reading/DailyCardExperience.test.tsx[2m > [22mDailyCardExperience[2m > [22mAction Buttons[2m > [22mshould render share button[32m 250[2mms[22m[39m
 [32m✓[39m src/app/historial/[id]/page.test.tsx[2m > [22mReadingDetailPage[2m > [22mSuccess State - Header[2m > [22mshould display breadcrumb navigation[32m 169[2mms[22m[39m
 [32m✓[39m src/app/historial/[id]/page.test.tsx[2m > [22mReadingDetailPage[2m > [22mSuccess State - Header[2m > [22mshould display the question with serif font[32m 81[2mms[22m[39m
 [32m✓[39m src/components/features/daily-reading/DailyCardExperience.test.tsx[2m > [22mDailyCardExperience[2m > [22mAction Buttons[2m > [22mshould render history button[32m 152[2mms[22m[39m
 [32m✓[39m src/components/features/conversion/RegisterCTAModal.test.tsx[2m > [22mRegisterCTAModal[2m > [22mshould call onClose when clicking "No, gracias" button[32m 300[2mms[22m[39m
 [32m✓[39m src/app/historial/[id]/page.test.tsx[2m > [22mReadingDetailPage[2m > [22mSuccess State - Header[2m > [22mshould display formatted date and time[32m 80[2mms[22m[39m
 [32m✓[39m src/components/features/daily-reading/DailyCardExperience.test.tsx[2m > [22mDailyCardExperience[2m > [22mAction Buttons[2m > [22mshould navigate to history on click[32m 286[2mms[22m[39m
 [32m✓[39m src/app/historial/[id]/page.test.tsx[2m > [22mReadingDetailPage[2m > [22mSuccess State - Header[2m > [22mshould display spread type badge[32m 103[2mms[22m[39m
 [32m✓[39m src/app/historial/[id]/page.test.tsx[2m > [22mReadingDetailPage[2m > [22mSuccess State - Cards Section[2m > [22mshould display all cards in the reading[32m 82[2mms[22m[39m
 [32m✓[39m src/components/features/conversion/RegisterCTAModal.test.tsx[2m > [22mRegisterCTAModal[2m > [22mshould have primary button for register and secondary for close[32m 258[2mms[22m[39m
 [32m✓[39m src/app/historial/[id]/page.test.tsx[2m > [22mReadingDetailPage[2m > [22mSuccess State - Cards Section[2m > [22mshould display card position names[32m 78[2mms[22m[39m
 [32m✓[39m src/app/historial/[id]/page.test.tsx[2m > [22mReadingDetailPage[2m > [22mSuccess State - Cards Section[2m > [22mshould show reversed indicator for reversed cards[32m 58[2mms[22m[39m
 [32m✓[39m src/components/features/conversion/RegisterCTAModal.test.tsx[2m > [22mRegisterCTAModal[2m > [22mshould be accessible with proper ARIA labels[32m 192[2mms[22m[39m
 [32m✓[39m src/components/features/daily-reading/DailyCardExperience.test.tsx[2m > [22mDailyCardExperience[2m > [22mAction Buttons[2m > [22mshould copy to clipboard on share click[33m 325[2mms[22m[39m
 [32m✓[39m src/components/features/daily-reading/DailyCardExperience.test.tsx[2m > [22mDailyCardExperience[2m > [22mLoading States[2m > [22mshould show skeleton while fetching[32m 30[2mms[22m[39m
 [32m✓[39m src/components/features/daily-reading/DailyCardExperience.test.tsx[2m > [22mDailyCardExperience[2m > [22mError Handling[2m > [22mshould show error message on fetch error[32m 7[2mms[22m[39m
 [32m✓[39m src/components/features/daily-reading/DailyCardExperience.test.tsx[2m > [22mDailyCardExperience[2m > [22mError Handling[2m > [22mshould have role="alert" on error container for accessibility[32m 27[2mms[22m[39m
 [32m✓[39m src/components/features/daily-reading/DailyCardExperience.test.tsx[2m > [22mDailyCardExperience[2m > [22mAccessibility[2m > [22mshould have aria-label on skeleton loading container[32m 6[2mms[22m[39m
 [32m✓[39m src/components/features/admin/Pagination.test.tsx[2m > [22mPagination[2m > [22mshould render pagination info correctly[32m 139[2mms[22m[39m
 [32m✓[39m src/components/features/admin/Pagination.test.tsx[2m > [22mPagination[2m > [22mshould display correct item range for current page[32m 24[2mms[22m[39m
 [32m✓[39m src/components/features/admin/Pagination.test.tsx[2m > [22mPagination[2m > [22mshould display correct item range for last page with partial items[32m 18[2mms[22m[39m
 [32m✓[39m src/components/features/conversion/LimitReachedModal.test.tsx[2m > [22mLimitReachedModal[2m > [22mshould render modal when open[33m 820[2mms[22m[39m
 [32m✓[39m src/components/features/conversion/LimitReachedModal.test.tsx[2m > [22mLimitReachedModal[2m > [22mshould not render modal when closed[32m 10[2mms[22m[39m
 [32m✓[39m src/components/features/conversion/RegisterCTAModal.test.tsx[2m > [22mRegisterCTAModal[2m > [22mshould close when Escape key is pressed[32m 187[2mms[22m[39m
 [32m✓[39m src/components/features/conversion/RegisterCTAModal.test.tsx[2m > [22mRegisterCTAModal[2m > [22mshould close when clicking outside modal (overlay)[32m 199[2mms[22m[39m
 [32m✓[39m src/app/historial/[id]/page.test.tsx[2m > [22mReadingDetailPage[2m > [22mSuccess State - Interpretation Section[2m > [22mshould display interpretation section title[32m 67[2mms[22m[39m
 [32m✓[39m src/app/historial/[id]/page.test.tsx[2m > [22mReadingDetailPage[2m > [22mSuccess State - Interpretation Section[2m > [22mshould render markdown interpretation content[32m 76[2mms[22m[39m
 [32m✓[39m src/components/features/admin/Pagination.test.tsx[2m > [22mPagination[2m > [22mshould disable previous button on first page[33m 637[2mms[22m[39m
 [32m✓[39m src/components/features/conversion/LimitReachedModal.test.tsx[2m > [22mLimitReachedModal[2m > [22mshould display current limit in the message[32m 182[2mms[22m[39m
 [32m✓[39m src/components/features/readings/ReadingExperience.test.tsx[2m > [22mReadingExperience[2m > [22mActions[2m > [22mshould navigate to new reading when "Nueva Lectura" is clicked[33m 1796[2mms[22m[39m
 [2m[90m↓[39m[22m src/components/features/readings/ReadingExperience.test.tsx[2m > [22mReadingExperience[2m > [22mActions[2m > [22mshould NOT show "Nueva Lectura" button when FREE user has reached daily limit
 [32m✓[39m src/components/features/admin/Pagination.test.tsx[2m > [22mPagination[2m > [22mshould disable next button on last page[32m 186[2mms[22m[39m
 [32m✓[39m src/app/historial/[id]/page.test.tsx[2m > [22mReadingDetailPage[2m > [22mActions - Share[2m > [22mshould display share button[32m 228[2mms[22m[39m
 [32m✓[39m src/components/features/admin/Pagination.test.tsx[2m > [22mPagination[2m > [22mshould enable previous button when not on first page[32m 136[2mms[22m[39m
 [32m✓[39m src/components/features/conversion/LimitReachedModal.test.tsx[2m > [22mLimitReachedModal[2m > [22mshould show Premium benefits[32m 213[2mms[22m[39m
 [32m✓[39m src/components/features/admin/Pagination.test.tsx[2m > [22mPagination[2m > [22mshould enable next button when not on last page[32m 110[2mms[22m[39m
 [32m✓[39m src/app/historial/[id]/page.test.tsx[2m > [22mReadingDetailPage[2m > [22mActions - Share[2m > [22mshould copy link to clipboard when share is clicked[32m 273[2mms[22m[39m
 [32m✓[39m src/components/features/admin/Pagination.test.tsx[2m > [22mPagination[2m > [22mshould call onPageChange when previous button clicked[32m 186[2mms[22m[39m
 [32m✓[39m src/app/historial/[id]/page.test.tsx[2m > [22mReadingDetailPage[2m > [22mActions - Back to History[2m > [22mshould display back to history button[32m 179[2mms[22m[39m
 [32m✓[39m src/app/historial/[id]/page.test.tsx[2m > [22mReadingDetailPage[2m > [22mActions - Back to History[2m > [22mshould navigate to history when back button is clicked[32m 211[2mms[22m[39m
 [32m✓[39m src/components/features/conversion/LimitReachedModal.test.tsx[2m > [22mLimitReachedModal[2m > [22mshould call onUpgrade when clicking upgrade button[33m 368[2mms[22m[39m
 [32m✓[39m src/components/features/admin/Pagination.test.tsx[2m > [22mPagination[2m > [22mshould call onPageChange when next button clicked[32m 167[2mms[22m[39m
 [32m✓[39m src/components/features/admin/Pagination.test.tsx[2m > [22mPagination[2m > [22mshould call onPageChange when page number clicked[32m 128[2mms[22m[39m
 [32m✓[39m src/components/features/conversion/LimitReachedModal.test.tsx[2m > [22mLimitReachedModal[2m > [22mshould call onClose when clicking "Volver mañana" button[33m 351[2mms[22m[39m
 [32m✓[39m src/components/features/admin/Pagination.test.tsx[2m > [22mPagination[2m > [22mshould highlight current page[32m 142[2mms[22m[39m
 [32m✓[39m src/components/features/admin/Pagination.test.tsx[2m > [22mPagination[2m > [22mshould display all pages when total pages is small[32m 95[2mms[22m[39m
 [32m✓[39m src/components/features/conversion/LimitReachedModal.test.tsx[2m > [22mLimitReachedModal[2m > [22mshould show different message for ANONYMOUS users (limit 1)[32m 149[2mms[22m[39m
 [32m✓[39m src/components/features/admin/Pagination.test.tsx[2m > [22mPagination[2m > [22mshould show ellipsis for large page counts[32m 15[2mms[22m[39m
 [32m✓[39m src/components/features/conversion/LimitReachedModal.test.tsx[2m > [22mLimitReachedModal[2m > [22mshould be accessible with proper ARIA labels[32m 118[2mms[22m[39m
 [32m✓[39m src/components/features/admin/Pagination.test.tsx[2m > [22mPagination[2m > [22mshould show pages around current page[32m 103[2mms[22m[39m
 [32m✓[39m src/components/features/admin/Pagination.test.tsx[2m > [22mPagination[2m > [22mshould handle single page correctly[32m 116[2mms[22m[39m
 [32m✓[39m src/components/features/admin/Pagination.test.tsx[2m > [22mPagination[2m > [22mshould display correct range when currentPage is 1[32m 11[2mms[22m[39m
 [32m✓[39m src/components/features/conversion/LimitReachedModal.test.tsx[2m > [22mLimitReachedModal[2m > [22mshould close when Escape key is pressed[32m 136[2mms[22m[39m
 [32m✓[39m src/components/features/conversion/LimitReachedModal.test.tsx[2m > [22mLimitReachedModal[2m > [22mshould close when clicking outside modal (overlay)[32m 111[2mms[22m[39m
 [32m✓[39m src/components/features/readings/ReadingExperience.test.tsx[2m > [22mReadingExperience[2m > [22mActions[2m > [22mshould show "Nueva Lectura" button when FREE user is under daily limit[33m 1650[2mms[22m[39m
 [32m✓[39m src/components/features/readings/ReadingExperience.test.tsx[2m > [22mReadingExperience[2m > [22mActions[2m > [22mshould always show "Nueva Lectura" button for PREMIUM users[33m 1507[2mms[22m[39m
 [32m✓[39m src/components/features/readings/ReadingExperience.test.tsx[2m > [22mReadingExperience[2m > [22mError Handling[2m > [22mshould show error message when API call fails[33m 1573[2mms[22m[39m
 [32m✓[39m src/components/features/readings/ReadingExperience.test.tsx[2m > [22mReadingExperience[2m > [22mError Handling[2m > [22mshould show retry button on error[33m 1518[2mms[22m[39m
 [32m✓[39m src/components/features/readings/ReadingExperience.test.tsx[2m > [22mReadingExperience[2m > [22mQuestion Display[2m > [22mshould display the custom question when provided[33m 392[2mms[22m[39m
 [32m✓[39m src/components/features/readings/ReadingExperience.test.tsx[2m > [22mReadingExperience[2m > [22mQuestion Display[2m > [22mshould display the predefined question when questionId is provided[33m 474[2mms[22m[39m
 [32m✓[39m src/components/features/readings/ReadingExperience.test.tsx[2m > [22mReadingExperience[2m > [22mQuestion Display[2m > [22mshould display the spread name[33m 396[2mms[22m[39m
 [32m✓[39m src/components/features/readings/ReadingExperience.test.tsx[2m > [22mReadingExperience[2m > [22mCard Layouts[2m > [22mshould display full deck with responsive grid layout[33m 387[2mms[22m[39m
 [32m✓[39m src/components/features/readings/ReadingExperience.test.tsx[2m > [22mReadingExperience[2m > [22mCard Layouts[2m > [22mshould show 78 cards regardless of spread type[33m 366[2mms[22m[39m
 [32m✓[39m src/components/features/readings/ReadingExperience.test.tsx[2m > [22mReadingExperience[2m > [22mMissing Data Handling[2m > [22mshould show error when spread is not found[32m 8[2mms[22m[39m
 [32m✓[39m src/components/features/readings/ReadingExperience.test.tsx[2m > [22mReadingExperience[2m > [22mAccessibility[2m > [22mshould have proper ARIA labels on cards[33m 322[2mms[22m[39m
 [32m✓[39m src/components/features/readings/ReadingLimitReached.test.tsx[2m > [22mReadingLimitReached[2m > [22mshould render limit reached message[32m 178[2mms[22m[39m
 [32m✓[39m src/components/features/readings/ReadingLimitReached.test.tsx[2m > [22mReadingLimitReached[2m > [22mshould display premium benefits[32m 64[2mms[22m[39m
 [32m✓[39m src/components/features/readings/ReadingLimitReached.test.tsx[2m > [22mReadingLimitReached[2m > [22mshould display quick actions[32m 51[2mms[22m[39m
 [32m✓[39m src/components/features/readings/ReadingLimitReached.test.tsx[2m > [22mReadingLimitReached[2m > [22mshould render upgrade premium button[33m 510[2mms[22m[39m
 [32m✓[39m src/components/features/marketplace/TarotistaProfilePage.test.tsx[2m > [22mTarotistaProfilePage[2m > [22mshould show loading skeleton while fetching data[32m 110[2mms[22m[39m
 [32m✓[39m src/components/features/marketplace/TarotistaProfilePage.test.tsx[2m > [22mTarotistaProfilePage[2m > [22mshould show error message when fetch fails[32m 23[2mms[22m[39m
 [32m✓[39m src/components/features/readings/ReadingLimitReached.test.tsx[2m > [22mReadingLimitReached[2m > [22mshould render view history button[32m 149[2mms[22m[39m
 [32m✓[39m src/components/features/marketplace/TarotistaProfilePage.test.tsx[2m > [22mTarotistaProfilePage[2m > [22mshould render hero section with tarotista info[32m 210[2mms[22m[39m
 [32m✓[39m src/components/features/marketplace/TarotistaProfilePage.test.tsx[2m > [22mTarotistaProfilePage[2m > [22mshould display specialty badges in hero section[32m 87[2mms[22m[39m
 [32m✓[39m src/components/features/readings/ReadingLimitReached.test.tsx[2m > [22mReadingLimitReached[2m > [22mshould render daily card button[32m 112[2mms[22m[39m
 [32m✓[39m src/components/features/marketplace/TarotistaProfilePage.test.tsx[2m > [22mTarotistaProfilePage[2m > [22mshould show "Disponible ahora" when tarotista is active[32m 63[2mms[22m[39m
 [32m✓[39m src/components/features/marketplace/TarotistaProfilePage.test.tsx[2m > [22mTarotistaProfilePage[2m > [22mshould show "No disponible" when tarotista is inactive[32m 88[2mms[22m[39m
 [32m✓[39m src/components/features/readings/ReadingLimitReached.test.tsx[2m > [22mReadingLimitReached[2m > [22mshould navigate to /planes when upgrade button is clicked[32m 223[2mms[22m[39m
 [32m✓[39m src/components/features/readings/ReadingLimitReached.test.tsx[2m > [22mReadingLimitReached[2m > [22mshould navigate to /historial when history button is clicked[32m 154[2mms[22m[39m
 [32m✓[39m src/components/features/readings/ReadingExperience.test.tsx[2m > [22mReadingExperience[2m > [22mAccessibility[2m > [22mshould handle keyboard interaction for card selection[33m 712[2mms[22m[39m
 [32m✓[39m src/components/features/readings/ReadingExperience.test.tsx[2m > [22mReadingExperience[2m > [22mUpgrade Banner[2m > [22mshould NOT show upgrade banner for PREMIUM users in result state[33m 1421[2mms[22m[39m
 [32m✓[39m src/components/features/readings/ReadingLimitReached.test.tsx[2m > [22mReadingLimitReached[2m > [22mshould navigate to /carta-del-dia when daily card button is clicked[32m 144[2mms[22m[39m
 [32m✓[39m src/components/features/readings/ReadingLimitReached.test.tsx[2m > [22mReadingLimitReached[2m > [22mshould have role="alert" for accessibility[32m 43[2mms[22m[39m
 [32m✓[39m src/components/features/marketplace/TarotistaProfilePage.test.tsx[2m > [22mTarotistaProfilePage[2m > [22mshould render bio section with complete information[32m 86[2mms[22m[39m
 [32m✓[39m src/components/features/marketplace/TarotistaProfilePage.test.tsx[2m > [22mTarotistaProfilePage[2m > [22mshould render both service cards (AI and Live Session)[32m 71[2mms[22m[39m
 [32m✓[39m src/components/features/readings/ReadingLimitReached.test.tsx[2m > [22mReadingLimitReached[2m > [22mshould have primary button styling on upgrade button[32m 120[2mms[22m[39m
 [32m✓[39m src/components/features/readings/ReadingLimitReached.test.tsx[2m > [22mReadingLimitReached[2m > [22mshould have outline styling on history and daily card buttons[32m 157[2mms[22m[39m
 [32m✓[39m src/components/features/marketplace/TarotistaProfilePage.test.tsx[2m > [22mTarotistaProfilePage[2m > [22mshould navigate to ritual page when "Consultar el Tarot" is clicked[33m 484[2mms[22m[39m
 [32m✓[39m src/components/features/marketplace/TarotistaProfilePage.test.tsx[2m > [22mTarotistaProfilePage[2m > [22mshould navigate to booking page when "Ver disponibilidad" is clicked[32m 177[2mms[22m[39m
 [32m✓[39m src/components/features/marketplace/TarotistaProfilePage.test.tsx[2m > [22mTarotistaProfilePage[2m > [22mshould render reviews section with title[32m 55[2mms[22m[39m
 [32m✓[39m src/components/features/marketplace/TarotistaProfilePage.test.tsx[2m > [22mTarotistaProfilePage[2m > [22mshould show placeholder for reviews (future implementation)[32m 53[2mms[22m[39m
 [32m✓[39m src/components/features/marketplace/TarotistaProfilePage.test.tsx[2m > [22mTarotistaProfilePage[2m > [22mshould have responsive classes[32m 48[2mms[22m[39m
 [32m✓[39m src/components/features/marketplace/TarotistaProfilePage.test.tsx[2m > [22mTarotistaProfilePage[2m > [22mshould have proper heading hierarchy[32m 287[2mms[22m[39m
 [32m✓[39m src/components/features/marketplace/TarotistaProfilePage.test.tsx[2m > [22mTarotistaProfilePage[2m > [22mshould display tarotista name as accessible heading[32m 142[2mms[22m[39m
 [32m✓[39m src/components/features/marketplace/TarotistaProfilePage.test.tsx[2m > [22mTarotistaProfilePage[2m > [22mshould render FavoriteTarotistaButton component[32m 61[2mms[22m[39m
 [32m✓[39m src/components/features/admin/ChangePlanModal.test.tsx[2m > [22mChangePlanModal[2m > [22mshould render modal when open[33m 761[2mms[22m[39m
 [32m✓[39m src/components/features/admin/ChangePlanModal.test.tsx[2m > [22mChangePlanModal[2m > [22mshould not render when closed[32m 12[2mms[22m[39m
 [32m✓[39m src/components/features/admin/ChangePlanModal.test.tsx[2m > [22mChangePlanModal[2m > [22mshould display all plan options[33m 327[2mms[22m[39m
 [32m✓[39m src/components/features/admin/ChangePlanModal.test.tsx[2m > [22mChangePlanModal[2m > [22mshould call onSubmit with selected plan[33m 339[2mms[22m[39m
 [32m✓[39m src/components/features/admin/ChangePlanModal.test.tsx[2m > [22mChangePlanModal[2m > [22mshould disable submit button when pending[32m 224[2mms[22m[39m
 [32m✓[39m src/components/features/admin/ChangePlanModal.test.tsx[2m > [22mChangePlanModal[2m > [22mshould call onClose when cancel button clicked[32m 220[2mms[22m[39m
 [32m✓[39m src/components/layout/Header.test.tsx[2m > [22mHeader[2m > [22mLogo[2m > [22mshould render logo with "Tarot" text[32m 202[2mms[22m[39m
 [32m✓[39m src/components/layout/Header.test.tsx[2m > [22mHeader[2m > [22mLogo[2m > [22mshould render logo with serif font[32m 21[2mms[22m[39m
 [32m✓[39m src/components/layout/Header.test.tsx[2m > [22mHeader[2m > [22mLogo[2m > [22mshould render logo as a link to home[33m 583[2mms[22m[39m
 [32m✓[39m src/components/layout/Header.test.tsx[2m > [22mHeader[2m > [22mSurface and Shadow[2m > [22mshould have surface background (white)[32m 54[2mms[22m[39m
 [32m✓[39m src/components/layout/Header.test.tsx[2m > [22mHeader[2m > [22mSurface and Shadow[2m > [22mshould have soft shadow[32m 66[2mms[22m[39m
 [32m✓[39m src/components/layout/Header.test.tsx[2m > [22mHeader[2m > [22mSurface and Shadow[2m > [22mshould be sticky at top[32m 41[2mms[22m[39m
 [32m✓[39m src/components/features/admin/BanUserModal.test.tsx[2m > [22mBanUserModal[2m > [22mshould render modal when open[33m 830[2mms[22m[39m
 [32m✓[39m src/components/layout/Header.test.tsx[2m > [22mHeader[2m > [22mNavigation - Unauthenticated[2m > [22mshould NOT show "Explorar" button when not authenticated[32m 103[2mms[22m[39m
 [32m✓[39m src/components/layout/Header.test.tsx[2m > [22mHeader[2m > [22mNavigation - Unauthenticated[2m > [22mshould NOT show "Mis Sesiones" button when not authenticated[32m 67[2mms[22m[39m
 [32m✓[39m src/components/layout/Header.test.tsx[2m > [22mHeader[2m > [22mNavigation - Unauthenticated[2m > [22mshould show "Iniciar Sesión" link when not authenticated[32m 93[2mms[22m[39m
 [32m✓[39m src/components/layout/Header.test.tsx[2m > [22mHeader[2m > [22mNavigation - Unauthenticated[2m > [22mshould show "Registrarse" button when not authenticated[32m 88[2mms[22m[39m
 [32m✓[39m src/components/features/admin/BanUserModal.test.tsx[2m > [22mBanUserModal[2m > [22mshould require reason field[33m 449[2mms[22m[39m
 [32m✓[39m src/components/layout/Header.test.tsx[2m > [22mHeader[2m > [22mNavigation - Unauthenticated[2m > [22mshould render "Registrarse" as primary button (more prominent)[32m 90[2mms[22m[39m
 [32m✓[39m src/components/layout/Header.test.tsx[2m > [22mHeader[2m > [22mNavigation - Authenticated[2m > [22mshould show "Nueva Lectura" link when authenticated[32m 123[2mms[22m[39m
 [32m✓[39m src/components/layout/Header.test.tsx[2m > [22mHeader[2m > [22mNavigation - Authenticated[2m > [22mshould NOT show "Explorar" link (MVP: single tarotista)[32m 80[2mms[22m[39m
 [32m✓[39m src/components/features/admin/BanUserModal.test.tsx[2m > [22mBanUserModal[2m > [22mshould call onSubmit with valid reason[33m 331[2mms[22m[39m
 [32m✓[39m src/components/features/daily-reading/DailyCardLimitReached.test.tsx[2m > [22mDailyCardLimitReached[2m > [22mRendering[2m > [22mshould render component with correct title[32m 155[2mms[22m[39m
 [32m✓[39m src/components/features/daily-reading/DailyCardLimitReached.test.tsx[2m > [22mDailyCardLimitReached[2m > [22mRendering[2m > [22mshould render description message[32m 54[2mms[22m[39m
 [32m✓[39m src/components/layout/Header.test.tsx[2m > [22mHeader[2m > [22mNavigation - Authenticated[2m > [22mshould NOT show "Mis Sesiones" link (MVP: user sessions not implemented)[32m 47[2mms[22m[39m
 [32m✓[39m src/components/layout/Header.test.tsx[2m > [22mHeader[2m > [22mNavigation - Authenticated[2m > [22mshould NOT show "Iniciar Sesión" link when authenticated[32m 53[2mms[22m[39m
 [32m✓[39m src/components/layout/Header.test.tsx[2m > [22mHeader[2m > [22mNavigation - Authenticated[2m > [22mshould NOT show "Registrarse" button when authenticated[32m 45[2mms[22m[39m
 [32m✓[39m src/components/features/admin/BanUserModal.test.tsx[2m > [22mBanUserModal[2m > [22mshould show destructive button style[32m 235[2mms[22m[39m
 [32m✓[39m src/components/features/admin/BanUserModal.test.tsx[2m > [22mBanUserModal[2m > [22mshould disable buttons when pending[32m 214[2mms[22m[39m
 [32m✓[39m src/components/layout/Header.test.tsx[2m > [22mHeader[2m > [22mMobile Menu[2m > [22mshould render hamburger menu button on mobile[32m 85[2mms[22m[39m
 [32m✓[39m src/components/layout/Header.test.tsx[2m > [22mHeader[2m > [22mMobile Menu[2m > [22mshould have hamburger button hidden on desktop[32m 48[2mms[22m[39m
 [32m✓[39m src/components/layout/Header.test.tsx[2m > [22mHeader[2m > [22mAccessibility[2m > [22mshould have proper header landmark[32m 35[2mms[22m[39m
 [32m✓[39m src/components/layout/Header.test.tsx[2m > [22mHeader[2m > [22mAccessibility[2m > [22mshould have navigation landmark[32m 42[2mms[22m[39m
 [32m✓[39m src/components/features/daily-reading/DailyCardLimitReached.test.tsx[2m > [22mDailyCardLimitReached[2m > [22mRendering[2m > [22mshould render benefits list[32m 58[2mms[22m[39m
 [32m✓[39m src/components/features/daily-reading/DailyCardLimitReached.test.tsx[2m > [22mDailyCardLimitReached[2m > [22mRendering[2m > [22mshould render "Ver historial" button[33m 621[2mms[22m[39m
 [32m✓[39m src/components/features/daily-reading/DailyCardLimitReached.test.tsx[2m > [22mDailyCardLimitReached[2m > [22mRendering[2m > [22mshould render "Nueva lectura" button[32m 200[2mms[22m[39m
 [32m✓[39m src/components/features/daily-reading/DailyCardLimitReached.test.tsx[2m > [22mDailyCardLimitReached[2m > [22mRendering[2m > [22mshould render "Actualizar a Premium" button[32m 144[2mms[22m[39m
 [32m✓[39m src/components/features/daily-reading/DailyCardLimitReached.test.tsx[2m > [22mDailyCardLimitReached[2m > [22mRendering[2m > [22mshould render Premium benefits list[32m 54[2mms[22m[39m
 [32m✓[39m src/components/features/onboarding/WelcomeModal.test.tsx[2m > [22mWelcomeModal[2m > [22mshould not render when isOpen is false[32m 119[2mms[22m[39m
 [32m✓[39m src/components/features/daily-reading/DailyCardLimitReached.test.tsx[2m > [22mDailyCardLimitReached[2m > [22mAccessibility[2m > [22mshould have role="alert" for screen readers[32m 47[2mms[22m[39m
 [32m✓[39m src/components/features/onboarding/WelcomeModal.test.tsx[2m > [22mWelcomeModal[2m > [22mshould render when isOpen is true[33m 705[2mms[22m[39m
 [32m✓[39m src/components/features/onboarding/WelcomeModal.test.tsx[2m > [22mWelcomeModal[2m > [22mshould display welcome title[32m 180[2mms[22m[39m
 [32m✓[39m src/components/features/daily-reading/DailyCardLimitReached.test.tsx[2m > [22mDailyCardLimitReached[2m > [22mNavigation[2m > [22mshould navigate to /historial when "Ver historial" button is clicked[33m 313[2mms[22m[39m
 [32m✓[39m src/components/features/daily-reading/DailyCardLimitReached.test.tsx[2m > [22mDailyCardLimitReached[2m > [22mNavigation[2m > [22mshould navigate to /ritual when "Nueva lectura" button is clicked[32m 200[2mms[22m[39m
 [32m✓[39m src/components/features/daily-reading/DailyCardLimitReached.test.tsx[2m > [22mDailyCardLimitReached[2m > [22mNavigation[2m > [22mshould navigate to /planes when "Actualizar a Premium" button is clicked[32m 151[2mms[22m[39m
 [32m✓[39m src/components/features/onboarding/WelcomeModal.test.tsx[2m > [22mWelcomeModal[2m > [22mshould explain FREE plan features[32m 184[2mms[22m[39m
 [32m✓[39m src/components/features/daily-reading/DailyCardExperience.anonymous.test.tsx[2m > [22mDailyCardExperience - Anonymous User Flow[2m > [22mwhen user is anonymous (not authenticated)[2m > [22mshould allow access without authentication[32m 127[2mms[22m[39m
 [32m✓[39m src/components/features/onboarding/WelcomeModal.test.tsx[2m > [22mWelcomeModal[2m > [22mshould explain limitations and differences with PREMIUM[32m 209[2mms[22m[39m
 [32m✓[39m src/components/features/daily-reading/DailyCardExperience.anonymous.test.tsx[2m > [22mDailyCardExperience - Anonymous User Flow[2m > [22mwhen user is anonymous (not authenticated)[2m > [22mshould call public POST endpoint with fingerprint when clicking card[33m 569[2mms[22m[39m
 [32m✓[39m src/components/features/home/PlanComparison.test.tsx[2m > [22mPlanComparison[2m > [22mshould render section title[33m 737[2mms[22m[39m
 [32m✓[39m src/components/features/onboarding/WelcomeModal.test.tsx[2m > [22mWelcomeModal[2m > [22mshould call onClose when CTA button is clicked[32m 263[2mms[22m[39m
 [32m✓[39m src/components/features/daily-reading/DailyCardExperience.anonymous.test.tsx[2m > [22mDailyCardExperience - Anonymous User Flow[2m > [22mwhen user is anonymous (not authenticated)[2m > [22mshould show daily reading after generating with POST (without interpretation)[32m 225[2mms[22m[39m
 [32m✓[39m src/components/features/onboarding/WelcomeModal.test.tsx[2m > [22mWelcomeModal[2m > [22mshould call onClose when close button is clicked[32m 246[2mms[22m[39m
 [32m✓[39m src/components/features/home/PlanComparison.test.tsx[2m > [22mPlanComparison[2m > [22mshould render three plan cards (Visitante, Free, Premium)[33m 319[2mms[22m[39m
 [32m✓[39m src/components/features/home/PlanComparison.test.tsx[2m > [22mPlanComparison[2m > [22mAnonymous plan[2m > [22mshould show daily card feature[32m 68[2mms[22m[39m
 [32m✓[39m src/components/features/home/PlanComparison.test.tsx[2m > [22mPlanComparison[2m > [22mAnonymous plan[2m > [22mshould show "Sin registro" price[32m 50[2mms[22m[39m
 [32m✓[39m src/components/features/home/PlanComparison.test.tsx[2m > [22mPlanComparison[2m > [22mAnonymous plan[2m > [22mshould show CTA to try daily card[32m 196[2mms[22m[39m
 [32m✓[39m src/components/features/home/PlanComparison.test.tsx[2m > [22mPlanComparison[2m > [22mFree plan[2m > [22mshould show daily card feature[32m 50[2mms[22m[39m
 [32m✓[39m src/components/features/daily-reading/DailyCardExperience.anonymous.test.tsx[2m > [22mDailyCardExperience - Anonymous User Flow[2m > [22mwhen user is anonymous (not authenticated)[2m > [22mshould show conversion CTA after revealing card[33m 346[2mms[22m[39m
 [32m✓[39m src/components/features/daily-reading/DailyCardExperience.anonymous.test.tsx[2m > [22mDailyCardExperience - Anonymous User Flow[2m > [22mwhen user is anonymous (not authenticated)[2m > [22mshould show AnonymousLimitReached when limit is reached (capabilities-driven)[32m 21[2mms[22m[39m
 [32m✓[39m src/components/features/home/PlanComparison.test.tsx[2m > [22mPlanComparison[2m > [22mFree plan[2m > [22mshould show "1 lectura diaria" feature[32m 58[2mms[22m[39m
 [32m✓[39m src/components/features/home/PlanComparison.test.tsx[2m > [22mPlanComparison[2m > [22mFree plan[2m > [22mshould show "Tiradas de 1-3 cartas" feature[32m 94[2mms[22m[39m
 [32m✓[39m src/components/features/admin/PlanConfigCard.test.tsx[2m > [22mPlanConfigCard[2m > [22mshould render plan name and current values[32m 262[2mms[22m[39m
 [32m✓[39m src/components/features/daily-reading/DailyCardExperience.anonymous.test.tsx[2m > [22mDailyCardExperience - Anonymous User Flow[2m > [22mwhen user is anonymous (not authenticated)[2m > [22mshould NOT show regenerate button for anonymous users[32m 235[2mms[22m[39m
 [32m✓[39m src/hooks/api/useReadings.test.tsx[2m > [22museReadings - Spreads Hooks[2m > [22museSpreads[2m > [22mshould fetch all public spreads[32m 261[2mms[22m[39m
 [32m✓[39m src/hooks/api/useReadings.test.tsx[2m > [22museReadings - Spreads Hooks[2m > [22museSpreads[2m > [22mshould handle errors when fetching spreads[32m 90[2mms[22m[39m
 [32m✓[39m src/components/features/admin/PlanConfigCard.test.tsx[2m > [22mPlanConfigCard[2m > [22mshould show toggles in correct state[33m 684[2mms[22m[39m
 [32m✓[39m src/components/features/daily-reading/DailyCardExperience.anonymous.test.tsx[2m > [22mDailyCardExperience - Anonymous User Flow[2m > [22mwhen user is anonymous (not authenticated)[2m > [22mshould NOT show share button for anonymous users[32m 164[2mms[22m[39m
 [32m✓[39m src/components/features/daily-reading/DailyCardExperience.anonymous.test.tsx[2m > [22mDailyCardExperience - Anonymous User Flow[2m > [22mwhen user is authenticated[2m > [22mshould call authenticated endpoint for authenticated users[32m 16[2mms[22m[39m
 [32m✓[39m src/hooks/api/useReadings.test.tsx[2m > [22museReadings - Spreads Hooks[2m > [22museSpreads[2m > [22mshould use infinite staleTime for spreads[32m 23[2mms[22m[39m
 [32m✓[39m src/hooks/api/useReadings.test.tsx[2m > [22museReadings - Spreads Hooks[2m > [22museMyAvailableSpreads[2m > [22mshould fetch spreads filtered by user plan[32m 85[2mms[22m[39m
 [32m✓[39m src/components/features/home/PlanComparison.test.tsx[2m > [22mPlanComparison[2m > [22mFree plan[2m > [22mshould show "Sin interpretación IA" feature[32m 76[2mms[22m[39m
 [32m✓[39m src/components/features/home/PlanComparison.test.tsx[2m > [22mPlanComparison[2m > [22mFree plan[2m > [22mshould show "Gratis" price[32m 55[2mms[22m[39m
 [32m✓[39m src/components/features/admin/PlanConfigCard.test.tsx[2m > [22mPlanConfigCard[2m > [22mshould allow editing input fields[32m 111[2mms[22m[39m
 [32m✓[39m src/components/features/home/PlanComparison.test.tsx[2m > [22mPlanComparison[2m > [22mFree plan[2m > [22mshould show CTA to register[32m 234[2mms[22m[39m
 [32m✓[39m src/components/features/home/PlanComparison.test.tsx[2m > [22mPlanComparison[2m > [22mPremium plan[2m > [22mshould show "Lecturas ilimitadas" feature[32m 45[2mms[22m[39m
 [32m✓[39m src/hooks/api/useReadings.test.tsx[2m > [22museReadings - Spreads Hooks[2m > [22museMyAvailableSpreads[2m > [22mshould handle errors when fetching filtered spreads[32m 99[2mms[22m[39m
 [32m✓[39m src/components/features/daily-reading/DailyCardExperience.anonymous.test.tsx[2m > [22mDailyCardExperience - Anonymous User Flow[2m > [22mwhen user is authenticated[2m > [22mshould show full interpretation for authenticated users[33m 324[2mms[22m[39m
 [32m✓[39m src/components/features/home/PlanComparison.test.tsx[2m > [22mPlanComparison[2m > [22mPremium plan[2m > [22mshould show "Todas las tiradas" feature in Premium plan[32m 57[2mms[22m[39m
 [32m✓[39m src/components/features/home/PlanComparison.test.tsx[2m > [22mPlanComparison[2m > [22mPremium plan[2m > [22mshould show "Interpretación personalizada" feature in Premium plan[32m 52[2mms[22m[39m
 [32m✓[39m src/hooks/api/useReadings.test.tsx[2m > [22museReadings - Spreads Hooks[2m > [22museMyAvailableSpreads[2m > [22mshould use 5-minute staleTime for user-specific spreads[32m 101[2mms[22m[39m
 [32m✓[39m src/components/features/admin/PlanConfigCard.test.tsx[2m > [22mPlanConfigCard[2m > [22mshould show unsaved indicator when data changes[32m 166[2mms[22m[39m
 [32m✓[39m src/components/features/home/PlanComparison.test.tsx[2m > [22mPlanComparison[2m > [22mPremium plan[2m > [22mshould show "Preguntas personalizadas" feature[32m 67[2mms[22m[39m
 [32m✓[39m src/hooks/api/useReadings.test.tsx[2m > [22museReadings - Spreads Hooks[2m > [22museMyAvailableSpreads[2m > [22mshould return only FREE-tier spreads for FREE users[32m 136[2mms[22m[39m
 [32m✓[39m src/hooks/api/useReadings.test.tsx[2m > [22museReadings - Spreads Hooks[2m > [22museMyAvailableSpreads[2m > [22mshould return all spreads for PREMIUM users[32m 91[2mms[22m[39m
 [32m✓[39m src/hooks/api/useReadings.test.tsx[2m > [22museReadings - Spreads Hooks[2m > [22museCategories[2m > [22mshould fetch categories successfully[32m 130[2mms[22m[39m
 [32m✓[39m src/components/features/daily-reading/AnonymousLimitReached.test.tsx[2m > [22mAnonymousLimitReached[2m > [22mshould render the main message[32m 204[2mms[22m[39m
 [32m✓[39m src/components/features/admin/PlanConfigCard.test.tsx[2m > [22mPlanConfigCard[2m > [22mshould call onSave with updated data when save button clicked[32m 271[2mms[22m[39m
 [32m✓[39m src/components/features/home/PlanComparison.test.tsx[2m > [22mPlanComparison[2m > [22mPremium plan[2m > [22mshould show price "$9.99/mes"[32m 148[2mms[22m[39m
 [32m✓[39m src/components/features/home/PlanComparison.test.tsx[2m > [22mPlanComparison[2m > [22mPremium plan[2m > [22mshould show CTA to upgrade to premium[32m 231[2mms[22m[39m
 [32m✓[39m src/components/features/home/PlanComparison.test.tsx[2m > [22mPlanComparison[2m > [22mPremium plan[2m > [22mshould highlight Premium plan as recommended[32m 36[2mms[22m[39m
 [32m✓[39m src/hooks/api/useReadings.test.tsx[2m > [22museReadings - Spreads Hooks[2m > [22musePredefinedQuestions[2m > [22mshould fetch predefined questions for a category[32m 78[2mms[22m[39m
 [32m✓[39m src/hooks/api/useReadings.test.tsx[2m > [22museReadings - Spreads Hooks[2m > [22museMyReadings[2m > [22mshould fetch paginated readings[32m 87[2mms[22m[39m
 [32m✓[39m src/components/features/daily-reading/AnonymousLimitReached.test.tsx[2m > [22mAnonymousLimitReached[2m > [22mshould render the primary CTA button[33m 667[2mms[22m[39m
 [32m✓[39m src/components/features/marketplace/FavoriteTarotistaButton.test.tsx[2m > [22mFavoriteTarotistaButton[2m > [22mshould not render when user is not logged in[32m 49[2mms[22m[39m
 [32m✓[39m src/components/features/marketplace/FavoriteTarotistaButton.test.tsx[2m > [22mFavoriteTarotistaButton[2m > [22mshould not render when user has premium plan[32m 7[2mms[22m[39m
 [32m✓[39m src/components/features/admin/PlanConfigCard.test.tsx[2m > [22mPlanConfigCard[2m > [22mshould disable inputs when isLoading is true[32m 227[2mms[22m[39m
 [32m✓[39m src/components/features/admin/PlanConfigCard.test.tsx[2m > [22mPlanConfigCard[2m > [22mshould disable editing for anonymous plan[32m 84[2mms[22m[39m
 [32m✓[39m src/hooks/api/useReadings.test.tsx[2m > [22museReadings - Spreads Hooks[2m > [22museMyReadings[2m > [22mshould have 30 seconds staleTime for quick cache updates[32m 83[2mms[22m[39m
 [32m✓[39m src/components/features/daily-reading/AnonymousLimitReached.test.tsx[2m > [22mAnonymousLimitReached[2m > [22mshould render the secondary CTA button[32m 136[2mms[22m[39m
 [32m✓[39m src/app/admin/metricas/page.test.tsx[2m > [22mPlatformMetricsPage[2m > [22mshould render platform metrics page with correct title[33m 1122[2mms[22m[39m
 [32m✓[39m src/components/features/marketplace/FavoriteTarotistaButton.test.tsx[2m > [22mFavoriteTarotistaButton[2m > [22mshould render "Elegir como favorito" button for free users without favorite[33m 657[2mms[22m[39m
 [32m✓[39m src/components/features/admin/PlanConfigCard.test.tsx[2m > [22mPlanConfigCard[2m > [22mshould validate negative values (except -1 for unlimited)[32m 167[2mms[22m[39m
 [32m✓[39m src/components/features/admin/PlanConfigCard.test.tsx[2m > [22mPlanConfigCard[2m > [22mshould show plan-specific badge colors[32m 60[2mms[22m[39m
 [32m✓[39m src/hooks/api/useReadings.test.tsx[2m > [22museReadings - Spreads Hooks[2m > [22museReadingDetail[2m > [22mshould fetch reading detail by ID[32m 94[2mms[22m[39m
 [32m✓[39m src/hooks/api/useReadings.test.tsx[2m > [22museReadings - Spreads Hooks[2m > [22museCreateReading[2m > [22mshould create reading successfully[32m 88[2mms[22m[39m
 [32m✓[39m src/components/features/daily-reading/AnonymousLimitReached.test.tsx[2m > [22mAnonymousLimitReached[2m > [22mshould navigate to register page when primary CTA is clicked[32m 198[2mms[22m[39m
 [32m✓[39m src/app/admin/metricas/page.test.tsx[2m > [22mPlatformMetricsPage[2m > [22mshould have container class[32m 120[2mms[22m[39m
 [32m✓[39m src/app/admin/metricas/page.test.tsx[2m > [22mPlatformMetricsPage[2m > [22mshould have py-8 class[32m 80[2mms[22m[39m
 [32m✓[39m src/components/features/daily-reading/AnonymousLimitReached.test.tsx[2m > [22mAnonymousLimitReached[2m > [22mshould navigate to login page when secondary CTA is clicked[32m 125[2mms[22m[39m
 [32m✓[39m src/components/features/daily-reading/AnonymousLimitReached.test.tsx[2m > [22mAnonymousLimitReached[2m > [22mshould have proper ARIA attributes for accessibility[32m 38[2mms[22m[39m
 [32m✓[39m src/hooks/api/useReadings.test.tsx[2m > [22museReadings - Spreads Hooks[2m > [22museDeleteReading[2m > [22mshould soft delete reading successfully[32m 73[2mms[22m[39m
 [32m✓[39m src/hooks/api/useReadings.test.tsx[2m > [22museReadings - Spreads Hooks[2m > [22museRestoreReading[2m > [22mshould restore reading successfully[32m 105[2mms[22m[39m
 [32m✓[39m src/hooks/api/useReadings.test.tsx[2m > [22museReadings - Spreads Hooks[2m > [22museCreateReading - invalidation behavior[2m > [22mshould call invalidateUserData on successful reading creation[32m 98[2mms[22m[39m
 [32m✓[39m src/components/features/marketplace/FavoriteTarotistaButton.test.tsx[2m > [22mFavoriteTarotistaButton[2m > [22mshould open confirmation dialog when clicking "Elegir como favorito"[33m 376[2mms[22m[39m
 [32m✓[39m src/app/admin/metricas/page.test.tsx[2m > [22mPlatformMetricsPage[2m > [22mshould render loading skeleton while fetching data[32m 71[2mms[22m[39m
 [32m✓[39m src/hooks/api/useReadings.test.tsx[2m > [22museReadings - Spreads Hooks[2m > [22museCreateReading - invalidation behavior[2m > [22mshould refetch readings queries on success for immediate UI update[32m 94[2mms[22m[39m
 [32m✓[39m src/app/admin/metricas/page.test.tsx[2m > [22mPlatformMetricsPage[2m > [22mshould render metric cards when data is loaded[32m 277[2mms[22m[39m
 [32m✓[39m src/components/features/marketplace/FavoriteTarotistaButton.test.tsx[2m > [22mFavoriteTarotistaButton[2m > [22mshould call setFavoriteTarotista mutation when confirming[33m 341[2mms[22m[39m
 [32m✓[39m src/components/features/marketplace/FavoriteTarotistaButton.test.tsx[2m > [22mFavoriteTarotistaButton[2m > [22mshould render "Tu tarotista favorito" badge when already set as favorite[32m 18[2mms[22m[39m
 [32m✓[39m src/components/features/marketplace/FavoriteTarotistaButton.test.tsx[2m > [22mFavoriteTarotistaButton[2m > [22mshould render cooldown message when cannot change favorite[32m 24[2mms[22m[39m
 [32m✓[39m src/components/features/marketplace/FavoriteTarotistaButton.test.tsx[2m > [22mFavoriteTarotistaButton[2m > [22mshould not render button when cooldown active and not current favorite[32m 12[2mms[22m[39m
 [32m✓[39m src/components/features/marketplace/FavoriteTarotistaButton.test.tsx[2m > [22mFavoriteTarotistaButton[2m > [22mshould not render while loading subscription data[32m 5[2mms[22m[39m
 [32m✓[39m src/components/ui/__tests__/smoke.test.tsx[2m > [22mUI Components Smoke Tests[2m > [22mButton[2m > [22mrenders without crashing[33m 499[2mms[22m[39m
 [32m✓[39m src/app/admin/metricas/page.test.tsx[2m > [22mPlatformMetricsPage[2m > [22mshould render top tarotistas table when data is loaded[32m 139[2mms[22m[39m
 [32m✓[39m src/app/admin/metricas/page.test.tsx[2m > [22mPlatformMetricsPage[2m > [22mshould display error message when API fails[32m 78[2mms[22m[39m
 [32m✓[39m src/components/ui/__tests__/smoke.test.tsx[2m > [22mUI Components Smoke Tests[2m > [22mButton[2m > [22mrenders with different variants[32m 260[2mms[22m[39m
 [32m✓[39m src/app/admin/metricas/page.test.tsx[2m > [22mPlatformMetricsPage[2m > [22mshould have period selector in header[32m 114[2mms[22m[39m
 [32m✓[39m src/app/admin/metricas/page.test.tsx[2m > [22mPlatformMetricsPage[2m > [22mshould handle edge case when activeUsers is 0[32m 178[2mms[22m[39m
 [32m✓[39m src/components/ui/__tests__/smoke.test.tsx[2m > [22mUI Components Smoke Tests[2m > [22mButton[2m > [22mrenders with different sizes[32m 155[2mms[22m[39m
 [32m✓[39m src/components/ui/__tests__/smoke.test.tsx[2m > [22mUI Components Smoke Tests[2m > [22mButton[2m > [22mrenders disabled state[32m 51[2mms[22m[39m
 [32m✓[39m src/components/ui/__tests__/smoke.test.tsx[2m > [22mUI Components Smoke Tests[2m > [22mInput[2m > [22mrenders without crashing[32m 55[2mms[22m[39m
 [32m✓[39m src/components/ui/__tests__/smoke.test.tsx[2m > [22mUI Components Smoke Tests[2m > [22mInput[2m > [22mrenders with type text[32m 7[2mms[22m[39m
 [32m✓[39m src/components/ui/__tests__/smoke.test.tsx[2m > [22mUI Components Smoke Tests[2m > [22mInput[2m > [22mrenders with type email[32m 4[2mms[22m[39m
 [32m✓[39m src/components/ui/__tests__/smoke.test.tsx[2m > [22mUI Components Smoke Tests[2m > [22mInput[2m > [22mrenders with type password[32m 4[2mms[22m[39m
 [32m✓[39m src/components/ui/__tests__/smoke.test.tsx[2m > [22mUI Components Smoke Tests[2m > [22mInput[2m > [22mrenders disabled state[32m 61[2mms[22m[39m
 [32m✓[39m src/components/ui/__tests__/smoke.test.tsx[2m > [22mUI Components Smoke Tests[2m > [22mCard[2m > [22mrenders without crashing[32m 21[2mms[22m[39m
 [32m✓[39m src/components/ui/__tests__/smoke.test.tsx[2m > [22mUI Components Smoke Tests[2m > [22mCard[2m > [22mrenders with header[32m 7[2mms[22m[39m
 [32m✓[39m src/components/ui/__tests__/smoke.test.tsx[2m > [22mUI Components Smoke Tests[2m > [22mCard[2m > [22mrenders with description[32m 10[2mms[22m[39m
 [32m✓[39m src/components/ui/__tests__/smoke.test.tsx[2m > [22mUI Components Smoke Tests[2m > [22mCard[2m > [22mrenders with content[32m 4[2mms[22m[39m
 [32m✓[39m src/components/ui/__tests__/smoke.test.tsx[2m > [22mUI Components Smoke Tests[2m > [22mCard[2m > [22mrenders complete card structure[32m 7[2mms[22m[39m
 [32m✓[39m src/components/ui/__tests__/smoke.test.tsx[2m > [22mUI Components Smoke Tests[2m > [22mToaster[2m > [22mrenders without crashing[32m 23[2mms[22m[39m
 [32m✓[39m src/components/ui/__tests__/smoke.test.tsx[2m > [22mUI Components Smoke Tests[2m > [22mToaster[2m > [22mrenders with custom position[32m 18[2mms[22m[39m
 [32m✓[39m src/components/ui/__tests__/smoke.test.tsx[2m > [22mUI Components Smoke Tests[2m > [22mToaster[2m > [22mrenders with custom duration[32m 37[2mms[22m[39m
 [32m✓[39m src/components/ui/__tests__/smoke.test.tsx[2m > [22mUI Components Smoke Tests[2m > [22mDialog (Modal)[2m > [22mrenders trigger without crashing[32m 76[2mms[22m[39m
[90mstderr[2m | src/components/ui/__tests__/smoke.test.tsx[2m > [22m[2mUI Components Smoke Tests[2m > [22m[2mDialog (Modal)[2m > [22m[2mcloses when backdrop is clicked
[22m[39mWarning: Missing `Description` or `aria-describedby={undefined}` for {DialogContent}.

 [32m✓[39m src/components/ui/__tests__/smoke.test.tsx[2m > [22mUI Components Smoke Tests[2m > [22mDialog (Modal)[2m > [22mopens when trigger is clicked[33m 429[2mms[22m[39m
 [32m✓[39m src/components/ui/__tests__/smoke.test.tsx[2m > [22mUI Components Smoke Tests[2m > [22mDialog (Modal)[2m > [22mcloses when backdrop is clicked[32m 191[2mms[22m[39m
 [32m✓[39m src/components/features/marketplace/BookingPage.test.tsx[2m > [22mBookingPage[2m > [22mshould render loading state initially[32m 152[2mms[22m[39m
 [32m✓[39m src/components/features/marketplace/BookingPage.test.tsx[2m > [22mBookingPage[2m > [22mshould render breadcrumb with tarotista name[33m 723[2mms[22m[39m
 [32m✓[39m src/app/carta-del-dia/historial/page.test.tsx[2m > [22mDailyReadingHistoryPage[2m > [22mRendering[2m > [22mshould render the page title[32m 141[2mms[22m[39m
 [32m✓[39m src/app/carta-del-dia/historial/page.test.tsx[2m > [22mDailyReadingHistoryPage[2m > [22mRendering[2m > [22mshould show loading state[32m 20[2mms[22m[39m
 [32m✓[39m src/app/carta-del-dia/historial/page.test.tsx[2m > [22mDailyReadingHistoryPage[2m > [22mRendering[2m > [22mshould show error state[32m 35[2mms[22m[39m
 [32m✓[39m src/components/features/marketplace/BookingPage.test.tsx[2m > [22mBookingPage[2m > [22mshould display tarotista info in header[32m 257[2mms[22m[39m
 [32m✓[39m src/app/carta-del-dia/historial/page.test.tsx[2m > [22mDailyReadingHistoryPage[2m > [22mRendering[2m > [22mshould show empty state when no readings[33m 446[2mms[22m[39m
 [32m✓[39m src/app/carta-del-dia/historial/page.test.tsx[2m > [22mDailyReadingHistoryPage[2m > [22mRendering[2m > [22mshould render daily reading cards[32m 94[2mms[22m[39m
 [32m✓[39m src/components/features/marketplace/BookingPage.test.tsx[2m > [22mBookingPage[2m > [22mshould render BookingCalendar component[32m 167[2mms[22m[39m
 [32m✓[39m src/hooks/api/useUser.test.ts[2m > [22museUser hooks[2m > [22museProfile[2m > [22mshould fetch user profile[32m 166[2mms[22m[39m
 [32m✓[39m src/components/features/marketplace/BookingPage.test.tsx[2m > [22mBookingPage[2m > [22mshould handle successful booking[32m 172[2mms[22m[39m
 [32m✓[39m src/components/features/marketplace/BookingPage.test.tsx[2m > [22mBookingPage[2m > [22mshould show error state when tarotista not found[32m 18[2mms[22m[39m
 [32m✓[39m src/components/features/marketplace/BookingPage.test.tsx[2m > [22mBookingPage[2m > [22mshould show loading overlay when booking is in progress[32m 131[2mms[22m[39m
 [32m✓[39m src/app/carta-del-dia/historial/page.test.tsx[2m > [22mDailyReadingHistoryPage[2m > [22mEmpty State[2m > [22mshould navigate to daily reading page when "Ver carta de hoy" is clicked[32m 220[2mms[22m[39m
 [32m✓[39m src/app/carta-del-dia/historial/page.test.tsx[2m > [22mDailyReadingHistoryPage[2m > [22mPagination[2m > [22mshould show pagination controls when multiple pages[32m 91[2mms[22m[39m
 [32m✓[39m src/app/carta-del-dia/historial/page.test.tsx[2m > [22mDailyReadingHistoryPage[2m > [22mPagination[2m > [22mshould not show pagination when single page[32m 17[2mms[22m[39m
 [32m✓[39m src/app/carta-del-dia/historial/page.test.tsx[2m > [22mDailyReadingHistoryPage[2m > [22mPagination[2m > [22mshould call useDailyReadingHistory with page and limit[32m 17[2mms[22m[39m
 [32m✓[39m src/app/carta-del-dia/historial/page.test.tsx[2m > [22mDailyReadingHistoryPage[2m > [22mAuthentication[2m > [22mshould show loading when auth is loading[32m 11[2mms[22m[39m
 [32m✓[39m src/hooks/api/useUser.test.ts[2m > [22museUser hooks[2m > [22museProfile[2m > [22mshould handle error when fetching profile[32m 86[2mms[22m[39m
 [32m✓[39m src/hooks/api/useUser.test.ts[2m > [22museUser hooks[2m > [22museProfile[2m > [22mshould cache profile with correct query key[32m 61[2mms[22m[39m
 [32m✓[39m src/hooks/api/useUser.test.ts[2m > [22museUser hooks[2m > [22museUpdateProfile[2m > [22mshould update user profile[32m 88[2mms[22m[39m
 [32m✓[39m src/hooks/api/useUser.test.ts[2m > [22museUser hooks[2m > [22museUpdateProfile[2m > [22mshould invalidate profile query on success[32m 73[2mms[22m[39m
 [32m✓[39m src/hooks/api/useUser.test.ts[2m > [22museUser hooks[2m > [22museUpdateProfile[2m > [22mshould show success toast on successful update[32m 66[2mms[22m[39m
 [32m✓[39m src/hooks/api/useUser.test.ts[2m > [22museUser hooks[2m > [22museUpdateProfile[2m > [22mshould show error toast on failed update[32m 67[2mms[22m[39m
 [32m✓[39m src/hooks/api/useUser.test.ts[2m > [22museUser hooks[2m > [22museUpdateProfile[2m > [22mshould handle partial updates[32m 73[2mms[22m[39m
 [32m✓[39m src/hooks/api/useUser.test.ts[2m > [22museUser hooks[2m > [22museUpdatePassword[2m > [22mshould update user password[32m 69[2mms[22m[39m
 [32m✓[39m src/components/features/readings/SharedReadingView.test.tsx[2m > [22mSharedReadingView[2m > [22mshould render reading question as title[33m 852[2mms[22m[39m
 [32m✓[39m src/components/features/readings/SharedReadingView.test.tsx[2m > [22mSharedReadingView[2m > [22mshould render spread name badge[32m 56[2mms[22m[39m
 [32m✓[39m src/hooks/api/useUser.test.ts[2m > [22museUser hooks[2m > [22museUpdatePassword[2m > [22mshould show success toast on successful password update[32m 82[2mms[22m[39m
 [32m✓[39m src/hooks/api/useUser.test.ts[2m > [22museUser hooks[2m > [22museUpdatePassword[2m > [22mshould show error toast on failed password update[32m 83[2mms[22m[39m
 [32m✓[39m src/hooks/api/useUser.test.ts[2m > [22museUser hooks[2m > [22museDeleteAccount[2m > [22mshould delete user account[32m 76[2mms[22m[39m
 [32m✓[39m src/components/features/readings/SharedReadingView.test.tsx[2m > [22mSharedReadingView[2m > [22mshould render formatted date[32m 65[2mms[22m[39m
 [32m✓[39m src/components/features/readings/SharedReadingView.test.tsx[2m > [22mSharedReadingView[2m > [22mshould render all cards with their positions[32m 50[2mms[22m[39m
 [32m✓[39m src/hooks/api/useUser.test.ts[2m > [22museUser hooks[2m > [22museDeleteAccount[2m > [22mshould call logout after successful deletion[32m 91[2mms[22m[39m
 [32m✓[39m src/hooks/api/useUser.test.ts[2m > [22museUser hooks[2m > [22museDeleteAccount[2m > [22mshould show success toast after deletion[32m 78[2mms[22m[39m
 [32m✓[39m src/components/features/readings/SharedReadingView.test.tsx[2m > [22mSharedReadingView[2m > [22mshould render interpretation as markdown[32m 228[2mms[22m[39m
 [32m✓[39m src/components/features/readings/SharedReadingView.test.tsx[2m > [22mSharedReadingView[2m > [22mshould render CTA footer with link to registration[32m 115[2mms[22m[39m
 [32m✓[39m src/components/features/readings/SharedReadingView.test.tsx[2m > [22mSharedReadingView[2m > [22mshould handle string interpretation[32m 36[2mms[22m[39m
 [32m✓[39m src/components/features/readings/SharedReadingView.test.tsx[2m > [22mSharedReadingView[2m > [22mshould display Auguria logo[32m 37[2mms[22m[39m
 [32m✓[39m src/hooks/api/useUser.test.ts[2m > [22museUser hooks[2m > [22museDeleteAccount[2m > [22mshould show error toast on failed deletion[32m 64[2mms[22m[39m
 [32m✓[39m src/hooks/api/useUser.test.ts[2m > [22museUser hooks[2m > [22museDeleteAccount[2m > [22mshould not call logout if deletion fails[32m 87[2mms[22m[39m
 [2m[90m↓[39m[22m src/app/carta-del-dia/page.test.tsx[2m > [22mCartaDelDiaPage[2m > [22mAuthentication[2m > [22mshould show loading state while checking auth
 [2m[90m↓[39m[22m src/app/carta-del-dia/page.test.tsx[2m > [22mCartaDelDiaPage[2m > [22mAuthentication[2m > [22mshould use useRequireAuth hook
 [32m✓[39m src/app/carta-del-dia/page.test.tsx[2m > [22mCartaDelDiaPage[2m > [22mEstado 1: Card Not Revealed[2m > [22mshould render unrevealed state when no daily reading exists[32m 117[2mms[22m[39m
 [32m✓[39m src/app/carta-del-dia/page.test.tsx[2m > [22mCartaDelDiaPage[2m > [22mEstado 1: Card Not Revealed[2m > [22mshould display mystical prompt text[32m 26[2mms[22m[39m
 [32m✓[39m src/app/carta-del-dia/page.test.tsx[2m > [22mCartaDelDiaPage[2m > [22mEstado 1: Card Not Revealed[2m > [22mshould render a face-down card that is clickable[32m 15[2mms[22m[39m
 [32m✓[39m src/app/carta-del-dia/page.test.tsx[2m > [22mCartaDelDiaPage[2m > [22mEstado 1: Card Not Revealed[2m > [22mshould call useDailyReading mutation when card is clicked[33m 445[2mms[22m[39m
 [32m✓[39m src/app/carta-del-dia/page.test.tsx[2m > [22mCartaDelDiaPage[2m > [22mEstado 1: Card Not Revealed[2m > [22mshould show loading state while creating daily reading[32m 30[2mms[22m[39m
 [32m✓[39m src/app/carta-del-dia/page.test.tsx[2m > [22mCartaDelDiaPage[2m > [22mEstado 2: Card Revealed[2m > [22mshould render revealed state when daily reading exists[32m 26[2mms[22m[39m
 [32m✓[39m src/app/carta-del-dia/page.test.tsx[2m > [22mCartaDelDiaPage[2m > [22mEstado 2: Card Revealed[2m > [22mshould display the card name with golden color[32m 29[2mms[22m[39m
 [32m✓[39m src/app/carta-del-dia/page.test.tsx[2m > [22mCartaDelDiaPage[2m > [22mEstado 2: Card Revealed[2m > [22mshould display the interpretation[32m 20[2mms[22m[39m
 [32m✓[39m src/app/carta-del-dia/page.test.tsx[2m > [22mCartaDelDiaPage[2m > [22mEstado 2: Card Revealed[2m > [22mshould show reversed indicator when card is reversed[32m 23[2mms[22m[39m
 [32m✓[39m src/app/carta-del-dia/page.test.tsx[2m > [22mCartaDelDiaPage[2m > [22mAction Buttons[2m > [22mshould render share button in revealed state[32m 206[2mms[22m[39m
 [32m✓[39m src/app/carta-del-dia/page.test.tsx[2m > [22mCartaDelDiaPage[2m > [22mAction Buttons[2m > [22mshould render history button in revealed state[32m 98[2mms[22m[39m
 [32m✓[39m src/app/carta-del-dia/page.test.tsx[2m > [22mCartaDelDiaPage[2m > [22mAction Buttons[2m > [22mshould navigate to history when history button is clicked[32m 128[2mms[22m[39m
 [32m✓[39m src/app/carta-del-dia/page.test.tsx[2m > [22mCartaDelDiaPage[2m > [22mAction Buttons[2m > [22mshould copy interpretation when share button is clicked[32m 113[2mms[22m[39m
 [32m✓[39m src/app/carta-del-dia/page.test.tsx[2m > [22mCartaDelDiaPage[2m > [22mAction Buttons[2m > [22mshould show daily card limit message for FREE users who already have a daily card[32m 117[2mms[22m[39m
 [32m✓[39m src/app/carta-del-dia/page.test.tsx[2m > [22mCartaDelDiaPage[2m > [22mLoading States[2m > [22mshould show loading skeleton while fetching daily reading[32m 6[2mms[22m[39m
 [32m✓[39m src/app/carta-del-dia/page.test.tsx[2m > [22mCartaDelDiaPage[2m > [22mError Handling[2m > [22mshould show error message when fetch fails[32m 7[2mms[22m[39m
 [32m✓[39m src/app/carta-del-dia/page.test.tsx[2m > [22mCartaDelDiaPage[2m > [22mAccessibility[2m > [22mshould have proper heading hierarchy[32m 49[2mms[22m[39m
 [32m✓[39m src/app/carta-del-dia/page.test.tsx[2m > [22mCartaDelDiaPage[2m > [22mAccessibility[2m > [22mshould have proper ARIA labels on interactive elements[32m 10[2mms[22m[39m
 [32m✓[39m src/app/carta-del-dia/page.test.tsx[2m > [22mCartaDelDiaPage[2m > [22mStyling[2m > [22mshould have min-h-screen class[32m 9[2mms[22m[39m
 [32m✓[39m src/app/carta-del-dia/page.test.tsx[2m > [22mCartaDelDiaPage[2m > [22mStyling[2m > [22mshould have gradient background[32m 9[2mms[22m[39m
 [32m✓[39m src/app/carta-del-dia/page.test.tsx[2m > [22mCartaDelDiaPage[2m > [22mStyling[2m > [22mshould have font-serif class on card title[32m 14[2mms[22m[39m
 [32m✓[39m src/app/admin/audit/page.test.tsx[2m > [22mAuditLogsPage[2m > [22mshould render page title and description[32m 113[2mms[22m[39m
 [32m✓[39m src/app/admin/audit/page.test.tsx[2m > [22mAuditLogsPage[2m > [22mshould show loading skeleton while fetching[32m 14[2mms[22m[39m
 [32m✓[39m src/app/admin/audit/page.test.tsx[2m > [22mAuditLogsPage[2m > [22mshould render audit logs table with data[33m 362[2mms[22m[39m
 [32m✓[39m src/app/admin/audit/page.test.tsx[2m > [22mAuditLogsPage[2m > [22mshould show empty state when no logs[32m 157[2mms[22m[39m
 [32m✓[39m src/components/features/dashboard/UserDashboard.test.tsx[2m > [22mUserDashboard[2m > [22mshould render WelcomeHeader[32m 194[2mms[22m[39m
 [32m✓[39m src/components/features/dashboard/UserDashboard.test.tsx[2m > [22mUserDashboard[2m > [22mshould render QuickActions[32m 58[2mms[22m[39m
 [32m✓[39m src/app/admin/audit/page.test.tsx[2m > [22mAuditLogsPage[2m > [22mshould render filter controls[32m 237[2mms[22m[39m
 [32m✓[39m src/app/admin/audit/page.test.tsx[2m > [22mAuditLogsPage[2m > [22mshould handle filter changes[32m 240[2mms[22m[39m
 [32m✓[39m src/components/features/dashboard/UserDashboard.test.tsx[2m > [22mUserDashboard[2m > [22mshould render DidYouKnowSection[32m 41[2mms[22m[39m
 [32m✓[39m src/components/features/dashboard/UserDashboard.test.tsx[2m > [22mUserDashboard[2m > [22mshould render StatsSection for premium users[32m 60[2mms[22m[39m
 [32m✓[39m src/components/features/dashboard/UserDashboard.test.tsx[2m > [22mUserDashboard[2m > [22mshould NOT render StatsSection for free users[32m 33[2mms[22m[39m
 [32m✓[39m src/components/features/dashboard/UserDashboard.test.tsx[2m > [22mUserDashboard[2m > [22mshould render UpgradeBanner for free users[32m 55[2mms[22m[39m
 [32m✓[39m src/components/features/dashboard/UserDashboard.test.tsx[2m > [22mUserDashboard[2m > [22mshould NOT render UpgradeBanner for premium users[32m 31[2mms[22m[39m
 [32m✓[39m src/components/features/dashboard/UserDashboard.test.tsx[2m > [22mUserDashboard[2m > [22mshould open UpgradeModal when upgrade banner is clicked[33m 632[2mms[22m[39m
 [32m✓[39m src/components/features/dashboard/UserDashboard.test.tsx[2m > [22mUserDashboard[2m > [22mshould close UpgradeModal when close button is clicked[32m 294[2mms[22m[39m
 [32m✓[39m src/components/features/home/TryWithoutRegisterSection.test.tsx[2m > [22mTryWithoutRegisterSection[2m > [22mshould render section title when quota available[33m 711[2mms[22m[39m
 [32m✓[39m src/components/features/home/TryWithoutRegisterSection.test.tsx[2m > [22mTryWithoutRegisterSection[2m > [22mshould render explanation text when quota available[32m 22[2mms[22m[39m
 [32m✓[39m src/components/features/home/TryWithoutRegisterSection.test.tsx[2m > [22mTryWithoutRegisterSection[2m > [22mshould render call-to-action button with correct link when quota available[32m 123[2mms[22m[39m
 [32m✓[39m src/components/features/home/TryWithoutRegisterSection.test.tsx[2m > [22mTryWithoutRegisterSection[2m > [22mshould show limit reached message when quota consumed today[32m 104[2mms[22m[39m
 [32m✓[39m src/components/features/home/TryWithoutRegisterSection.test.tsx[2m > [22mTryWithoutRegisterSection[2m > [22mshould show registration CTA when quota consumed[32m 195[2mms[22m[39m
 [32m✓[39m src/components/features/home/TryWithoutRegisterSection.test.tsx[2m > [22mTryWithoutRegisterSection[2m > [22mshould reset quota if consumed date is from previous day[32m 141[2mms[22m[39m
 [32m✓[39m src/components/features/home/TryWithoutRegisterSection.test.tsx[2m > [22mTryWithoutRegisterSection[2m > [22mshould have proper semantic structure with section tag[32m 19[2mms[22m[39m
 [32m✓[39m src/components/features/home/TryWithoutRegisterSection.test.tsx[2m > [22mTryWithoutRegisterSection[2m > [22mshould display sparkles icon when quota available[32m 13[2mms[22m[39m
 [32m✓[39m src/components/features/home/TryWithoutRegisterSection.test.tsx[2m > [22mTryWithoutRegisterSection[2m > [22mshould display clock icon when limit reached[32m 13[2mms[22m[39m
 [32m✓[39m src/components/features/marketplace/TarotistaCard.test.tsx[2m > [22mTarotistaCard[2m > [22mRendering[2m > [22mshould render the tarotista name[32m 266[2mms[22m[39m
 [32m✓[39m src/components/features/marketplace/TarotistaCard.test.tsx[2m > [22mTarotistaCard[2m > [22mRendering[2m > [22mshould render the tarotista profile image when fotoPerfil is provided[32m 29[2mms[22m[39m
 [32m✓[39m src/components/features/marketplace/TarotistaCard.test.tsx[2m > [22mTarotistaCard[2m > [22mRendering[2m > [22mshould render initials fallback when no profile image[32m 19[2mms[22m[39m
 [32m✓[39m src/components/features/marketplace/TarotistaCard.test.tsx[2m > [22mTarotistaCard[2m > [22mRendering[2m > [22mshould render availability badge as online when available[32m 31[2mms[22m[39m
 [32m✓[39m src/components/features/marketplace/TarotistaCard.test.tsx[2m > [22mTarotistaCard[2m > [22mRendering[2m > [22mshould render availability badge as offline when not available[32m 27[2mms[22m[39m
 [32m✓[39m src/components/features/marketplace/TarotistaCard.test.tsx[2m > [22mTarotistaCard[2m > [22mRendering[2m > [22mshould render rating stars based on ratingPromedio[32m 23[2mms[22m[39m
 [32m✓[39m src/components/features/marketplace/TarotistaCard.test.tsx[2m > [22mTarotistaCard[2m > [22mRendering[2m > [22mshould render reviews count[32m 21[2mms[22m[39m
 [32m✓[39m src/components/features/marketplace/TarotistaCard.test.tsx[2m > [22mTarotistaCard[2m > [22mRendering[2m > [22mshould render specialties as badges[32m 26[2mms[22m[39m
 [32m✓[39m src/components/features/marketplace/TarotistaCard.test.tsx[2m > [22mTarotistaCard[2m > [22mRendering[2m > [22mshould apply correct color to specialty badges[32m 35[2mms[22m[39m
 [32m✓[39m src/components/features/marketplace/TarotistaCard.test.tsx[2m > [22mTarotistaCard[2m > [22mRendering[2m > [22mshould truncate long bio to 3 lines[32m 20[2mms[22m[39m
 [32m✓[39m src/components/features/marketplace/TarotistaCard.test.tsx[2m > [22mTarotistaCard[2m > [22mRendering[2m > [22mshould render price per session[32m 40[2mms[22m[39m
 [32m✓[39m src/components/features/readings/TarotCard.test.tsx[2m > [22mTarotCard[2m > [22mRendering[2m > [22mshould render the card back when not revealed[32m 160[2mms[22m[39m
 [32m✓[39m src/components/features/readings/TarotCard.test.tsx[2m > [22mTarotCard[2m > [22mRendering[2m > [22mshould render the card front when revealed with card data[32m 29[2mms[22m[39m
 [32m✓[39m src/components/features/readings/TarotCard.test.tsx[2m > [22mTarotCard[2m > [22mRendering[2m > [22mshould not visually show card name when card is not revealed[32m 11[2mms[22m[39m
 [32m✓[39m src/components/features/readings/TarotCard.test.tsx[2m > [22mTarotCard[2m > [22mSizes[2m > [22mshould render with small size when size="sm"[32m 10[2mms[22m[39m
 [32m✓[39m src/components/features/readings/TarotCard.test.tsx[2m > [22mTarotCard[2m > [22mSizes[2m > [22mshould render with medium size by default[32m 13[2mms[22m[39m
 [32m✓[39m src/components/features/readings/TarotCard.test.tsx[2m > [22mTarotCard[2m > [22mSizes[2m > [22mshould render with medium size when size="md"[32m 9[2mms[22m[39m
 [32m✓[39m src/components/features/readings/TarotCard.test.tsx[2m > [22mTarotCard[2m > [22mSizes[2m > [22mshould render with large size when size="lg"[32m 12[2mms[22m[39m
 [32m✓[39m src/components/features/marketplace/TarotistaCard.test.tsx[2m > [22mTarotistaCard[2m > [22mRendering[2m > [22mshould render "Ver Perfil" button[33m 370[2mms[22m[39m
 [32m✓[39m src/components/features/marketplace/TarotistaCard.test.tsx[2m > [22mTarotistaCard[2m > [22mRendering[2m > [22mshould show empty stars when rating is null[32m 28[2mms[22m[39m
 [32m✓[39m src/components/layout/Footer.test.tsx[2m > [22mFooter[2m > [22mRendering[2m > [22mshould render footer element[33m 425[2mms[22m[39m
 [32m✓[39m src/components/layout/Footer.test.tsx[2m > [22mFooter[2m > [22mRendering[2m > [22mshould render copyright text[32m 22[2mms[22m[39m
 [32m✓[39m src/components/features/marketplace/TarotistaCard.test.tsx[2m > [22mTarotistaCard[2m > [22mInteractions[2m > [22mshould call onViewProfile with tarotista id when "Ver Perfil" is clicked[32m 202[2mms[22m[39m
 [32m✓[39m src/components/features/marketplace/TarotistaCard.test.tsx[2m > [22mTarotistaCard[2m > [22mStyling[2m > [22mshould have hover scale and shadow styles[32m 30[2mms[22m[39m
 [32m✓[39m src/components/features/marketplace/TarotistaCard.test.tsx[2m > [22mTarotistaCard[2m > [22mStyling[2m > [22mshould have surface background and soft shadow[32m 18[2mms[22m[39m
 [32m✓[39m src/components/features/marketplace/TarotistaCard.test.tsx[2m > [22mTarotistaCard[2m > [22mStyling[2m > [22mshould have golden border on avatar[32m 16[2mms[22m[39m
 [32m✓[39m src/components/features/marketplace/TarotistaCard.test.tsx[2m > [22mTarotistaCard[2m > [22mStyling[2m > [22mshould apply custom className when provided[32m 17[2mms[22m[39m
 [32m✓[39m src/components/layout/Footer.test.tsx[2m > [22mFooter[2m > [22mLinks[2m > [22mshould render "Términos" link[32m 211[2mms[22m[39m
 [32m✓[39m src/components/features/marketplace/TarotistaCard.test.tsx[2m > [22mTarotistaCard[2m > [22mEdge Cases[2m > [22mshould handle empty specialties array[32m 44[2mms[22m[39m
 [32m✓[39m src/components/features/marketplace/TarotistaCard.test.tsx[2m > [22mTarotistaCard[2m > [22mEdge Cases[2m > [22mshould handle null bio[32m 19[2mms[22m[39m
 [32m✓[39m src/components/features/marketplace/TarotistaCard.test.tsx[2m > [22mTarotistaCard[2m > [22mEdge Cases[2m > [22mshould handle single word name for initials[32m 22[2mms[22m[39m
 [32m✓[39m src/components/features/marketplace/TarotistaCard.test.tsx[2m > [22mTarotistaCard[2m > [22mEdge Cases[2m > [22mshould default to unavailable when isAvailable is not provided[32m 25[2mms[22m[39m
 [32m✓[39m src/components/features/marketplace/TarotistaCard.test.tsx[2m > [22mTarotistaCard[2m > [22mEdge Cases[2m > [22mshould default price to consultation text when not provided[32m 22[2mms[22m[39m
 [32m✓[39m src/components/layout/Footer.test.tsx[2m > [22mFooter[2m > [22mLinks[2m > [22mshould render "Privacidad" link[32m 144[2mms[22m[39m
 [32m✓[39m src/components/features/readings/TarotCard.test.tsx[2m > [22mTarotCard[2m > [22mInteraction[2m > [22mshould call onClick when clicked[32m 29[2mms[22m[39m
 [32m✓[39m src/components/features/readings/TarotCard.test.tsx[2m > [22mTarotCard[2m > [22mInteraction[2m > [22mshould not throw when clicked without onClick handler[32m 14[2mms[22m[39m
 [32m✓[39m src/components/features/readings/TarotCard.test.tsx[2m > [22mTarotCard[2m > [22mInteraction[2m > [22mshould have cursor-pointer class when onClick is provided[32m 19[2mms[22m[39m
 [32m✓[39m src/components/features/readings/TarotCard.test.tsx[2m > [22mTarotCard[2m > [22mInteraction[2m > [22mshould not have cursor-pointer class when onClick is not provided[32m 11[2mms[22m[39m
 [32m✓[39m src/components/layout/Footer.test.tsx[2m > [22mFooter[2m > [22mLinks[2m > [22mshould render "Contacto" link[32m 112[2mms[22m[39m
 [32m✓[39m src/components/layout/Footer.test.tsx[2m > [22mFooter[2m > [22mStyling[2m > [22mshould have muted text color[32m 34[2mms[22m[39m
 [32m✓[39m src/components/layout/Footer.test.tsx[2m > [22mFooter[2m > [22mStyling[2m > [22mshould have vertical padding[32m 31[2mms[22m[39m
 [32m✓[39m src/components/layout/Footer.test.tsx[2m > [22mFooter[2m > [22mStyling[2m > [22mshould center content[32m 27[2mms[22m[39m
 [32m✓[39m src/components/features/admin/ApplicationCard.test.tsx[2m > [22mApplicationCard[2m > [22mshould render application details[32m 241[2mms[22m[39m
 [32m✓[39m src/components/features/admin/ApplicationCard.test.tsx[2m > [22mApplicationCard[2m > [22mshould render specialties[32m 33[2mms[22m[39m
 [32m✓[39m src/components/features/admin/ApplicationCard.test.tsx[2m > [22mApplicationCard[2m > [22mshould render biografia, motivacion and experiencia[32m 58[2mms[22m[39m
 [32m✓[39m src/components/layout/Footer.test.tsx[2m > [22mFooter[2m > [22mAccessibility[2m > [22mshould have proper footer landmark[32m 30[2mms[22m[39m
 [32m✓[39m src/components/layout/Footer.test.tsx[2m > [22mFooter[2m > [22mAccessibility[2m > [22mshould have navigation landmark for links[32m 73[2mms[22m[39m
 [32m✓[39m src/components/features/readings/TarotCard.test.tsx[2m > [22mTarotCard[2m > [22mFlip Animation[2m > [22mshould have the flip container with preserve-3d[33m 437[2mms[22m[39m
 [32m✓[39m src/components/features/readings/TarotCard.test.tsx[2m > [22mTarotCard[2m > [22mFlip Animation[2m > [22mshould rotate when revealed[32m 10[2mms[22m[39m
 [32m✓[39m src/components/features/readings/TarotCard.test.tsx[2m > [22mTarotCard[2m > [22mFlip Animation[2m > [22mshould not rotate when not revealed[32m 7[2mms[22m[39m
 [32m✓[39m src/components/features/admin/ApplicationCard.test.tsx[2m > [22mApplicationCard[2m > [22mshould call onApprove when clicking approve button[33m 471[2mms[22m[39m
 [32m✓[39m src/components/features/readings/TarotCard.test.tsx[2m > [22mTarotCard[2m > [22mAccessibility[2m > [22mshould have proper alt text when card is revealed[32m 243[2mms[22m[39m
 [32m✓[39m src/components/features/readings/TarotCard.test.tsx[2m > [22mTarotCard[2m > [22mAccessibility[2m > [22mshould have role="button" when onClick is provided[32m 43[2mms[22m[39m
 [32m✓[39m src/components/features/readings/TarotCard.test.tsx[2m > [22mTarotCard[2m > [22mAccessibility[2m > [22mshould have aria-label describing the card state when not revealed[32m 13[2mms[22m[39m
 [32m✓[39m src/components/features/readings/TarotCard.test.tsx[2m > [22mTarotCard[2m > [22mAccessibility[2m > [22mshould have aria-label with card name when revealed[32m 12[2mms[22m[39m
 [32m✓[39m src/components/features/readings/TarotCard.test.tsx[2m > [22mTarotCard[2m > [22mStyling[2m > [22mshould have rounded-xl border radius[32m 10[2mms[22m[39m
 [32m✓[39m src/components/features/readings/TarotCard.test.tsx[2m > [22mTarotCard[2m > [22mStyling[2m > [22mshould have shadow-lg[32m 9[2mms[22m[39m
 [32m✓[39m src/components/features/readings/TarotCard.test.tsx[2m > [22mTarotCard[2m > [22mCard Back Design[2m > [22mshould display geometric pattern on the back[32m 7[2mms[22m[39m
 [32m✓[39m src/components/features/admin/ApplicationCard.test.tsx[2m > [22mApplicationCard[2m > [22mshould call onReject when clicking reject button[32m 163[2mms[22m[39m
 [32m✓[39m src/components/features/admin/ApplicationCard.test.tsx[2m > [22mApplicationCard[2m > [22mshould format date correctly[32m 40[2mms[22m[39m
 [32m✓[39m src/components/features/admin/ApplicationCard.test.tsx[2m > [22mApplicationCard[2m > [22mshould disable buttons when loading[32m 177[2mms[22m[39m
 [32m✓[39m src/components/features/readings/TarotCard.test.tsx[2m > [22mTarotCard[2m > [22mReversed Cards[2m > [22mshould show reversed orientation indicator for reversed cards[32m 156[2mms[22m[39m
 [32m✓[39m src/components/features/readings/TarotCard.test.tsx[2m > [22mTarotCard[2m > [22mReversed Cards[2m > [22mshould not rotate upright cards[32m 92[2mms[22m[39m
 [32m✓[39m src/components/features/readings/TarotCard.test.tsx[2m > [22mTarotCard[2m > [22mReversed Cards[2m > [22mshould include reversed indicator in alt text for reversed cards[32m 65[2mms[22m[39m
 [32m✓[39m src/components/features/readings/TarotCard.test.tsx[2m > [22mTarotCard[2m > [22mKeyboard Accessibility[2m > [22mshould call onClick when Enter key is pressed[32m 12[2mms[22m[39m
 [32m✓[39m src/components/features/readings/TarotCard.test.tsx[2m > [22mTarotCard[2m > [22mKeyboard Accessibility[2m > [22mshould call onClick when Space key is pressed[32m 13[2mms[22m[39m
 [32m✓[39m src/components/features/home/HowItWorks.test.tsx[2m > [22mHowItWorks[2m > [22mshould render section title[33m 890[2mms[22m[39m
 [32m✓[39m src/components/features/readings/TarotCard.test.tsx[2m > [22mTarotCard[2m > [22mKeyboard Accessibility[2m > [22mshould not call onClick for other keys[32m 13[2mms[22m[39m
 [32m✓[39m src/components/features/readings/TarotCard.test.tsx[2m > [22mTarotCard[2m > [22mKeyboard Accessibility[2m > [22mshould have tabIndex when onClick is provided[32m 11[2mms[22m[39m
 [32m✓[39m src/components/features/readings/TarotCard.test.tsx[2m > [22mTarotCard[2m > [22mKeyboard Accessibility[2m > [22mshould not have tabIndex when onClick is not provided[32m 6[2mms[22m[39m
 [32m✓[39m src/components/features/readings/TarotCard.test.tsx[2m > [22mTarotCard[2m > [22mPlaceholder Image[2m > [22mshould show placeholder when card has no imageUrl[32m 9[2mms[22m[39m
 [32m✓[39m src/components/features/readings/TarotCard.test.tsx[2m > [22mTarotCard[2m > [22mPlaceholder Image[2m > [22mshould show card name in placeholder when card is provided[32m 56[2mms[22m[39m
 [32m✓[39m src/components/features/readings/TarotCard.test.tsx[2m > [22mTarotCard[2m > [22mPlaceholder Image[2m > [22mshould rotate placeholder for reversed cards[32m 98[2mms[22m[39m
 [32m✓[39m src/components/features/readings/TarotCard.test.tsx[2m > [22mTarotCard[2m > [22mCustom className[2m > [22mshould accept and apply custom className[32m 14[2mms[22m[39m
 [32m✓[39m src/components/features/home/HowItWorks.test.tsx[2m > [22mHowItWorks[2m > [22mshould render three steps[33m 317[2mms[22m[39m
 [32m✓[39m src/components/features/home/HowItWorks.test.tsx[2m > [22mHowItWorks[2m > [22mStep 1 - Elige tu pregunta[2m > [22mshould show step number[32m 30[2mms[22m[39m
 [32m✓[39m src/components/features/home/HowItWorks.test.tsx[2m > [22mHowItWorks[2m > [22mStep 1 - Elige tu pregunta[2m > [22mshould show step description[32m 27[2mms[22m[39m
 [32m✓[39m src/components/features/home/HowItWorks.test.tsx[2m > [22mHowItWorks[2m > [22mStep 2 - Selecciona tus cartas[2m > [22mshould show step number[32m 23[2mms[22m[39m
 [32m✓[39m src/components/features/home/HowItWorks.test.tsx[2m > [22mHowItWorks[2m > [22mStep 2 - Selecciona tus cartas[2m > [22mshould show step description[32m 20[2mms[22m[39m
 [32m✓[39m src/components/features/home/HowItWorks.test.tsx[2m > [22mHowItWorks[2m > [22mStep 3 - Recibe tu lectura[2m > [22mshould show step number[32m 23[2mms[22m[39m
 [32m✓[39m src/components/features/home/HowItWorks.test.tsx[2m > [22mHowItWorks[2m > [22mStep 3 - Recibe tu lectura[2m > [22mshould show step description[32m 28[2mms[22m[39m
 [32m✓[39m src/components/features/marketplace/SessionCard.test.tsx[2m > [22mSessionCard[2m > [22mBasic Rendering[2m > [22mshould render session card[32m 108[2mms[22m[39m
 [32m✓[39m src/components/features/marketplace/SessionCard.test.tsx[2m > [22mSessionCard[2m > [22mBasic Rendering[2m > [22mshould display session date formatted correctly[32m 37[2mms[22m[39m
 [32m✓[39m src/components/features/marketplace/SessionCard.test.tsx[2m > [22mSessionCard[2m > [22mBasic Rendering[2m > [22mshould display session time[32m 12[2mms[22m[39m
 [32m✓[39m src/components/features/marketplace/SessionCard.test.tsx[2m > [22mSessionCard[2m > [22mBasic Rendering[2m > [22mshould display duration[32m 15[2mms[22m[39m
 [32m✓[39m src/components/features/home/HowItWorks.test.tsx[2m > [22mHowItWorks[2m > [22mshould show final CTA[32m 130[2mms[22m[39m
 [32m✓[39m src/components/features/readings/ReadingDetail.test.tsx[2m > [22mReadingDetail[2m > [22mLoading State[2m > [22mshould show skeleton while loading[32m 131[2mms[22m[39m
 [32m✓[39m src/components/features/readings/ReadingDetail.test.tsx[2m > [22mReadingDetail[2m > [22mError State[2m > [22mshould show not found when reading does not exist[32m 20[2mms[22m[39m
 [32m✓[39m src/components/features/readings/ReadingDetail.test.tsx[2m > [22mReadingDetail[2m > [22mSuccess State[2m > [22mshould display the question[32m 155[2mms[22m[39m
 [32m✓[39m src/components/features/readings/ReadingDetail.test.tsx[2m > [22mReadingDetail[2m > [22mSuccess State[2m > [22mshould display all cards[32m 82[2mms[22m[39m
 [32m✓[39m src/components/features/marketplace/SessionCard.test.tsx[2m > [22mSessionCard[2m > [22mTarotista Information[2m > [22mshould display tarotista name when provided[32m 54[2mms[22m[39m
 [32m✓[39m src/components/features/marketplace/SessionCard.test.tsx[2m > [22mSessionCard[2m > [22mTarotista Information[2m > [22mshould render tarotista avatar image when foto is provided[32m 16[2mms[22m[39m
 [32m✓[39m src/components/features/marketplace/SessionCard.test.tsx[2m > [22mSessionCard[2m > [22mTarotista Information[2m > [22mshould render avatar fallback with initials when no foto[32m 8[2mms[22m[39m
 [32m✓[39m src/components/features/marketplace/SessionCard.test.tsx[2m > [22mSessionCard[2m > [22mTarotista Information[2m > [22mshould handle missing tarotista gracefully[32m 6[2mms[22m[39m
 [32m✓[39m src/components/features/marketplace/SessionCard.test.tsx[2m > [22mSessionCard[2m > [22mStatus Badge[2m > [22mshould display pending status badge[32m 11[2mms[22m[39m
 [32m✓[39m src/components/features/marketplace/SessionCard.test.tsx[2m > [22mSessionCard[2m > [22mStatus Badge[2m > [22mshould display confirmed status badge[32m 8[2mms[22m[39m
 [32m✓[39m src/components/features/marketplace/SessionCard.test.tsx[2m > [22mSessionCard[2m > [22mStatus Badge[2m > [22mshould display completed status badge[32m 16[2mms[22m[39m
 [32m✓[39m src/components/features/marketplace/SessionCard.test.tsx[2m > [22mSessionCard[2m > [22mStatus Badge[2m > [22mshould display cancelled status badge[32m 9[2mms[22m[39m
 [32m✓[39m src/components/features/marketplace/SessionCard.test.tsx[2m > [22mSessionCard[2m > [22mAction Buttons[2m > [22mJoin Button[2m > [22mshould show join button for confirmed session within 24 hours[33m 394[2mms[22m[39m
 [32m✓[39m src/components/features/readings/QuestionSelector.test.tsx[2m > [22mQuestionSelector[2m > [22mPremium Upsell Flow[2m > [22mshould show UpgradeModal when FREE user clicks on custom question textarea[32m 180[2mms[22m[39m
 [32m✓[39m src/components/features/readings/QuestionSelector.test.tsx[2m > [22mQuestionSelector[2m > [22mPremium Upsell Flow[2m > [22mshould show UpgradeModal when ANONYMOUS user clicks on custom question textarea[32m 34[2mms[22m[39m
 [32m✓[39m src/hooks/api/useSessions.test.tsx[2m > [22museSessions Hooks[2m > [22museAvailableSlots[2m > [22mshould fetch available slots for a tarotista in a date range[32m 159[2mms[22m[39m
 [32m✓[39m src/components/features/marketplace/SessionCard.test.tsx[2m > [22mSessionCard[2m > [22mAction Buttons[2m > [22mJoin Button[2m > [22mshould call onJoin with meet link when join button clicked[32m 106[2mms[22m[39m
 [32m✓[39m src/components/features/marketplace/SessionCard.test.tsx[2m > [22mSessionCard[2m > [22mAction Buttons[2m > [22mJoin Button[2m > [22mshould not show join button if session is not within 24 hours[32m 5[2mms[22m[39m
 [32m✓[39m src/components/features/marketplace/SessionCard.test.tsx[2m > [22mSessionCard[2m > [22mAction Buttons[2m > [22mJoin Button[2m > [22mshould not show join button for pending sessions[32m 7[2mms[22m[39m
 [32m✓[39m src/components/features/marketplace/SessionCard.test.tsx[2m > [22mSessionCard[2m > [22mAction Buttons[2m > [22mCancel Button[2m > [22mshould show cancel button for pending session[32m 86[2mms[22m[39m
 [32m✓[39m src/components/features/readings/QuestionSelector.test.tsx[2m > [22mQuestionSelector[2m > [22mPremium Upsell Flow[2m > [22mshould NOT disable textarea for PREMIUM users[32m 48[2mms[22m[39m
 [32m✓[39m src/components/features/readings/QuestionSelector.test.tsx[2m > [22mQuestionSelector[2m > [22mPremium Upsell Flow[2m > [22mshould show premium badge next to custom question section[32m 71[2mms[22m[39m
 [32m✓[39m src/hooks/api/useSessions.test.tsx[2m > [22museSessions Hooks[2m > [22museAvailableSlots[2m > [22mshould handle errors when fetching slots fails[32m 91[2mms[22m[39m
 [32m✓[39m src/hooks/api/useSessions.test.tsx[2m > [22museSessions Hooks[2m > [22museAvailableSlots[2m > [22mshould not fetch when tarotistaId is invalid[32m 13[2mms[22m[39m
 [32m✓[39m src/hooks/api/useSessions.test.tsx[2m > [22museSessions Hooks[2m > [22museBookSession[2m > [22mshould book a session successfully[32m 78[2mms[22m[39m
 [32m✓[39m src/components/features/marketplace/SessionCard.test.tsx[2m > [22mSessionCard[2m > [22mAction Buttons[2m > [22mCancel Button[2m > [22mshould show cancel button for confirmed session more than 24h away[32m 75[2mms[22m[39m
 [32m✓[39m src/components/features/readings/ReadingDetail.test.tsx[2m > [22mReadingDetail[2m > [22mSuccess State[2m > [22mshould display the interpretation section[32m 49[2mms[22m[39m
 [32m✓[39m src/hooks/api/useSessions.test.tsx[2m > [22museSessions Hooks[2m > [22museBookSession[2m > [22mshould handle errors when booking fails[32m 74[2mms[22m[39m
 [32m✓[39m src/components/features/marketplace/SessionCard.test.tsx[2m > [22mSessionCard[2m > [22mAction Buttons[2m > [22mCancel Button[2m > [22mshould call onCancel with session id when cancel clicked[32m 101[2mms[22m[39m
 [32m✓[39m src/components/features/marketplace/SessionCard.test.tsx[2m > [22mSessionCard[2m > [22mAction Buttons[2m > [22mCancel Button[2m > [22mshould disable cancel button for confirmed sessions within 24 hours[32m 47[2mms[22m[39m
 [32m✓[39m src/components/features/marketplace/SessionCard.test.tsx[2m > [22mSessionCard[2m > [22mAction Buttons[2m > [22mCancel Button[2m > [22mshould allow cancelling pending sessions even within 24 hours[32m 80[2mms[22m[39m
 [32m✓[39m src/components/features/marketplace/SessionCard.test.tsx[2m > [22mSessionCard[2m > [22mAction Buttons[2m > [22mCancel Button[2m > [22mshould not show cancel button for completed sessions[32m 19[2mms[22m[39m
 [32m✓[39m src/components/features/marketplace/SessionCard.test.tsx[2m > [22mSessionCard[2m > [22mAction Buttons[2m > [22mCancel Button[2m > [22mshould not show cancel button for cancelled sessions[32m 6[2mms[22m[39m
 [32m✓[39m src/components/features/marketplace/SessionCard.test.tsx[2m > [22mSessionCard[2m > [22mAction Buttons[2m > [22mCompleted Session Icon[2m > [22mshould show check icon for completed sessions[32m 7[2mms[22m[39m
 [32m✓[39m src/components/features/marketplace/SessionCard.test.tsx[2m > [22mSessionCard[2m > [22mAction Buttons[2m > [22mCompleted Session Icon[2m > [22mshould not show check icon for non-completed sessions[32m 5[2mms[22m[39m
 [32m✓[39m src/components/features/marketplace/SessionCard.test.tsx[2m > [22mSessionCard[2m > [22mStyling and Responsive[2m > [22mshould render as horizontal card on desktop[32m 5[2mms[22m[39m
 [32m✓[39m src/components/features/marketplace/SessionCard.test.tsx[2m > [22mSessionCard[2m > [22mStyling and Responsive[2m > [22mshould have colored left border based on status[32m 6[2mms[22m[39m
 [32m✓[39m src/components/features/marketplace/SessionCard.test.tsx[2m > [22mSessionCard[2m > [22mStyling and Responsive[2m > [22mshould apply soft shadow[32m 5[2mms[22m[39m
 [32m✓[39m src/components/features/marketplace/SessionCard.test.tsx[2m > [22mSessionCard[2m > [22mStyling and Responsive[2m > [22mshould apply custom className[32m 11[2mms[22m[39m
 [32m✓[39m src/components/features/marketplace/SessionCard.test.tsx[2m > [22mSessionCard[2m > [22mEdge Cases[2m > [22mshould handle session with no callbacks provided[32m 6[2mms[22m[39m
 [32m✓[39m src/components/features/marketplace/SessionCard.test.tsx[2m > [22mSessionCard[2m > [22mEdge Cases[2m > [22mshould handle different duration formats[32m 10[2mms[22m[39m
 [32m✓[39m src/components/features/marketplace/SessionCard.test.tsx[2m > [22mSessionCard[2m > [22mEdge Cases[2m > [22mshould handle session with userNotes[32m 4[2mms[22m[39m
 [32m✓[39m src/hooks/api/useSessions.test.tsx[2m > [22museSessions Hooks[2m > [22museMySessions[2m > [22mshould fetch all sessions without filter[32m 90[2mms[22m[39m
 [32m✓[39m src/hooks/api/useSessions.test.tsx[2m > [22museSessions Hooks[2m > [22museMySessions[2m > [22mshould fetch sessions filtered by status[32m 93[2mms[22m[39m
 [32m✓[39m src/components/features/readings/ReadingDetail.test.tsx[2m > [22mReadingDetail[2m > [22mSuccess State[2m > [22mshould handle share action[33m 600[2mms[22m[39m
 [32m✓[39m src/components/features/readings/ReadingDetail.test.tsx[2m > [22mReadingDetail[2m > [22mSuccess State[2m > [22mshould navigate back to history[32m 178[2mms[22m[39m
 [32m✓[39m src/hooks/api/useSessions.test.tsx[2m > [22museSessions Hooks[2m > [22museMySessions[2m > [22mshould handle errors when fetching sessions fails[32m 94[2mms[22m[39m
 [32m✓[39m src/hooks/api/useSessions.test.tsx[2m > [22museSessions Hooks[2m > [22museSessionDetail[2m > [22mshould fetch session detail by ID[32m 99[2mms[22m[39m
 [32m✓[39m src/hooks/api/useSessions.test.tsx[2m > [22museSessions Hooks[2m > [22museSessionDetail[2m > [22mshould not fetch when sessionId is invalid[32m 12[2mms[22m[39m
 [32m✓[39m src/hooks/api/useSessions.test.tsx[2m > [22museSessions Hooks[2m > [22museSessionDetail[2m > [22mshould handle errors when fetching detail fails[32m 70[2mms[22m[39m
 [32m✓[39m src/components/features/readings/QuestionSelector.test.tsx[2m > [22mQuestionSelector[2m > [22mPremium Upsell Flow[2m > [22mshould open UpgradeModal when clicking disabled textarea wrapper[33m 595[2mms[22m[39m
 [32m✓[39m src/components/features/readings/QuestionSelector.test.tsx[2m > [22mQuestionSelector[2m > [22mExisting Functionality (not broken)[2m > [22mshould render predefined questions[32m 37[2mms[22m[39m
 [32m✓[39m src/hooks/api/useSessions.test.tsx[2m > [22museSessions Hooks[2m > [22museCancelSession[2m > [22mshould cancel a session successfully[32m 72[2mms[22m[39m
 [32m✓[39m src/components/features/readings/QuestionSelector.test.tsx[2m > [22mQuestionSelector[2m > [22mExisting Functionality (not broken)[2m > [22mshould select a predefined question[32m 74[2mms[22m[39m
 [32m✓[39m src/components/features/readings/QuestionSelector.test.tsx[2m > [22mQuestionSelector[2m > [22mExisting Functionality (not broken)[2m > [22mshould navigate with predefined question[32m 68[2mms[22m[39m
 [32m✓[39m src/hooks/api/useSessions.test.tsx[2m > [22museSessions Hooks[2m > [22museCancelSession[2m > [22mshould handle errors when cancellation fails[32m 75[2mms[22m[39m
 [32m✓[39m src/hooks/api/useSessions.test.tsx[2m > [22museSessions Hooks[2m > [22museCancelSession[2m > [22mshould invalidate sessions queries on success[32m 75[2mms[22m[39m
 [32m✓[39m src/components/features/readings/QuestionSelector.test.tsx[2m > [22mQuestionSelector[2m > [22mExisting Functionality (not broken)[2m > [22mshould allow PREMIUM users to type custom question[32m 54[2mms[22m[39m
 [32m✓[39m src/components/features/readings/QuestionSelector.test.tsx[2m > [22mQuestionSelector[2m > [22mLoading and Error States[2m > [22mshould show loading skeletons[32m 19[2mms[22m[39m
 [32m✓[39m src/components/features/readings/QuestionSelector.test.tsx[2m > [22mQuestionSelector[2m > [22mLoading and Error States[2m > [22mshould show error state with retry[32m 16[2mms[22m[39m
 [32m✓[39m src/components/features/readings/ReadingCard.test.tsx[2m > [22mReadingCard[2m > [22mRendering[2m > [22mshould render the reading question[32m 119[2mms[22m[39m
 [32m✓[39m src/components/features/readings/ReadingCard.test.tsx[2m > [22mReadingCard[2m > [22mRendering[2m > [22mshould render the relative date[32m 25[2mms[22m[39m
 [32m✓[39m src/components/features/readings/ReadingCard.test.tsx[2m > [22mReadingCard[2m > [22mRendering[2m > [22mshould render the spread type badge in right section[32m 31[2mms[22m[39m
 [32m✓[39m src/components/features/readings/ReadingCard.test.tsx[2m > [22mReadingCard[2m > [22mRendering[2m > [22mshould truncate long questions to one line[32m 15[2mms[22m[39m
 [32m✓[39m src/components/features/readings/ReadingCard.test.tsx[2m > [22mReadingCard[2m > [22mRendering[2m > [22mshould render a card icon when no cards are available[32m 15[2mms[22m[39m
 [32m✓[39m src/components/features/readings/ReadingCard.test.tsx[2m > [22mReadingCard[2m > [22mRendering[2m > [22mshould render the first card thumbnail when cards are provided[32m 15[2mms[22m[39m
 [32m✓[39m src/components/features/readings/ReadingCard.test.tsx[2m > [22mReadingCard[2m > [22mRendering[2m > [22mshould render view button[33m 402[2mms[22m[39m
 [32m✓[39m src/components/features/readings/ReadingCard.test.tsx[2m > [22mReadingCard[2m > [22mInteractions[2m > [22mshould call onView with reading id when view button is clicked[32m 143[2mms[22m[39m
 [32m✓[39m src/components/features/readings/ReadingCard.test.tsx[2m > [22mReadingCard[2m > [22mResponsive Design[2m > [22mshould have correct responsive layout classes[32m 14[2mms[22m[39m
 [32m✓[39m src/components/features/readings/ReadingCard.test.tsx[2m > [22mReadingCard[2m > [22mStyling[2m > [22mshould have shadow-soft class for soft shadow[32m 11[2mms[22m[39m
 [32m✓[39m src/components/features/readings/ReadingCard.test.tsx[2m > [22mReadingCard[2m > [22mStyling[2m > [22mshould have hover effects[32m 10[2mms[22m[39m
 [32m✓[39m src/components/features/readings/ReadingCard.test.tsx[2m > [22mReadingCard[2m > [22mAccessibility[2m > [22mshould have accessible button label[32m 77[2mms[22m[39m
 [32m✓[39m src/components/features/readings/ReadingCard.test.tsx[2m > [22mReadingCard[2m > [22mAccessibility[2m > [22mshould be focusable via keyboard[32m 150[2mms[22m[39m
 [32m✓[39m src/components/features/readings/ReadingCard.test.tsx[2m > [22mReadingCard[2m > [22mEdge Cases[2m > [22mshould handle reading without spreadName gracefully[32m 9[2mms[22m[39m
 [32m✓[39m src/components/features/readings/ReadingCard.test.tsx[2m > [22mReadingCard[2m > [22mEdge Cases[2m > [22mshould handle reading with empty cardPreviews[32m 10[2mms[22m[39m
 [32m✓[39m src/components/features/readings/ReadingCard.test.tsx[2m > [22mReadingCard[2m > [22mEdge Cases[2m > [22mshould render card thumbnail from cardPreviews if available[32m 8[2mms[22m[39m
 [32m✓[39m src/hooks/api/useCacheAnalytics.test.ts[2m > [22museCacheAnalytics hooks[2m > [22museCacheAnalytics[2m > [22mshould fetch analytics with correct structure[32m 108[2mms[22m[39m
 [32m✓[39m src/hooks/api/useCacheAnalytics.test.ts[2m > [22museCacheAnalytics hooks[2m > [22museCacheAnalytics[2m > [22mshould handle errors[32m 83[2mms[22m[39m
 [32m✓[39m src/hooks/api/useCacheAnalytics.test.ts[2m > [22museCacheAnalytics hooks[2m > [22museCacheWarmingStatus[2m > [22mshould fetch warming status from separate endpoint[32m 70[2mms[22m[39m
 [32m✓[39m src/hooks/api/useCacheAnalytics.test.ts[2m > [22museCacheAnalytics hooks[2m > [22museCacheWarmingStatus[2m > [22mshould handle inactive status[32m 82[2mms[22m[39m
 [32m✓[39m src/hooks/api/useCacheAnalytics.test.ts[2m > [22museCacheAnalytics hooks[2m > [22museInvalidateAllCache[2m > [22mshould invalidate all cache and refresh analytics[32m 72[2mms[22m[39m
 [32m✓[39m src/hooks/api/useCacheAnalytics.test.ts[2m > [22museCacheAnalytics hooks[2m > [22museInvalidateAllCache[2m > [22mshould handle errors during invalidation[32m 84[2mms[22m[39m
 [32m✓[39m src/components/features/conversion/PremiumPreview.test.tsx[2m > [22mPremiumPreview[2m > [22mshould render preview container[32m 118[2mms[22m[39m
 [32m✓[39m src/components/features/conversion/PremiumPreview.test.tsx[2m > [22mPremiumPreview[2m > [22mshould blur children content[32m 17[2mms[22m[39m
 [32m✓[39m src/components/features/conversion/PremiumPreview.test.tsx[2m > [22mPremiumPreview[2m > [22mshould show lock icon[32m 16[2mms[22m[39m
 [32m✓[39m src/hooks/api/useCacheAnalytics.test.ts[2m > [22museCacheAnalytics hooks[2m > [22museInvalidateTarotistaCache[2m > [22mshould invalidate tarotista cache with deletedCount[32m 88[2mms[22m[39m
 [32m✓[39m src/hooks/api/useCacheAnalytics.test.ts[2m > [22museCacheAnalytics hooks[2m > [22museInvalidateTarotistaCache[2m > [22mshould handle errors[32m 84[2mms[22m[39m
 [32m✓[39m src/components/features/conversion/PremiumPreview.test.tsx[2m > [22mPremiumPreview[2m > [22mshould show upgrade CTA button[33m 420[2mms[22m[39m
 [32m✓[39m src/hooks/api/useCacheAnalytics.test.ts[2m > [22museCacheAnalytics hooks[2m > [22museTriggerCacheWarming[2m > [22mshould trigger warming with topN parameter[32m 72[2mms[22m[39m
 [32m✓[39m src/components/features/conversion/PremiumPreview.test.tsx[2m > [22mPremiumPreview[2m > [22mshould call onUpgrade when clicking button[32m 144[2mms[22m[39m
 [32m✓[39m src/components/features/conversion/PremiumPreview.test.tsx[2m > [22mPremiumPreview[2m > [22mshould render children content inside[32m 10[2mms[22m[39m
 [32m✓[39m src/components/features/conversion/PremiumPreview.test.tsx[2m > [22mPremiumPreview[2m > [22mshould have proper positioning for overlay[32m 19[2mms[22m[39m
 [32m✓[39m src/components/features/conversion/PremiumPreview.test.tsx[2m > [22mPremiumPreview[2m > [22mshould display custom message when provided[32m 13[2mms[22m[39m
 [32m✓[39m src/hooks/api/useCacheAnalytics.test.ts[2m > [22museCacheAnalytics hooks[2m > [22museTriggerCacheWarming[2m > [22mshould handle warming already running[32m 83[2mms[22m[39m
 [32m✓[39m src/hooks/api/useCacheAnalytics.test.ts[2m > [22museCacheAnalytics hooks[2m > [22museTriggerCacheWarming[2m > [22mshould handle errors[32m 67[2mms[22m[39m
 [32m✓[39m src/hooks/api/useSubscriptions.test.tsx[2m > [22museSubscriptions hooks[2m > [22museMySubscription[2m > [22mshould fetch user subscription successfully[32m 141[2mms[22m[39m
 [32m✓[39m src/hooks/api/useSubscriptions.test.tsx[2m > [22museSubscriptions hooks[2m > [22museMySubscription[2m > [22mshould return subscription with favorite tarotista[32m 87[2mms[22m[39m
 [32m✓[39m src/hooks/api/useSubscriptions.test.tsx[2m > [22museSubscriptions hooks[2m > [22museMySubscription[2m > [22mshould return subscription without favorite tarotista[32m 94[2mms[22m[39m
 [32m✓[39m src/hooks/api/useSubscriptions.test.tsx[2m > [22museSubscriptions hooks[2m > [22museMySubscription[2m > [22mshould handle error when fetching subscription fails[32m 120[2mms[22m[39m
 [32m✓[39m src/hooks/api/useSubscriptions.test.tsx[2m > [22museSubscriptions hooks[2m > [22museMySubscription[2m > [22mshould use correct query key[32m 95[2mms[22m[39m
 [32m✓[39m src/hooks/api/useSubscriptions.test.tsx[2m > [22museSubscriptions hooks[2m > [22museSetFavoriteTarotista[2m > [22mshould set favorite tarotista successfully[32m 88[2mms[22m[39m
 [32m✓[39m src/hooks/api/useSubscriptions.test.tsx[2m > [22museSubscriptions hooks[2m > [22museSetFavoriteTarotista[2m > [22mshould invalidate subscription query on success[32m 93[2mms[22m[39m
 [32m✓[39m src/components/features/admin/PlanComparisonTable.test.tsx[2m > [22mPlanComparisonTable[2m > [22mshould render table headers with plan names[32m 245[2mms[22m[39m
 [32m✓[39m src/components/features/admin/PlanComparisonTable.test.tsx[2m > [22mPlanComparisonTable[2m > [22mshould show numeric values for limits[32m 64[2mms[22m[39m
 [32m✓[39m src/hooks/api/useSubscriptions.test.tsx[2m > [22museSubscriptions hooks[2m > [22museSetFavoriteTarotista[2m > [22mshould show success toast on success[32m 129[2mms[22m[39m
 [32m✓[39m src/components/features/admin/PlanComparisonTable.test.tsx[2m > [22mPlanComparisonTable[2m > [22mshould show checkmarks for enabled features[33m 622[2mms[22m[39m
 [32m✓[39m src/hooks/api/useSubscriptions.test.tsx[2m > [22museSubscriptions hooks[2m > [22museSetFavoriteTarotista[2m > [22mshould show error toast on failure[32m 118[2mms[22m[39m
 [32m✓[39m src/hooks/api/useSubscriptions.test.tsx[2m > [22museSubscriptions hooks[2m > [22museSetFavoriteTarotista[2m > [22mshould handle cooldown error[32m 90[2mms[22m[39m
 [32m✓[39m src/hooks/api/useSubscriptions.test.tsx[2m > [22museSubscriptions hooks[2m > [22museSetFavoriteTarotista[2m > [22mshould handle numeric tarotista ID[32m 96[2mms[22m[39m
 [32m✓[39m src/hooks/api/useDailyReading.test.tsx[2m > [22museDailyReading hooks[2m > [22mdailyReadingQueryKeys[2m > [22mshould have correct query key structure[32m 6[2mms[22m[39m
 [32m✓[39m src/hooks/api/useDailyReading.test.tsx[2m > [22museDailyReading hooks[2m > [22museDailyReading[2m > [22mshould return mutation function[32m 60[2mms[22m[39m
 [32m✓[39m src/components/features/admin/PlanComparisonTable.test.tsx[2m > [22mPlanComparisonTable[2m > [22mshould show X marks for disabled features[32m 109[2mms[22m[39m
 [32m✓[39m src/components/features/admin/PlanComparisonTable.test.tsx[2m > [22mPlanComparisonTable[2m > [22mshould display all feature rows[32m 88[2mms[22m[39m
 [32m✓[39m src/components/features/admin/PlanComparisonTable.test.tsx[2m > [22mPlanComparisonTable[2m > [22mshould handle empty plans array[32m 5[2mms[22m[39m
 [32m✓[39m src/components/features/admin/PlanComparisonTable.test.tsx[2m > [22mPlanComparisonTable[2m > [22mshould sort plans by type (anonymous, free, premium)[32m 111[2mms[22m[39m
 [32m✓[39m src/hooks/api/useDailyReading.test.tsx[2m > [22museDailyReading hooks[2m > [22museDailyReading[2m > [22mshould call getDailyReading API when mutated[32m 90[2mms[22m[39m
 [32m✓[39m src/hooks/api/useDailyReading.test.tsx[2m > [22museDailyReading hooks[2m > [22museDailyReading[2m > [22mshould call invalidateUserData on successful creation[32m 80[2mms[22m[39m
 [32m✓[39m src/hooks/api/useDailyReading.test.tsx[2m > [22museDailyReading hooks[2m > [22museDailyReading[2m > [22mshould handle mutation error[32m 83[2mms[22m[39m
 [32m✓[39m src/hooks/api/useDailyReading.test.tsx[2m > [22museDailyReading hooks[2m > [22museDailyReadingToday[2m > [22mshould fetch today daily reading on mount[32m 93[2mms[22m[39m
 [32m✓[39m src/hooks/api/useDailyReading.test.tsx[2m > [22museDailyReading hooks[2m > [22museDailyReadingToday[2m > [22mshould return null when no daily reading exists[32m 83[2mms[22m[39m
 [32m✓[39m src/hooks/api/useDailyReading.test.tsx[2m > [22museDailyReading hooks[2m > [22museDailyReadingHistory[2m > [22mshould fetch paginated history[32m 71[2mms[22m[39m
 [32m✓[39m src/hooks/api/useDailyReading.test.tsx[2m > [22museDailyReading hooks[2m > [22museDailyReadingHistory[2m > [22mshould use correct query key with page and limit[32m 66[2mms[22m[39m
 [32m✓[39m src/hooks/api/useDailyReading.test.tsx[2m > [22museDailyReading hooks[2m > [22museRegenerateDailyReading[2m > [22mshould return mutation function[32m 23[2mms[22m[39m
 [32m✓[39m src/hooks/api/useDailyReading.test.tsx[2m > [22museDailyReading hooks[2m > [22museRegenerateDailyReading[2m > [22mshould call regenerateDailyReading API when mutated[32m 83[2mms[22m[39m
 [32m✓[39m src/hooks/api/useDailyReading.test.tsx[2m > [22museDailyReading hooks[2m > [22museRegenerateDailyReading[2m > [22mshould handle Premium required error[32m 86[2mms[22m[39m
 [32m✓[39m src/hooks/api/useUserCapabilities.test.ts[2m > [22museUserCapabilities[2m > [22museUserCapabilities[2m > [22mshould fetch anonymous user capabilities[32m 184[2mms[22m[39m
 [32m✓[39m src/hooks/api/useUserCapabilities.test.ts[2m > [22museUserCapabilities[2m > [22museUserCapabilities[2m > [22mshould fetch free user capabilities[32m 85[2mms[22m[39m
 [32m✓[39m src/hooks/api/useUserCapabilities.test.ts[2m > [22museUserCapabilities[2m > [22museUserCapabilities[2m > [22mshould fetch premium user capabilities[32m 84[2mms[22m[39m
 [32m✓[39m src/hooks/api/useUserCapabilities.test.ts[2m > [22museUserCapabilities[2m > [22museUserCapabilities[2m > [22mshould handle capabilities with limit reached[32m 74[2mms[22m[39m
 [32m✓[39m src/hooks/api/useUserCapabilities.test.ts[2m > [22museUserCapabilities[2m > [22museUserCapabilities[2m > [22mshould handle error when fetching capabilities[32m 88[2mms[22m[39m
 [32m✓[39m src/hooks/api/useUserCapabilities.test.ts[2m > [22museUserCapabilities[2m > [22museUserCapabilities[2m > [22mshould use correct query key[32m 78[2mms[22m[39m
 [32m✓[39m src/hooks/api/useUserCapabilities.test.ts[2m > [22museUserCapabilities[2m > [22museUserCapabilities[2m > [22mshould have staleTime of 0 for fresh data[32m 81[2mms[22m[39m
 [32m✓[39m src/hooks/api/useUserCapabilities.test.ts[2m > [22museUserCapabilities[2m > [22museInvalidateCapabilities[2m > [22mshould return a function to invalidate capabilities[32m 4[2mms[22m[39m
 [32m✓[39m src/hooks/api/useUserCapabilities.test.ts[2m > [22museUserCapabilities[2m > [22museInvalidateCapabilities[2m > [22mshould invalidate capabilities query when called[32m 173[2mms[22m[39m
 [32m✓[39m src/components/ui/textarea.test.tsx[2m > [22mTextarea[2m > [22mrendering[2m > [22mshould render a textarea element[32m 84[2mms[22m[39m
 [32m✓[39m src/components/ui/textarea.test.tsx[2m > [22mTextarea[2m > [22mrendering[2m > [22mshould render with the data-slot attribute[32m 8[2mms[22m[39m
 [32m✓[39m src/components/ui/textarea.test.tsx[2m > [22mTextarea[2m > [22mrendering[2m > [22mshould render with placeholder text[32m 14[2mms[22m[39m
 [32m✓[39m src/components/ui/textarea.test.tsx[2m > [22mTextarea[2m > [22mrendering[2m > [22mshould render with initial value[32m 9[2mms[22m[39m
 [32m✓[39m src/components/ui/textarea.test.tsx[2m > [22mTextarea[2m > [22mclassName merging[2m > [22mshould apply default base classes[32m 12[2mms[22m[39m
 [32m✓[39m src/components/ui/textarea.test.tsx[2m > [22mTextarea[2m > [22mclassName merging[2m > [22mshould merge custom className with base classes[32m 6[2mms[22m[39m
 [32m✓[39m src/components/ui/textarea.test.tsx[2m > [22mTextarea[2m > [22maria-invalid state[2m > [22mshould support aria-invalid attribute[32m 4[2mms[22m[39m
 [32m✓[39m src/components/ui/textarea.test.tsx[2m > [22mTextarea[2m > [22maria-invalid state[2m > [22mshould render without aria-invalid by default[32m 4[2mms[22m[39m
 [32m✓[39m src/components/ui/textarea.test.tsx[2m > [22mTextarea[2m > [22mdisabled state[2m > [22mshould apply disabled attribute when passed[32m 9[2mms[22m[39m
 [32m✓[39m src/components/ui/textarea.test.tsx[2m > [22mTextarea[2m > [22mdisabled state[2m > [22mshould apply disabled styling classes[32m 5[2mms[22m[39m
 [32m✓[39m src/components/ui/textarea.test.tsx[2m > [22mTextarea[2m > [22mdisabled state[2m > [22mshould be enabled by default[32m 4[2mms[22m[39m
 [32m✓[39m src/components/ui/textarea.test.tsx[2m > [22mTextarea[2m > [22muser interaction[2m > [22mshould allow typing when enabled[33m 538[2mms[22m[39m
 [32m✓[39m src/components/ui/textarea.test.tsx[2m > [22mTextarea[2m > [22muser interaction[2m > [22mshould not allow typing when disabled[32m 33[2mms[22m[39m
 [32m✓[39m src/components/ui/textarea.test.tsx[2m > [22mTextarea[2m > [22maccessibility[2m > [22mshould be focusable when enabled[32m 90[2mms[22m[39m
 [32m✓[39m src/components/ui/textarea.test.tsx[2m > [22mTextarea[2m > [22maccessibility[2m > [22mshould support aria-label for accessibility[32m 7[2mms[22m[39m
 [32m✓[39m src/components/ui/textarea.test.tsx[2m > [22mTextarea[2m > [22maccessibility[2m > [22mshould support aria-describedby for accessibility[32m 7[2mms[22m[39m
 [32m✓[39m src/components/ui/textarea.test.tsx[2m > [22mTextarea[2m > [22mprops spreading[2m > [22mshould forward additional props to the textarea element[32m 4[2mms[22m[39m
 [32m✓[39m src/components/ui/textarea.test.tsx[2m > [22mTextarea[2m > [22mprops spreading[2m > [22mshould support required attribute[32m 6[2mms[22m[39m
 [32m✓[39m src/components/ui/textarea.test.tsx[2m > [22mTextarea[2m > [22mprops spreading[2m > [22mshould support readOnly attribute[32m 5[2mms[22m[39m
 [32m✓[39m src/app/admin/tarotistas/page.test.tsx[2m > [22mAdminTarotistasPage[2m > [22mshould render admin tarotistas page with correct title[33m 609[2mms[22m[39m
 [32m✓[39m src/app/admin/tarotistas/page.test.tsx[2m > [22mAdminTarotistasPage[2m > [22mshould have min-h-screen class[32m 118[2mms[22m[39m
 [32m✓[39m src/app/admin/tarotistas/page.test.tsx[2m > [22mAdminTarotistasPage[2m > [22mshould have bg-bg-main class[32m 64[2mms[22m[39m
 [32m✓[39m src/app/admin/tarotistas/page.test.tsx[2m > [22mAdminTarotistasPage[2m > [22mshould have font-serif class on heading[32m 99[2mms[22m[39m
 [32m✓[39m src/hooks/api/useAdminTarotistaActions.test.ts[2m > [22museAdminTarotistaActions[2m > [22museDeactivateTarotista[2m > [22mshould deactivate tarotista[32m 148[2mms[22m[39m
 [32m✓[39m src/components/features/admin/TarotistasTable.test.tsx[2m > [22mTarotistasTable[2m > [22mshould render empty state when no tarotistas[32m 72[2mms[22m[39m
 [32m✓[39m src/hooks/api/useAdminTarotistaActions.test.ts[2m > [22museAdminTarotistaActions[2m > [22museDeactivateTarotista[2m > [22mshould handle error[32m 79[2mms[22m[39m
 [32m✓[39m src/hooks/api/useAdminTarotistaActions.test.ts[2m > [22museAdminTarotistaActions[2m > [22museReactivateTarotista[2m > [22mshould reactivate tarotista[32m 83[2mms[22m[39m
 [32m✓[39m src/components/features/admin/TarotistasTable.test.tsx[2m > [22mTarotistasTable[2m > [22mshould render tarotistas table with data[32m 186[2mms[22m[39m
 [32m✓[39m src/components/features/admin/TarotistasTable.test.tsx[2m > [22mTarotistasTable[2m > [22mshould display rating and stats[32m 50[2mms[22m[39m
 [32m✓[39m src/hooks/api/useAdminTarotistaActions.test.ts[2m > [22museAdminTarotistaActions[2m > [22museApproveApplication[2m > [22mshould approve application with notes[32m 77[2mms[22m[39m
 [32m✓[39m src/hooks/api/useAdminTarotistaActions.test.ts[2m > [22museAdminTarotistaActions[2m > [22museApproveApplication[2m > [22mshould approve application without notes[32m 106[2mms[22m[39m
 [32m✓[39m src/hooks/api/useAdminTarotistaActions.test.ts[2m > [22museAdminTarotistaActions[2m > [22museApproveApplication[2m > [22mshould invalidate queries on success[32m 88[2mms[22m[39m
 [32m✓[39m src/hooks/api/usePlatformMetrics.test.ts[2m > [22musePlatformMetrics[2m > [22mshould fetch platform metrics with default period (MONTH)[32m 124[2mms[22m[39m
 [32m✓[39m src/hooks/api/useAdminTarotistaActions.test.ts[2m > [22museAdminTarotistaActions[2m > [22museRejectApplication[2m > [22mshould reject application[32m 73[2mms[22m[39m
 [32m✓[39m src/hooks/api/usePlatformMetrics.test.ts[2m > [22musePlatformMetrics[2m > [22mshould fetch platform metrics with WEEK period[32m 113[2mms[22m[39m
 [32m✓[39m src/hooks/api/useAdminTarotistaActions.test.ts[2m > [22museAdminTarotistaActions[2m > [22museRejectApplication[2m > [22mshould invalidate queries on success[32m 75[2mms[22m[39m
 [32m✓[39m src/hooks/api/useAdminTarotistaActions.test.ts[2m > [22museAdminTarotistaActions[2m > [22museRejectApplication[2m > [22mshould handle error[32m 86[2mms[22m[39m
 [32m✓[39m src/hooks/api/usePlatformMetrics.test.ts[2m > [22musePlatformMetrics[2m > [22mshould fetch platform metrics with custom date range[32m 99[2mms[22m[39m
 [32m✓[39m src/hooks/api/usePlatformMetrics.test.ts[2m > [22musePlatformMetrics[2m > [22mshould handle API errors[32m 74[2mms[22m[39m
 [32m✓[39m src/components/features/admin/TarotistasTable.test.tsx[2m > [22mTarotistasTable[2m > [22mshould display active/inactive badges[32m 46[2mms[22m[39m
 [32m✓[39m src/components/features/admin/TarotistasTable.test.tsx[2m > [22mTarotistasTable[2m > [22mshould render action buttons[33m 543[2mms[22m[39m
 [32m✓[39m src/components/features/admin/TarotistasTable.test.tsx[2m > [22mTarotistasTable[2m > [22mshould display "N/A" for null rating[32m 48[2mms[22m[39m
 [32m✓[39m src/components/features/admin/TarotistasTable.test.tsx[2m > [22mTarotistasTable[2m > [22mshould format revenue correctly[32m 37[2mms[22m[39m
 [32m✓[39m src/hooks/api/usePlatformMetrics.test.ts[2m > [22musePlatformMetrics[2m > [22mshould refetch when period changes[32m 143[2mms[22m[39m
 [32m✓[39m src/hooks/api/usePlatformMetrics.test.ts[2m > [22musePlatformMetrics[2m > [22mshould use default period MONTH when no period provided[32m 84[2mms[22m[39m
 [32m✓[39m src/components/features/home/HeroSection.test.tsx[2m > [22mHeroSection[2m > [22mshould render main headline with Auguria branding[33m 603[2mms[22m[39m
 [32m✓[39m src/components/features/home/HeroSection.test.tsx[2m > [22mHeroSection[2m > [22mshould render subheadline with value proposition[32m 26[2mms[22m[39m
 [32m✓[39m src/components/features/home/HeroSection.test.tsx[2m > [22mHeroSection[2m > [22mshould render primary CTA button "Ver mi carta del día gratis"[32m 132[2mms[22m[39m
 [32m✓[39m src/components/features/home/HeroSection.test.tsx[2m > [22mHeroSection[2m > [22mshould render secondary CTA button "Crear cuenta gratis"[32m 145[2mms[22m[39m
 [32m✓[39m src/components/features/home/HeroSection.test.tsx[2m > [22mHeroSection[2m > [22mshould render hero image with alt text[32m 84[2mms[22m[39m
 [32m✓[39m src/components/features/home/HeroSection.test.tsx[2m > [22mHeroSection[2m > [22mshould have proper semantic structure with section tag[32m 28[2mms[22m[39m
 [32m✓[39m src/components/features/home/PremiumBenefitsSection.test.tsx[2m > [22mPremiumBenefitsSection[2m > [22mshould render section title[33m 664[2mms[22m[39m
 [32m✓[39m src/components/features/home/PremiumBenefitsSection.test.tsx[2m > [22mPremiumBenefitsSection[2m > [22mshould render premium interpretations benefit[32m 61[2mms[22m[39m
 [32m✓[39m src/components/features/home/PremiumBenefitsSection.test.tsx[2m > [22mPremiumBenefitsSection[2m > [22mshould render all spreads benefit[32m 45[2mms[22m[39m
 [32m✓[39m src/components/features/home/PremiumBenefitsSection.test.tsx[2m > [22mPremiumBenefitsSection[2m > [22mshould render custom questions benefit[32m 53[2mms[22m[39m
 [32m✓[39m src/components/features/home/PremiumBenefitsSection.test.tsx[2m > [22mPremiumBenefitsSection[2m > [22mshould render statistics benefit[32m 32[2mms[22m[39m
 [32m✓[39m src/components/features/home/PremiumBenefitsSection.test.tsx[2m > [22mPremiumBenefitsSection[2m > [22mshould render no ads benefit[32m 28[2mms[22m[39m
 [32m✓[39m src/components/features/home/PremiumBenefitsSection.test.tsx[2m > [22mPremiumBenefitsSection[2m > [22mshould display pricing information[32m 44[2mms[22m[39m
 [32m✓[39m src/components/features/home/PremiumBenefitsSection.test.tsx[2m > [22mPremiumBenefitsSection[2m > [22mshould render upgrade CTA button[32m 178[2mms[22m[39m
 [32m✓[39m src/components/features/home/PremiumBenefitsSection.test.tsx[2m > [22mPremiumBenefitsSection[2m > [22mshould have proper semantic structure with section tag[32m 38[2mms[22m[39m
 [32m✓[39m src/components/features/home/PremiumBenefitsSection.test.tsx[2m > [22mPremiumBenefitsSection[2m > [22mshould render exactly 5 benefit items[32m 48[2mms[22m[39m
 [32m✓[39m src/components/features/home/WhatIsTarotSection.test.tsx[2m > [22mWhatIsTarotSection[2m > [22mshould render section title[33m 714[2mms[22m[39m
 [32m✓[39m src/components/features/home/WhatIsTarotSection.test.tsx[2m > [22mWhatIsTarotSection[2m > [22mshould render educational content about tarot[32m 31[2mms[22m[39m
 [32m✓[39m src/components/features/home/WhatIsTarotSection.test.tsx[2m > [22mWhatIsTarotSection[2m > [22mshould mention Arcanos Mayores[32m 23[2mms[22m[39m
 [32m✓[39m src/components/features/home/WhatIsTarotSection.test.tsx[2m > [22mWhatIsTarotSection[2m > [22mshould mention Arcanos Menores[32m 20[2mms[22m[39m
 [32m✓[39m src/components/features/home/WhatIsTarotSection.test.tsx[2m > [22mWhatIsTarotSection[2m > [22mshould explain tarot purpose or use[32m 20[2mms[22m[39m
 [32m✓[39m src/components/features/home/WhatIsTarotSection.test.tsx[2m > [22mWhatIsTarotSection[2m > [22mshould have proper semantic structure with section tag[32m 13[2mms[22m[39m
 [32m✓[39m src/components/features/home/WhatIsTarotSection.test.tsx[2m > [22mWhatIsTarotSection[2m > [22mshould display visual cards illustration[32m 13[2mms[22m[39m
 [32m✓[39m src/app/ritual/tirada/page.test.tsx[2m > [22mSpreadSelectorPage[2m > [22mshould render the SpreadSelector component[33m 700[2mms[22m[39m
 [32m✓[39m src/app/ritual/tirada/page.test.tsx[2m > [22mSpreadSelectorPage[2m > [22mshould pass categoryId from search params for PREMIUM users[32m 199[2mms[22m[39m
 [32m✓[39m src/app/ritual/tirada/page.test.tsx[2m > [22mSpreadSelectorPage[2m > [22mshould pass questionId from search params[32m 25[2mms[22m[39m
 [32m✓[39m src/app/ritual/tirada/page.test.tsx[2m > [22mSpreadSelectorPage[2m > [22mshould pass customQuestion from search params[32m 24[2mms[22m[39m
 [32m✓[39m src/app/ritual/tirada/page.test.tsx[2m > [22mSpreadSelectorPage[2m > [22mshould show loading fallback when Suspense is loading[32m 25[2mms[22m[39m
 [32m✓[39m src/app/ritual/tirada/page.test.tsx[2m > [22mSpreadSelectorPage[2m > [22mshould handle missing search params gracefully for FREE users[32m 18[2mms[22m[39m
 [32m✓[39m src/app/ritual/tirada/page.test.tsx[2m > [22mSpreadSelectorPage[2m > [22mshould handle missing search params gracefully for PREMIUM users[32m 39[2mms[22m[39m
 [32m✓[39m src/components/ui/status-badge.test.tsx[2m > [22mStatusBadge[2m > [22mrendering[2m > [22mshould render with pending status[32m 196[2mms[22m[39m
 [32m✓[39m src/components/ui/status-badge.test.tsx[2m > [22mStatusBadge[2m > [22mrendering[2m > [22mshould render with confirmed status[32m 13[2mms[22m[39m
 [32m✓[39m src/components/ui/status-badge.test.tsx[2m > [22mStatusBadge[2m > [22mrendering[2m > [22mshould render with completed status[32m 33[2mms[22m[39m
 [32m✓[39m src/components/ui/status-badge.test.tsx[2m > [22mStatusBadge[2m > [22mrendering[2m > [22mshould render with cancelled status[32m 15[2mms[22m[39m
 [32m✓[39m src/components/ui/status-badge.test.tsx[2m > [22mStatusBadge[2m > [22mstyles by status[2m > [22mpending status[2m > [22mshould have yellow background[33m 479[2mms[22m[39m
 [32m✓[39m src/components/ui/status-badge.test.tsx[2m > [22mStatusBadge[2m > [22mstyles by status[2m > [22mconfirmed status[2m > [22mshould have green background[32m 82[2mms[22m[39m
 [32m✓[39m src/hooks/api/useTarotistas.test.ts[2m > [22museTarotistas[2m > [22mshould fetch tarotistas without filters[32m 143[2mms[22m[39m
 [32m✓[39m src/components/ui/status-badge.test.tsx[2m > [22mStatusBadge[2m > [22mstyles by status[2m > [22mcompleted status[2m > [22mshould have blue background[32m 51[2mms[22m[39m
 [32m✓[39m src/components/ui/status-badge.test.tsx[2m > [22mStatusBadge[2m > [22mstyles by status[2m > [22mcancelled status[2m > [22mshould have red background[32m 41[2mms[22m[39m
 [32m✓[39m src/components/ui/status-badge.test.tsx[2m > [22mStatusBadge[2m > [22mtext translations[2m > [22mshould display "Pendiente" for pending status[32m 7[2mms[22m[39m
 [32m✓[39m src/components/ui/status-badge.test.tsx[2m > [22mStatusBadge[2m > [22mtext translations[2m > [22mshould display "Confirmada" for confirmed status[32m 23[2mms[22m[39m
 [32m✓[39m src/components/ui/status-badge.test.tsx[2m > [22mStatusBadge[2m > [22mtext translations[2m > [22mshould display "Completada" for completed status[32m 22[2mms[22m[39m
 [32m✓[39m src/hooks/api/useTarotistas.test.ts[2m > [22museTarotistas[2m > [22mshould fetch tarotistas with filters[32m 112[2mms[22m[39m
 [32m✓[39m src/components/ui/status-badge.test.tsx[2m > [22mStatusBadge[2m > [22mtext translations[2m > [22mshould display "Cancelada" for cancelled status[32m 4[2mms[22m[39m
 [32m✓[39m src/components/ui/status-badge.test.tsx[2m > [22mStatusBadge[2m > [22maccessibility[2m > [22mshould have data-slot attribute for badge[32m 5[2mms[22m[39m
 [32m✓[39m src/components/ui/status-badge.test.tsx[2m > [22mStatusBadge[2m > [22mclassName prop[2m > [22mshould accept and apply custom className[32m 8[2mms[22m[39m
 [32m✓[39m src/components/ui/status-badge.test.tsx[2m > [22mStatusBadge[2m > [22mtext color contrast[2m > [22mshould have white text for all statuses for readability[32m 107[2mms[22m[39m
 [32m✓[39m src/hooks/api/useTarotistas.test.ts[2m > [22museTarotistas[2m > [22mshould handle errors[32m 105[2mms[22m[39m
 [32m✓[39m src/hooks/api/useTarotistas.test.ts[2m > [22museTarotistas[2m > [22mshould use correct query key[32m 82[2mms[22m[39m
 [32m✓[39m src/hooks/api/useTarotistas.test.ts[2m > [22museTarotistaDetail[2m > [22mshould fetch tarotista detail by id[32m 74[2mms[22m[39m
 [32m✓[39m src/hooks/api/useTarotistas.test.ts[2m > [22museTarotistaDetail[2m > [22mshould handle 404 errors[32m 79[2mms[22m[39m
 [32m✓[39m src/hooks/api/useTarotistas.test.ts[2m > [22museTarotistaDetail[2m > [22mshould be disabled when id is 0[32m 15[2mms[22m[39m
 [32m✓[39m src/hooks/api/useTarotistas.test.ts[2m > [22museTarotistaDetail[2m > [22mshould use correct query key[32m 80[2mms[22m[39m
 [32m✓[39m src/hooks/api/useTarotistas.test.ts[2m > [22museTarotistaDetail[2m > [22mshould handle tarotista with nullable fields (bio, ratingPromedio, añosExperiencia)[32m 77[2mms[22m[39m
 [32m✓[39m src/app/sesiones/page.test.tsx[2m > [22mSesionesPage[2m > [22mshould render sesiones page with correct title[33m 472[2mms[22m[39m
 [32m✓[39m src/app/sesiones/page.test.tsx[2m > [22mSesionesPage[2m > [22mshould have min-h-screen class[32m 13[2mms[22m[39m
 [32m✓[39m src/app/sesiones/page.test.tsx[2m > [22mSesionesPage[2m > [22mshould have bg-bg-main class[32m 9[2mms[22m[39m
 [32m✓[39m src/app/sesiones/page.test.tsx[2m > [22mSesionesPage[2m > [22mshould have font-serif class on heading[32m 116[2mms[22m[39m
 [32m✓[39m src/app/sesiones/page.test.tsx[2m > [22mSesionesPage[2m > [22mshould render SessionsList component[32m 9[2mms[22m[39m
 [32m✓[39m src/app/sesiones/page.test.tsx[2m > [22mSesionesPage[2m > [22mshould show loading state when auth is loading[32m 10[2mms[22m[39m
 [32m✓[39m src/app/not-found.test.tsx[2m > [22mNotFound Page[2m > [22mshould render the 404 title with mystical theme[32m 112[2mms[22m[39m
 [32m✓[39m src/app/not-found.test.tsx[2m > [22mNotFound Page[2m > [22mshould display mystical message[32m 14[2mms[22m[39m
 [32m✓[39m src/app/not-found.test.tsx[2m > [22mNotFound Page[2m > [22mshould have a "Volver al inicio" button[33m 411[2mms[22m[39m
 [32m✓[39m src/app/not-found.test.tsx[2m > [22mNotFound Page[2m > [22mshould have a card icon[32m 17[2mms[22m[39m
 [32m✓[39m src/app/not-found.test.tsx[2m > [22mNotFound Page[2m > [22mshould have background color bg-main[32m 13[2mms[22m[39m
 [32m✓[39m src/app/not-found.test.tsx[2m > [22mNotFound Page[2m > [22mshould have centered content vertically and horizontally[32m 7[2mms[22m[39m
 [32m✓[39m src/app/not-found.test.tsx[2m > [22mNotFound Page[2m > [22mshould have font-serif on title[32m 8[2mms[22m[39m
 [32m✓[39m src/app/not-found.test.tsx[2m > [22mNotFound Page[2m > [22mshould navigate to home when button is clicked[32m 147[2mms[22m[39m
 [32m✓[39m src/app/not-found.test.tsx[2m > [22mNotFound Page[2m > [22mshould have minimum height of screen[32m 9[2mms[22m[39m
 [32m✓[39m src/components/ui/empty-state.test.tsx[2m > [22mEmptyState[2m > [22mrendering[2m > [22mshould render the title[32m 122[2mms[22m[39m
 [32m✓[39m src/components/ui/empty-state.test.tsx[2m > [22mEmptyState[2m > [22mrendering[2m > [22mshould render the message[32m 15[2mms[22m[39m
 [32m✓[39m src/components/ui/empty-state.test.tsx[2m > [22mEmptyState[2m > [22mrendering[2m > [22mshould apply font-serif to the title[32m 15[2mms[22m[39m
 [32m✓[39m src/components/ui/empty-state.test.tsx[2m > [22mEmptyState[2m > [22mrendering[2m > [22mshould apply muted styling to the message[32m 6[2mms[22m[39m
 [32m✓[39m src/components/ui/empty-state.test.tsx[2m > [22mEmptyState[2m > [22mrendering[2m > [22mshould center content vertically[32m 8[2mms[22m[39m
 [32m✓[39m src/components/ui/empty-state.test.tsx[2m > [22mEmptyState[2m > [22micon[2m > [22mshould not render icon wrapper when icon is not provided[32m 6[2mms[22m[39m
 [32m✓[39m src/components/ui/empty-state.test.tsx[2m > [22mEmptyState[2m > [22micon[2m > [22mshould render the icon when provided[32m 14[2mms[22m[39m
 [32m✓[39m src/components/ui/empty-state.test.tsx[2m > [22mEmptyState[2m > [22micon[2m > [22mshould apply soft gray styling to the icon wrapper[32m 6[2mms[22m[39m
 [32m✓[39m src/components/ui/empty-state.test.tsx[2m > [22mEmptyState[2m > [22maction button[2m > [22mshould not render action button when action is not provided[32m 9[2mms[22m[39m
 [32m✓[39m src/components/ui/empty-state.test.tsx[2m > [22mEmptyState[2m > [22maction button[2m > [22mshould render action button with correct label when action is provided[33m 393[2mms[22m[39m
 [32m✓[39m src/components/ui/empty-state.test.tsx[2m > [22mEmptyState[2m > [22maction button[2m > [22mshould call onClick when action button is clicked[32m 75[2mms[22m[39m
 [32m✓[39m src/components/ui/empty-state.test.tsx[2m > [22mEmptyState[2m > [22mcustom props[2m > [22mshould accept custom className[32m 10[2mms[22m[39m
 [32m✓[39m src/components/ui/empty-state.test.tsx[2m > [22mEmptyState[2m > [22mcustom props[2m > [22mshould spread additional props to the container[32m 4[2mms[22m[39m
 [32m✓[39m src/components/ui/plan-badge.test.tsx[2m > [22mPlanBadge[2m > [22mrendering[2m > [22mshould render with anonymous plan[32m 138[2mms[22m[39m
 [32m✓[39m src/components/ui/plan-badge.test.tsx[2m > [22mPlanBadge[2m > [22mrendering[2m > [22mshould render with free plan[32m 17[2mms[22m[39m
 [32m✓[39m src/components/ui/plan-badge.test.tsx[2m > [22mPlanBadge[2m > [22mrendering[2m > [22mshould render with premium plan[32m 22[2mms[22m[39m
 [32m✓[39m src/components/ui/plan-badge.test.tsx[2m > [22mPlanBadge[2m > [22mstyles by plan[2m > [22manonymous plan[2m > [22mshould have gray background[32m 270[2mms[22m[39m
 [32m✓[39m src/components/ui/plan-badge.test.tsx[2m > [22mPlanBadge[2m > [22mstyles by plan[2m > [22manonymous plan[2m > [22mshould have dark text[32m 33[2mms[22m[39m
 [32m✓[39m src/components/ui/plan-badge.test.tsx[2m > [22mPlanBadge[2m > [22mstyles by plan[2m > [22manonymous plan[2m > [22mshould not have border[32m 8[2mms[22m[39m
 [32m✓[39m src/components/ui/plan-badge.test.tsx[2m > [22mPlanBadge[2m > [22mstyles by plan[2m > [22mfree plan[2m > [22mshould have gray background[32m 32[2mms[22m[39m
 [32m✓[39m src/components/ui/plan-badge.test.tsx[2m > [22mPlanBadge[2m > [22mstyles by plan[2m > [22mfree plan[2m > [22mshould have dark text[32m 34[2mms[22m[39m
 [32m✓[39m src/components/ui/plan-badge.test.tsx[2m > [22mPlanBadge[2m > [22mstyles by plan[2m > [22mfree plan[2m > [22mshould not have border[32m 10[2mms[22m[39m
 [32m✓[39m src/components/ui/plan-badge.test.tsx[2m > [22mPlanBadge[2m > [22mstyles by plan[2m > [22mpremium plan[2m > [22mshould have pale yellow background[32m 32[2mms[22m[39m
 [32m✓[39m src/components/ui/plan-badge.test.tsx[2m > [22mPlanBadge[2m > [22mstyles by plan[2m > [22mpremium plan[2m > [22mshould have dark golden text[32m 28[2mms[22m[39m
 [32m✓[39m src/components/ui/plan-badge.test.tsx[2m > [22mPlanBadge[2m > [22mstyles by plan[2m > [22mpremium plan[2m > [22mshould have golden border[32m 24[2mms[22m[39m
 [32m✓[39m src/components/ui/plan-badge.test.tsx[2m > [22mPlanBadge[2m > [22mtext formatting[2m > [22mshould display text in uppercase[32m 10[2mms[22m[39m
 [32m✓[39m src/components/ui/plan-badge.test.tsx[2m > [22mPlanBadge[2m > [22maccessibility[2m > [22mshould have data-slot attribute for badge[32m 5[2mms[22m[39m
 [32m✓[39m src/components/ui/plan-badge.test.tsx[2m > [22mPlanBadge[2m > [22mclassName prop[2m > [22mshould accept and apply custom className[32m 4[2mms[22m[39m
 [32m✓[39m src/components/ui/error-display.test.tsx[2m > [22mErrorDisplay[2m > [22mrendering[2m > [22mshould render the error message[32m 114[2mms[22m[39m
 [32m✓[39m src/components/ui/error-display.test.tsx[2m > [22mErrorDisplay[2m > [22mrendering[2m > [22mshould render the AlertCircle icon[32m 14[2mms[22m[39m
 [32m✓[39m src/components/ui/error-display.test.tsx[2m > [22mErrorDisplay[2m > [22mrendering[2m > [22mshould center the content[32m 12[2mms[22m[39m
 [32m✓[39m src/components/ui/error-display.test.tsx[2m > [22mErrorDisplay[2m > [22mrendering[2m > [22mshould apply soft red color to the icon[32m 10[2mms[22m[39m
 [32m✓[39m src/components/ui/error-display.test.tsx[2m > [22mErrorDisplay[2m > [22mretry button[2m > [22mshould not render retry button when onRetry is not provided[32m 13[2mms[22m[39m
 [32m✓[39m src/components/ui/error-display.test.tsx[2m > [22mErrorDisplay[2m > [22mretry button[2m > [22mshould render retry button when onRetry is provided[33m 352[2mms[22m[39m
 [32m✓[39m src/components/ui/error-display.test.tsx[2m > [22mErrorDisplay[2m > [22mretry button[2m > [22mshould call onRetry when retry button is clicked[32m 71[2mms[22m[39m
 [32m✓[39m src/components/ui/error-display.test.tsx[2m > [22mErrorDisplay[2m > [22maccessibility[2m > [22mshould have role="alert" on the container[32m 49[2mms[22m[39m
 [32m✓[39m src/components/ui/error-display.test.tsx[2m > [22mErrorDisplay[2m > [22maccessibility[2m > [22mshould have aria-live="polite" for screen readers[32m 41[2mms[22m[39m
 [32m✓[39m src/components/ui/error-display.test.tsx[2m > [22mErrorDisplay[2m > [22mcustom props[2m > [22mshould accept custom className[32m 6[2mms[22m[39m
 [32m✓[39m src/components/ui/error-display.test.tsx[2m > [22mErrorDisplay[2m > [22mcustom props[2m > [22mshould spread additional props to the container[32m 6[2mms[22m[39m
 [32m✓[39m src/app/registro/page.test.tsx[2m > [22mRegistroPage[2m > [22mshould render the RegisterForm component[32m 74[2mms[22m[39m
 [32m✓[39m src/app/registro/page.test.tsx[2m > [22mRegistroPage[2m > [22mshould have min-h-screen class[32m 14[2mms[22m[39m
 [32m✓[39m src/app/registro/page.test.tsx[2m > [22mRegistroPage[2m > [22mshould have bg-bg-main class[32m 12[2mms[22m[39m
 [32m✓[39m src/app/registro/page.test.tsx[2m > [22mRegistroPage[2m > [22mshould center content with flexbox[32m 7[2mms[22m[39m
 [32m✓[39m src/app/registro/page.test.tsx[2m > [22mRegistroPage[2m > [22mmessage display[2m > [22mshould NOT show message when no query param is present[32m 13[2mms[22m[39m
 [32m✓[39m src/app/registro/page.test.tsx[2m > [22mRegistroPage[2m > [22mmessage display[2m > [22mshould show message when "register-for-readings" query param is present[33m 391[2mms[22m[39m
 [32m✓[39m src/app/registro/page.test.tsx[2m > [22mRegistroPage[2m > [22mmessage display[2m > [22mshould NOT show message when unknown query param is present[32m 4[2mms[22m[39m
 [32m✓[39m src/hooks/api/useAdminTarotistas.test.ts[2m > [22museAdminTarotistas[2m > [22museAdminTarotistas[2m > [22mshould fetch admin tarotistas with default filters[32m 122[2mms[22m[39m
 [32m✓[39m src/hooks/api/useAdminTarotistas.test.ts[2m > [22museAdminTarotistas[2m > [22museAdminTarotistas[2m > [22mshould fetch tarotistas with custom filters[32m 79[2mms[22m[39m
 [32m✓[39m src/hooks/api/useAdminTarotistas.test.ts[2m > [22museAdminTarotistas[2m > [22museAdminTarotistas[2m > [22mshould handle error response[32m 73[2mms[22m[39m
 [32m✓[39m src/hooks/api/useAdminTarotistas.test.ts[2m > [22museAdminTarotistas[2m > [22museTarotistaApplications[2m > [22mshould fetch pending applications[32m 75[2mms[22m[39m
 [32m✓[39m src/hooks/api/useAdminTarotistas.test.ts[2m > [22museAdminTarotistas[2m > [22museTarotistaApplications[2m > [22mshould fetch applications with filters[32m 86[2mms[22m[39m
 [32m✓[39m src/components/features/readings/UpgradeBanner.test.tsx[2m > [22mUpgradeBanner[2m > [22mdebe renderizar el banner con el mensaje correcto[32m 96[2mms[22m[39m
 [32m✓[39m src/hooks/api/useAdminTarotistas.test.ts[2m > [22museAdminTarotistas[2m > [22museTarotistaApplications[2m > [22mshould handle error response[32m 81[2mms[22m[39m
 [32m✓[39m src/components/features/readings/UpgradeBanner.test.tsx[2m > [22mUpgradeBanner[2m > [22mdebe renderizar el icono de diamante[32m 22[2mms[22m[39m
 [32m✓[39m src/components/features/readings/UpgradeBanner.test.tsx[2m > [22mUpgradeBanner[2m > [22mdebe tener estilos de gradiente púrpura-rosa[32m 13[2mms[22m[39m
 [32m✓[39m src/components/features/readings/UpgradeBanner.test.tsx[2m > [22mUpgradeBanner[2m > [22mdebe llamar onUpgradeClick al hacer clic en el botón[33m 428[2mms[22m[39m
 [32m✓[39m src/components/features/readings/UpgradeBanner.test.tsx[2m > [22mUpgradeBanner[2m > [22mdebe tener el estilo de borde redondeado[32m 9[2mms[22m[39m
 [32m✓[39m src/components/features/readings/UpgradeBanner.test.tsx[2m > [22mUpgradeBanner[2m > [22mdebe tener padding y espaciado correcto[32m 7[2mms[22m[39m
 [32m✓[39m src/hooks/api/useAdminUserActions.test.tsx[2m > [22museBanUser[2m > [22mshould ban user successfully[32m 109[2mms[22m[39m
 [32m✓[39m src/hooks/api/useAdminUserActions.test.tsx[2m > [22museBanUser[2m > [22mshould handle ban user error[32m 85[2mms[22m[39m
 [32m✓[39m src/hooks/api/useAdminUserActions.test.tsx[2m > [22museUnbanUser[2m > [22mshould unban user successfully[32m 75[2mms[22m[39m
 [32m✓[39m src/hooks/queries/useAdminPlans.test.tsx[2m > [22museAdminPlans[2m > [22musePlans[2m > [22mshould fetch all plans[32m 177[2mms[22m[39m
 [32m✓[39m src/hooks/api/useAdminUserActions.test.tsx[2m > [22museUpdateUserPlan[2m > [22mshould update user plan successfully[32m 82[2mms[22m[39m
 [32m✓[39m src/hooks/queries/useAdminPlans.test.tsx[2m > [22museAdminPlans[2m > [22musePlans[2m > [22mshould handle errors[32m 80[2mms[22m[39m
 [32m✓[39m src/hooks/queries/useAdminPlans.test.tsx[2m > [22museAdminPlans[2m > [22musePlan[2m > [22mshould fetch a specific plan[32m 90[2mms[22m[39m
 [32m✓[39m src/hooks/api/useAdminUserActions.test.tsx[2m > [22museAddTarotistRole[2m > [22mshould add tarotist role successfully[32m 101[2mms[22m[39m
 [32m✓[39m src/hooks/api/useAdminUserActions.test.tsx[2m > [22museRemoveTarotistRole[2m > [22mshould remove tarotist role successfully[32m 69[2mms[22m[39m
 [32m✓[39m src/hooks/queries/useAdminPlans.test.tsx[2m > [22museAdminPlans[2m > [22museUpdatePlan[2m > [22mshould update a plan and invalidate queries[32m 63[2mms[22m[39m
 [32m✓[39m src/hooks/queries/useAdminPlans.test.tsx[2m > [22museAdminPlans[2m > [22museUpdatePlan[2m > [22mshould handle errors[32m 93[2mms[22m[39m
 [32m✓[39m src/hooks/api/useAuditLogs.test.ts[2m > [22museAuditLogs[2m > [22mshould fetch audit logs successfully[32m 131[2mms[22m[39m
 [32m✓[39m src/hooks/api/useAuditLogs.test.ts[2m > [22museAuditLogs[2m > [22mshould fetch audit logs with filters[32m 85[2mms[22m[39m
 [32m✓[39m src/hooks/api/useAuditLogs.test.ts[2m > [22museAuditLogs[2m > [22mshould handle errors[32m 71[2mms[22m[39m
 [32m✓[39m src/hooks/api/useAuditLogs.test.ts[2m > [22museAuditLogs[2m > [22mshould set correct query key with filters[32m 68[2mms[22m[39m
 [32m✓[39m src/hooks/queries/useAdminAIUsage.test.tsx[2m > [22museAdminAIUsage[2m > [22museAIUsageStats[2m > [22mshould fetch AI usage statistics without date filters[32m 119[2mms[22m[39m
 [32m✓[39m src/hooks/queries/useAdminAIUsage.test.tsx[2m > [22museAdminAIUsage[2m > [22museAIUsageStats[2m > [22mshould fetch AI usage statistics with date filters[32m 62[2mms[22m[39m
 [32m✓[39m src/hooks/queries/useAdminAIUsage.test.tsx[2m > [22museAdminAIUsage[2m > [22museAIUsageStats[2m > [22mshould have correct query key[32m 67[2mms[22m[39m
 [32m✓[39m src/hooks/queries/useAdminAIUsage.test.tsx[2m > [22museAdminAIUsage[2m > [22museAIUsageStats[2m > [22mshould refetch every 5 minutes (300000ms)[32m 81[2mms[22m[39m
 [32m✓[39m src/hooks/queries/useAdminAIUsage.test.tsx[2m > [22museAdminAIUsage[2m > [22museAIUsageStats[2m > [22mshould handle errors[32m 70[2mms[22m[39m
 [32m✓[39m src/components/features/admin/AIProvidersTable.test.tsx[2m > [22mAIProvidersTable[2m > [22mRendering[2m > [22mshould render table with provider data[32m 180[2mms[22m[39m
 [32m✓[39m src/components/features/admin/AIProvidersTable.test.tsx[2m > [22mAIProvidersTable[2m > [22mRendering[2m > [22mshould render all column headers[32m 68[2mms[22m[39m
 [32m✓[39m src/components/features/admin/AIProvidersTable.test.tsx[2m > [22mAIProvidersTable[2m > [22mRendering[2m > [22mshould render formatted numbers with locale[32m 38[2mms[22m[39m
 [32m✓[39m src/components/features/admin/AIProvidersTable.test.tsx[2m > [22mAIProvidersTable[2m > [22mRendering[2m > [22mshould render costs with 4 decimals[32m 27[2mms[22m[39m
 [32m✓[39m src/components/features/admin/AIProvidersTable.test.tsx[2m > [22mAIProvidersTable[2m > [22mRendering[2m > [22mshould render error rates with 2 decimals[32m 31[2mms[22m[39m
 [32m✓[39m src/components/features/admin/AIProvidersTable.test.tsx[2m > [22mAIProvidersTable[2m > [22mTotals Calculations[2m > [22mshould calculate total calls correctly[32m 34[2mms[22m[39m
 [32m✓[39m src/components/features/admin/AIProvidersTable.test.tsx[2m > [22mAIProvidersTable[2m > [22mTotals Calculations[2m > [22mshould calculate total success calls correctly[32m 23[2mms[22m[39m
 [32m✓[39m src/components/features/admin/AIProvidersTable.test.tsx[2m > [22mAIProvidersTable[2m > [22mTotals Calculations[2m > [22mshould calculate total error calls correctly[32m 41[2mms[22m[39m
 [32m✓[39m src/components/features/admin/AIProvidersTable.test.tsx[2m > [22mAIProvidersTable[2m > [22mTotals Calculations[2m > [22mshould calculate total cached calls correctly[32m 37[2mms[22m[39m
 [32m✓[39m src/components/features/admin/AIProvidersTable.test.tsx[2m > [22mAIProvidersTable[2m > [22mTotals Calculations[2m > [22mshould calculate average error rate correctly[32m 36[2mms[22m[39m
 [32m✓[39m src/components/features/admin/AIProvidersTable.test.tsx[2m > [22mAIProvidersTable[2m > [22mTotals Calculations[2m > [22mshould calculate average cache hit rate correctly[32m 36[2mms[22m[39m
 [32m✓[39m src/components/features/admin/AIProvidersTable.test.tsx[2m > [22mAIProvidersTable[2m > [22mTotals Calculations[2m > [22mshould calculate total cost correctly[32m 29[2mms[22m[39m
 [32m✓[39m src/components/features/admin/AIProvidersTable.test.tsx[2m > [22mAIProvidersTable[2m > [22mTotals Calculations[2m > [22mshould calculate weighted average duration correctly[32m 25[2mms[22m[39m
 [32m✓[39m src/components/features/admin/AIProvidersTable.test.tsx[2m > [22mAIProvidersTable[2m > [22mEdge Cases[2m > [22mshould render empty table when providers array is empty[32m 19[2mms[22m[39m
 [32m✓[39m src/components/features/admin/AIProvidersTable.test.tsx[2m > [22mAIProvidersTable[2m > [22mEdge Cases[2m > [22mshould handle zero totalCalls without division by zero[32m 75[2mms[22m[39m
 [32m✓[39m src/components/features/admin/AIProvidersTable.test.tsx[2m > [22mAIProvidersTable[2m > [22mEdge Cases[2m > [22mshould render single provider correctly[32m 33[2mms[22m[39m
 [32m✓[39m src/components/features/admin/AIUsageContent.test.tsx[2m > [22mAIUsageContent[2m > [22mLoading State[2m > [22mshould render skeleton loaders when loading[32m 97[2mms[22m[39m
 [32m✓[39m src/components/features/admin/AIUsageContent.test.tsx[2m > [22mAIUsageContent[2m > [22mError State[2m > [22mshould render error message when error occurs[32m 21[2mms[22m[39m
 [32m✓[39m src/components/features/admin/AIUsageContent.test.tsx[2m > [22mAIUsageContent[2m > [22mError State[2m > [22mshould render destructive alert variant on error[32m 21[2mms[22m[39m
 [32m✓[39m src/components/features/admin/AIUsageContent.test.tsx[2m > [22mAIUsageContent[2m > [22mNo Data State[2m > [22mshould render no data message when stats is null[32m 9[2mms[22m[39m
 [32m✓[39m src/components/features/admin/AIUsageContent.test.tsx[2m > [22mAIUsageContent[2m > [22mData Loaded State[2m > [22mshould render metrics cards when data is loaded[32m 125[2mms[22m[39m
 [32m✓[39m src/components/features/admin/AIUsageContent.test.tsx[2m > [22mAIUsageContent[2m > [22mData Loaded State[2m > [22mshould render providers table when data is loaded[32m 40[2mms[22m[39m
 [32m✓[39m src/components/features/profile/SubscriptionTab.test.tsx[2m > [22mSubscriptionTab[2m > [22mPlan Display[2m > [22mshould render free plan correctly[32m 205[2mms[22m[39m
 [32m✓[39m src/components/features/profile/SubscriptionTab.test.tsx[2m > [22mSubscriptionTab[2m > [22mPlan Display[2m > [22mshould render premium plan correctly[32m 30[2mms[22m[39m
 [32m✓[39m src/components/features/profile/SubscriptionTab.test.tsx[2m > [22mSubscriptionTab[2m > [22mPlan Display[2m > [22mshould render anonymous plan correctly[32m 26[2mms[22m[39m
 [32m✓[39m src/components/features/profile/SubscriptionTab.test.tsx[2m > [22mSubscriptionTab[2m > [22mUsage Statistics (from useUserCapabilities)[2m > [22mshould display tarot readings count and limit[32m 24[2mms[22m[39m
 [32m✓[39m src/components/features/admin/AIUsageContent.test.tsx[2m > [22mAIUsageContent[2m > [22mAlerts Rendering[2m > [22mshould NOT render alerts when no alerts are active[32m 68[2mms[22m[39m
 [32m✓[39m src/components/features/admin/AIUsageContent.test.tsx[2m > [22mAIUsageContent[2m > [22mAlerts Rendering[2m > [22mshould render alerts when groqRateLimitAlert is active[32m 39[2mms[22m[39m
 [32m✓[39m src/components/features/profile/SubscriptionTab.test.tsx[2m > [22mSubscriptionTab[2m > [22mUsage Statistics (from useUserCapabilities)[2m > [22mshould display remaining tarot readings[32m 59[2mms[22m[39m
 [32m✓[39m src/components/features/profile/SubscriptionTab.test.tsx[2m > [22mSubscriptionTab[2m > [22mUsage Statistics (from useUserCapabilities)[2m > [22mshould display daily card usage[32m 35[2mms[22m[39m
 [32m✓[39m src/components/features/profile/SubscriptionTab.test.tsx[2m > [22mSubscriptionTab[2m > [22mUsage Statistics (from useUserCapabilities)[2m > [22mshould show daily card available when not used[32m 26[2mms[22m[39m
 [32m✓[39m src/components/features/admin/AIUsageContent.test.tsx[2m > [22mAIUsageContent[2m > [22mAlerts Rendering[2m > [22mshould render alerts when highErrorRateAlert is active[32m 50[2mms[22m[39m
 [32m✓[39m src/components/features/admin/AIUsageContent.test.tsx[2m > [22mAIUsageContent[2m > [22mAlerts Rendering[2m > [22mshould render alerts when highFallbackRateAlert is active[32m 42[2mms[22m[39m
 [32m✓[39m src/components/features/profile/SubscriptionTab.test.tsx[2m > [22mSubscriptionTab[2m > [22mUsage Statistics (from useUserCapabilities)[2m > [22mshould render progress bars[32m 40[2mms[22m[39m
 [32m✓[39m src/components/features/profile/SubscriptionTab.test.tsx[2m > [22mSubscriptionTab[2m > [22mUsage Statistics (from useUserCapabilities)[2m > [22mshould handle zero limit gracefully[32m 40[2mms[22m[39m
 [32m✓[39m src/components/features/profile/SubscriptionTab.test.tsx[2m > [22mSubscriptionTab[2m > [22mUsage Statistics (from useUserCapabilities)[2m > [22mshould show loading skeleton when capabilities are loading[32m 16[2mms[22m[39m
 [32m✓[39m src/components/features/profile/SubscriptionTab.test.tsx[2m > [22mSubscriptionTab[2m > [22mPlan Upgrade Section[2m > [22mshould show upgrade section for free users[32m 26[2mms[22m[39m
 [32m✓[39m src/components/features/admin/AIUsageContent.test.tsx[2m > [22mAIUsageContent[2m > [22mAlerts Rendering[2m > [22mshould render alerts when highDailyCostAlert is active[32m 66[2mms[22m[39m
 [32m✓[39m src/components/features/admin/AIUsageContent.test.tsx[2m > [22mAIUsageContent[2m > [22mAlerts Rendering[2m > [22mshould render multiple alerts when multiple are active[32m 96[2mms[22m[39m
 [32m✓[39m src/components/features/profile/SubscriptionTab.test.tsx[2m > [22mSubscriptionTab[2m > [22mPlan Upgrade Section[2m > [22mshould list upgrade benefits for free users[32m 29[2mms[22m[39m
 [32m✓[39m src/components/features/profile/SubscriptionTab.test.tsx[2m > [22mSubscriptionTab[2m > [22mPlan Upgrade Section[2m > [22mshould show "coming soon" message for upgrade[32m 39[2mms[22m[39m
 [32m✓[39m src/components/features/profile/SubscriptionTab.test.tsx[2m > [22mSubscriptionTab[2m > [22mPlan Upgrade Section[2m > [22mshould NOT show upgrade section for premium users[32m 16[2mms[22m[39m
 [32m✓[39m src/components/features/profile/SubscriptionTab.test.tsx[2m > [22mSubscriptionTab[2m > [22mPlan Upgrade Section[2m > [22mshould NOT show upgrade section for anonymous users[32m 12[2mms[22m[39m
 [32m✓[39m src/components/features/profile/SubscriptionTab.test.tsx[2m > [22mSubscriptionTab[2m > [22mComponent Structure[2m > [22mshould render plan section[32m 24[2mms[22m[39m
 [32m✓[39m src/components/features/profile/SubscriptionTab.test.tsx[2m > [22mSubscriptionTab[2m > [22mComponent Structure[2m > [22mshould render usage statistics section[32m 21[2mms[22m[39m
 [32m✓[39m src/components/features/profile/SubscriptionTab.test.tsx[2m > [22mSubscriptionTab[2m > [22mComponent Structure[2m > [22mshould render all sections in correct order[32m 25[2mms[22m[39m
 [32m✓[39m src/hooks/api/useDailyReading.public.test.tsx[2m > [22museDailyReadingPublic[2m > [22mshould create daily reading with fingerprint[32m 139[2mms[22m[39m
 [32m✓[39m src/hooks/api/useDailyReading.public.test.tsx[2m > [22museDailyReadingPublic[2m > [22mshould handle 409 error (card already generated)[32m 79[2mms[22m[39m
 [32m✓[39m src/hooks/api/useDailyReading.public.test.tsx[2m > [22museDailyReadingPublic[2m > [22mshould handle 403 error (anonymous limit reached)[32m 87[2mms[22m[39m
 [32m✓[39m src/hooks/api/useDailyReading.public.test.tsx[2m > [22museDailyReadingPublic[2m > [22mshould invalidate queries on success[32m 78[2mms[22m[39m
 [32m✓[39m src/app/admin/page.test.tsx[2m > [22mAdminDashboardPage[2m > [22mshould render admin dashboard with correct title[33m 458[2mms[22m[39m
 [32m✓[39m src/app/admin/page.test.tsx[2m > [22mAdminDashboardPage[2m > [22mshould have container class[32m 15[2mms[22m[39m
 [32m✓[39m src/app/admin/page.test.tsx[2m > [22mAdminDashboardPage[2m > [22mshould have py-8 class[32m 12[2mms[22m[39m
 [32m✓[39m src/app/admin/page.test.tsx[2m > [22mAdminDashboardPage[2m > [22mshould have font-serif class on heading[32m 63[2mms[22m[39m
 [32m✓[39m src/components/features/admin/AIUsageMetricsCards.test.tsx[2m > [22mAIUsageMetricsCards[2m > [22mshould render all four metric cards[32m 152[2mms[22m[39m
 [32m✓[39m src/components/features/admin/AIUsageMetricsCards.test.tsx[2m > [22mAIUsageMetricsCards[2m > [22mshould calculate and display total requests correctly[32m 23[2mms[22m[39m
 [32m✓[39m src/components/features/admin/AIUsageMetricsCards.test.tsx[2m > [22mAIUsageMetricsCards[2m > [22mshould display Groq calls info[32m 18[2mms[22m[39m
 [32m✓[39m src/components/features/admin/AIUsageMetricsCards.test.tsx[2m > [22mAIUsageMetricsCards[2m > [22mshould calculate and display total tokens correctly[32m 15[2mms[22m[39m
 [32m✓[39m src/components/features/admin/AIUsageMetricsCards.test.tsx[2m > [22mAIUsageMetricsCards[2m > [22mshould display cache hit rate[32m 17[2mms[22m[39m
 [32m✓[39m src/components/features/admin/AIUsageMetricsCards.test.tsx[2m > [22mAIUsageMetricsCards[2m > [22mshould calculate and display total cost correctly[32m 13[2mms[22m[39m
 [32m✓[39m src/components/features/admin/AIUsageMetricsCards.test.tsx[2m > [22mAIUsageMetricsCards[2m > [22mshould calculate and display success rate correctly[32m 20[2mms[22m[39m
 [32m✓[39m src/components/features/admin/AIUsageMetricsCards.test.tsx[2m > [22mAIUsageMetricsCards[2m > [22mshould show success rate in green when > 95%[32m 18[2mms[22m[39m
 [32m✓[39m src/components/features/admin/AIUsageMetricsCards.test.tsx[2m > [22mAIUsageMetricsCards[2m > [22mshould show success rate in yellow when 90% < rate <= 95%[32m 14[2mms[22m[39m
 [32m✓[39m src/components/features/admin/AIUsageMetricsCards.test.tsx[2m > [22mAIUsageMetricsCards[2m > [22mshould show success rate in red when < 90%[32m 13[2mms[22m[39m
 [32m✓[39m src/components/features/admin/AIUsageMetricsCards.test.tsx[2m > [22mAIUsageMetricsCards[2m > [22mshould handle empty statistics[32m 13[2mms[22m[39m
 [32m✓[39m src/components/features/admin/SecurityManagementContent.test.tsx[2m > [22mSecurityManagementContent[2m > [22mshould render tabs for Rate Limiting and Security Events[33m 426[2mms[22m[39m
 [32m✓[39m src/app/admin/usuarios/page.test.tsx[2m > [22mAdminUsuariosPage[2m > [22mshould render admin usuarios page with correct title[32m 110[2mms[22m[39m
 [32m✓[39m src/app/admin/usuarios/page.test.tsx[2m > [22mAdminUsuariosPage[2m > [22mshould show loading state initially[32m 21[2mms[22m[39m
 [32m✓[39m src/app/admin/usuarios/page.test.tsx[2m > [22mAdminUsuariosPage[2m > [22mshould have font-serif class on heading[32m 279[2mms[22m[39m
 [32m✓[39m src/app/admin/seguridad/page.test.tsx[2m > [22mAdminSeguridadPage[2m > [22mshould render page title and description[33m 510[2mms[22m[39m
 [32m✓[39m src/hooks/api/useDashboardStats.test.tsx[2m > [22museDashboardStats[2m > [22mshould fetch dashboard stats successfully[32m 126[2mms[22m[39m
 [32m✓[39m src/hooks/api/useDashboardStats.test.tsx[2m > [22museDashboardStats[2m > [22mshould handle error state[32m 78[2mms[22m[39m
 [32m✓[39m src/hooks/api/useDashboardStats.test.tsx[2m > [22museDashboardStats[2m > [22mshould use correct query key[32m 82[2mms[22m[39m
 [32m✓[39m src/hooks/api/useDashboardCharts.test.tsx[2m > [22museDashboardCharts[2m > [22mshould fetch dashboard charts successfully[32m 137[2mms[22m[39m
 [32m✓[39m src/hooks/api/useDashboardCharts.test.tsx[2m > [22museDashboardCharts[2m > [22mshould handle fetch error[32m 91[2mms[22m[39m
 [32m✓[39m src/hooks/api/useDashboardCharts.test.tsx[2m > [22museDashboardCharts[2m > [22mshould use correct query key[32m 97[2mms[22m[39m
 [32m✓[39m src/components/features/admin/CacheStatsCards.test.tsx[2m > [22mCacheStatsCards[2m > [22mshould render all 4 stat cards[32m 194[2mms[22m[39m
 [32m✓[39m src/components/features/admin/CacheStatsCards.test.tsx[2m > [22mCacheStatsCards[2m > [22mshould display total requests correctly[32m 27[2mms[22m[39m
 [32m✓[39m src/components/features/admin/CacheStatsCards.test.tsx[2m > [22mCacheStatsCards[2m > [22mshould display hit rate percentage[32m 27[2mms[22m[39m
 [32m✓[39m src/components/features/admin/CacheStatsCards.test.tsx[2m > [22mCacheStatsCards[2m > [22mshould apply green color when hit rate > 80%[32m 39[2mms[22m[39m
 [32m✓[39m src/components/features/admin/CacheStatsCards.test.tsx[2m > [22mCacheStatsCards[2m > [22mshould NOT apply green color when hit rate <= 80%[32m 32[2mms[22m[39m
 [32m✓[39m src/components/features/admin/CacheStatsCards.test.tsx[2m > [22mCacheStatsCards[2m > [22mshould calculate and display miss rate correctly[32m 22[2mms[22m[39m
 [32m✓[39m src/components/features/admin/CacheStatsCards.test.tsx[2m > [22mCacheStatsCards[2m > [22mshould display speed improvement factor[32m 20[2mms[22m[39m
 [32m✓[39m src/components/features/admin/CacheStatsCards.test.tsx[2m > [22mCacheStatsCards[2m > [22mshould handle zero values gracefully[32m 28[2mms[22m[39m
 [32m✓[39m src/components/features/dashboard/QuickActions.test.tsx[2m > [22mQuickActions[2m > [22mshould display "Nueva Lectura" button[32m 136[2mms[22m[39m
 [32m✓[39m src/components/features/dashboard/QuickActions.test.tsx[2m > [22mQuickActions[2m > [22mConditional Routing based on User Plan[2m > [22mshould link "Nueva Lectura" to /ritual/tirada for FREE users[32m 30[2mms[22m[39m
 [32m✓[39m src/components/features/dashboard/QuickActions.test.tsx[2m > [22mQuickActions[2m > [22mConditional Routing based on User Plan[2m > [22mshould link "Nueva Lectura" to /ritual for PREMIUM users[32m 22[2mms[22m[39m
 [32m✓[39m src/components/features/dashboard/QuickActions.test.tsx[2m > [22mQuickActions[2m > [22mConditional Routing based on User Plan[2m > [22mshould default to /ritual/tirada when user is null[32m 18[2mms[22m[39m
 [32m✓[39m src/components/features/dashboard/QuickActions.test.tsx[2m > [22mQuickActions[2m > [22mConditional Routing based on User Plan[2m > [22mshould default to /ritual/tirada when user plan is undefined[32m 18[2mms[22m[39m
 [32m✓[39m src/hooks/api/useAvailableSlots.test.tsx[2m > [22museAvailableSlots[2m > [22mshould fetch available slots successfully[32m 140[2mms[22m[39m
 [32m✓[39m src/hooks/api/useAvailableSlots.test.tsx[2m > [22museAvailableSlots[2m > [22mshould not fetch when tarotistaId is 0 or negative[32m 9[2mms[22m[39m
 [32m✓[39m src/hooks/api/useAvailableSlots.test.tsx[2m > [22museAvailableSlots[2m > [22mshould not fetch when date is empty[32m 10[2mms[22m[39m
 [32m✓[39m src/hooks/api/useAvailableSlots.test.tsx[2m > [22museAvailableSlots[2m > [22mshould not fetch when date format is invalid[32m 7[2mms[22m[39m
 [32m✓[39m src/components/features/dashboard/QuickActions.test.tsx[2m > [22mQuickActions[2m > [22mshould display "Historial de Lecturas" button[32m 18[2mms[22m[39m
 [32m✓[39m src/components/features/dashboard/QuickActions.test.tsx[2m > [22mQuickActions[2m > [22mshould link "Historial de Lecturas" button to /historial[32m 20[2mms[22m[39m
 [32m✓[39m src/components/features/dashboard/QuickActions.test.tsx[2m > [22mQuickActions[2m > [22mshould display "Carta del Día" button[32m 21[2mms[22m[39m
 [32m✓[39m src/components/features/dashboard/QuickActions.test.tsx[2m > [22mQuickActions[2m > [22mshould link "Carta del Día" button to /carta-del-dia[32m 23[2mms[22m[39m
 [32m✓[39m src/components/features/dashboard/QuickActions.test.tsx[2m > [22mQuickActions[2m > [22mshould have primary styling on "Nueva Lectura" button[32m 19[2mms[22m[39m
 [32m✓[39m src/components/features/dashboard/QuickActions.test.tsx[2m > [22mQuickActions[2m > [22mshould have secondary styling on other buttons[32m 17[2mms[22m[39m
 [32m✓[39m src/components/features/dashboard/QuickActions.test.tsx[2m > [22mQuickActions[2m > [22mshould display icons for all buttons[32m 23[2mms[22m[39m
 [32m✓[39m src/hooks/api/useAvailableSlots.test.tsx[2m > [22museAvailableSlots[2m > [22mshould handle API errors gracefully[32m 66[2mms[22m[39m
 [32m✓[39m src/hooks/api/useAvailableSlots.test.tsx[2m > [22museAvailableSlots[2m > [22mshould call API with correct parameters[32m 6[2mms[22m[39m
 [32m✓[39m src/hooks/api/useAvailableSlots.test.tsx[2m > [22museAvailableSlots[2m > [22mshould refetch when tarotistaId changes[32m 24[2mms[22m[39m
 [32m✓[39m src/hooks/api/useAvailableSlots.test.tsx[2m > [22museAvailableSlots[2m > [22mshould refetch when date changes[32m 18[2mms[22m[39m
 [32m✓[39m src/components/features/__tests__/smoke.test.tsx[2m > [22mFeature Components Smoke Tests[2m > [22mTarotCard[2m > [22mrenders in unrevealed state (face down)[32m 113[2mms[22m[39m
 [32m✓[39m src/components/features/__tests__/smoke.test.tsx[2m > [22mFeature Components Smoke Tests[2m > [22mTarotCard[2m > [22mrenders in revealed state (face up) without card data[32m 14[2mms[22m[39m
 [32m✓[39m src/components/features/__tests__/smoke.test.tsx[2m > [22mFeature Components Smoke Tests[2m > [22mTarotCard[2m > [22mrenders in revealed state with card data[32m 63[2mms[22m[39m
 [32m✓[39m src/components/features/__tests__/smoke.test.tsx[2m > [22mFeature Components Smoke Tests[2m > [22mTarotCard[2m > [22mrenders reversed card correctly[32m 17[2mms[22m[39m
 [32m✓[39m src/components/features/__tests__/smoke.test.tsx[2m > [22mFeature Components Smoke Tests[2m > [22mTarotCard[2m > [22mrenders with different sizes[32m 23[2mms[22m[39m
 [32m✓[39m src/components/features/__tests__/smoke.test.tsx[2m > [22mFeature Components Smoke Tests[2m > [22mTarotCard[2m > [22mrenders with onClick handler[32m 10[2mms[22m[39m
 [32m✓[39m src/components/features/__tests__/smoke.test.tsx[2m > [22mFeature Components Smoke Tests[2m > [22mPlanBadge[2m > [22mrenders anonymous plan badge[32m 34[2mms[22m[39m
 [32m✓[39m src/components/features/__tests__/smoke.test.tsx[2m > [22mFeature Components Smoke Tests[2m > [22mPlanBadge[2m > [22mrenders free plan badge[32m 7[2mms[22m[39m
 [32m✓[39m src/components/features/__tests__/smoke.test.tsx[2m > [22mFeature Components Smoke Tests[2m > [22mPlanBadge[2m > [22mrenders premium plan badge[32m 13[2mms[22m[39m
 [32m✓[39m src/components/features/__tests__/smoke.test.tsx[2m > [22mFeature Components Smoke Tests[2m > [22mPlanBadge[2m > [22mshows correct text for each plan type[32m 21[2mms[22m[39m
 [32m✓[39m src/components/features/__tests__/smoke.test.tsx[2m > [22mFeature Components Smoke Tests[2m > [22mStatusBadge[2m > [22mrenders pending status badge[32m 5[2mms[22m[39m
 [32m✓[39m src/components/features/__tests__/smoke.test.tsx[2m > [22mFeature Components Smoke Tests[2m > [22mStatusBadge[2m > [22mrenders confirmed status badge[32m 4[2mms[22m[39m
 [32m✓[39m src/components/features/__tests__/smoke.test.tsx[2m > [22mFeature Components Smoke Tests[2m > [22mStatusBadge[2m > [22mrenders completed status badge[32m 37[2mms[22m[39m
 [32m✓[39m src/components/features/__tests__/smoke.test.tsx[2m > [22mFeature Components Smoke Tests[2m > [22mStatusBadge[2m > [22mrenders cancelled status badge[32m 37[2mms[22m[39m
 [32m✓[39m src/components/features/__tests__/smoke.test.tsx[2m > [22mFeature Components Smoke Tests[2m > [22mStatusBadge[2m > [22mshows correct text and color for each status type[32m 33[2mms[22m[39m
[90mstderr[2m | src/components/features/admin/UsersTable.test.tsx[2m > [22m[2mUsersTable[2m > [22m[2mshould render table with users
[22m[39mIn HTML, <thead> cannot be a child of <tr>.
This will cause a hydration error.

  <UsersTable users={[...]} onAction={function Mock}>
    <div className="rounded-lg...">
      <Table>
        <table>
          <TableHeader>
            <tr>
              <TableRow>
>               <tr>
                  <TableHead>
>                   <thead>
                  ...
          ...

<tr> cannot contain a nested <thead>.
See this log for the ancestor stack trace.
In HTML, text nodes cannot be a child of <thead>.
This will cause a hydration error.

  <UsersTable users={[...]} onAction={function Mock}>
    <div className="rounded-lg...">
      <Table>
        <table>
          <TableHeader>
            <tr>
              <TableRow>
                <tr>
                  <TableHead>
                    <thead>
>                     Usuario
                  ...
          ...

In HTML, <tr> cannot be a child of <tr>.
This will cause a hydration error.

  <UsersTable users={[...]} onAction={function Mock}>
    <div className="rounded-lg...">
      <Table>
        <table>
          <TableHeader>
>           <tr>
              <TableRow>
>               <tr>
          ...

<tr> cannot contain a nested <tr>.
See this log for the ancestor stack trace.
In HTML, <tr> cannot be a child of <table>. Add a <tbody>, <thead> or <tfoot> to your code to match the DOM tree generated by the browser.
This will cause a hydration error.

  <UsersTable users={[...]} onAction={function Mock}>
    <div className="rounded-lg...">
      <Table>
>       <table>
          <TableHeader>
>           <tr>
          ...

<table> cannot contain a nested <tr>.
See this log for the ancestor stack trace.

 [32m✓[39m src/components/features/admin/UsersTable.test.tsx[2m > [22mUsersTable[2m > [22mshould render table with users[33m 314[2mms[22m[39m
 [32m✓[39m src/components/features/admin/UsersTable.test.tsx[2m > [22mUsersTable[2m > [22mshould display user roles as badges[32m 56[2mms[22m[39m
 [32m✓[39m src/components/features/admin/UsersTable.test.tsx[2m > [22mUsersTable[2m > [22mshould display user plans as badges[32m 51[2mms[22m[39m
 [32m✓[39m src/components/features/admin/UsersTable.test.tsx[2m > [22mUsersTable[2m > [22mshould show empty state when no users[32m 7[2mms[22m[39m
 [32m✓[39m src/components/features/admin/UsersTable.test.tsx[2m > [22mUsersTable[2m > [22mshould show banned badge for banned users[32m 35[2mms[22m[39m
 [32m✓[39m src/components/features/daily-reading/DailyReadingCard.test.tsx[2m > [22mDailyReadingCard[2m > [22mRendering[2m > [22mshould render the formatted date prominently[32m 144[2mms[22m[39m
 [32m✓[39m src/components/features/daily-reading/DailyReadingCard.test.tsx[2m > [22mDailyReadingCard[2m > [22mRendering[2m > [22mshould render the card name[32m 22[2mms[22m[39m
 [32m✓[39m src/components/features/daily-reading/DailyReadingCard.test.tsx[2m > [22mDailyReadingCard[2m > [22mRendering[2m > [22mshould render the full interpretation (not truncated)[32m 14[2mms[22m[39m
 [32m✓[39m src/components/features/daily-reading/DailyReadingCard.test.tsx[2m > [22mDailyReadingCard[2m > [22mRendering[2m > [22mshould render full interpretation even when long[32m 23[2mms[22m[39m
 [32m✓[39m src/components/features/daily-reading/DailyReadingCard.test.tsx[2m > [22mDailyReadingCard[2m > [22mRendering[2m > [22mshould show reversed indicator when card is reversed[32m 24[2mms[22m[39m
 [32m✓[39m src/components/features/daily-reading/DailyReadingCard.test.tsx[2m > [22mDailyReadingCard[2m > [22mRendering[2m > [22mshould not show reversed indicator when card is upright[32m 11[2mms[22m[39m
 [32m✓[39m src/components/features/daily-reading/DailyReadingCard.test.tsx[2m > [22mDailyReadingCard[2m > [22mRendering[2m > [22mshould show regenerated badge icon when wasRegenerated is true[32m 41[2mms[22m[39m
 [32m✓[39m src/components/features/daily-reading/DailyReadingCard.test.tsx[2m > [22mDailyReadingCard[2m > [22mRendering[2m > [22mshould not show regenerated badge when wasRegenerated is false[32m 14[2mms[22m[39m
 [32m✓[39m src/components/features/daily-reading/DailyReadingCard.test.tsx[2m > [22mDailyReadingCard[2m > [22mRendering[2m > [22mshould render card image when cardImageUrl is provided[32m 14[2mms[22m[39m
 [32m✓[39m src/components/features/daily-reading/DailyReadingCard.test.tsx[2m > [22mDailyReadingCard[2m > [22mRendering[2m > [22mshould rotate card image when isReversed is true[32m 10[2mms[22m[39m
 [32m✓[39m src/components/features/daily-reading/DailyReadingCard.test.tsx[2m > [22mDailyReadingCard[2m > [22mStyling[2m > [22mshould apply custom className[32m 8[2mms[22m[39m
 [32m✓[39m src/components/features/daily-reading/DailyReadingCard.test.tsx[2m > [22mDailyReadingCard[2m > [22mStyling[2m > [22mshould have hover effects[32m 8[2mms[22m[39m
 [32m✓[39m src/hooks/api/useAdminUsers.test.tsx[2m > [22museAdminUsers[2m > [22mshould fetch admin users successfully[32m 108[2mms[22m[39m
 [32m✓[39m src/hooks/api/useAdminUsers.test.tsx[2m > [22museAdminUsers[2m > [22mshould apply filters when provided[32m 81[2mms[22m[39m
 [32m✓[39m src/hooks/api/useAdminUsers.test.tsx[2m > [22museAdminUsers[2m > [22mshould handle errors[32m 79[2mms[22m[39m
 [32m✓[39m src/hooks/api/useAdminUsers.test.tsx[2m > [22museAdminUsers[2m > [22mshould show loading state initially[32m 6[2mms[22m[39m
 [32m✓[39m src/app/admin/ai-usage/page.test.tsx[2m > [22mAIUsagePage[2m > [22mshould render loading state[32m 108[2mms[22m[39m
 [32m✓[39m src/app/admin/ai-usage/page.test.tsx[2m > [22mAIUsagePage[2m > [22mshould render error state[32m 13[2mms[22m[39m
 [32m✓[39m src/app/admin/ai-usage/page.test.tsx[2m > [22mAIUsagePage[2m > [22mshould render AI usage stats when data is loaded[32m 137[2mms[22m[39m
 [32m✓[39m src/app/admin/ai-usage/page.test.tsx[2m > [22mAIUsagePage[2m > [22mshould show alerts when they are active[32m 43[2mms[22m[39m
 [32m✓[39m src/app/admin/ai-usage/page.test.tsx[2m > [22mAIUsagePage[2m > [22mshould not show alerts section when no alerts are active[32m 29[2mms[22m[39m
 [32m✓[39m src/components/features/admin/RecentReadingsTable.test.tsx[2m > [22mRecentReadingsTable[2m > [22mshould render table with headers[32m 188[2mms[22m[39m
 [32m✓[39m src/components/features/admin/RecentReadingsTable.test.tsx[2m > [22mRecentReadingsTable[2m > [22mshould display all readings[32m 23[2mms[22m[39m
 [32m✓[39m src/components/features/admin/RecentReadingsTable.test.tsx[2m > [22mRecentReadingsTable[2m > [22mshould format dates correctly[32m 19[2mms[22m[39m
 [32m✓[39m src/components/features/admin/RecentReadingsTable.test.tsx[2m > [22mRecentReadingsTable[2m > [22mshould display status badges with correct colors[32m 23[2mms[22m[39m
 [32m✓[39m src/components/features/admin/RecentReadingsTable.test.tsx[2m > [22mRecentReadingsTable[2m > [22mshould render empty state when no readings[32m 6[2mms[22m[39m
 [32m✓[39m src/components/features/admin/RecentReadingsTable.test.tsx[2m > [22mRecentReadingsTable[2m > [22mshould format spread types correctly[32m 19[2mms[22m[39m
 [32m✓[39m src/components/features/readings/CategorySelector.test.tsx[2m > [22mCategorySelector[2m > [22mAccess Control[2m > [22mshould redirect FREE users to spread selector (can create readings but not use categories)[32m 58[2mms[22m[39m
 [32m✓[39m src/components/features/readings/CategorySelector.test.tsx[2m > [22mCategorySelector[2m > [22mAccess Control[2m > [22mshould redirect ANONYMOUS users to home (they cannot create tarot readings)[32m 28[2mms[22m[39m
 [32m✓[39m src/components/features/readings/CategorySelector.test.tsx[2m > [22mCategorySelector[2m > [22mAccess Control[2m > [22mshould allow PREMIUM users to access category selector[32m 96[2mms[22m[39m
 [32m✓[39m src/components/features/readings/CategorySelector.test.tsx[2m > [22mCategorySelector[2m > [22mAccess Control[2m > [22mshould NOT redirect when loading capabilities[32m 14[2mms[22m[39m
 [32m✓[39m src/components/features/readings/CategorySelector.test.tsx[2m > [22mCategorySelector[2m > [22mLoading State[2m > [22mshould show skeleton cards while loading categories[32m 21[2mms[22m[39m
 [32m✓[39m src/components/features/readings/CategorySelector.test.tsx[2m > [22mCategorySelector[2m > [22mLoading State[2m > [22mshould show categories after loading completes[32m 34[2mms[22m[39m
 [32m✓[39m src/components/features/readings/CategorySelector.test.tsx[2m > [22mCategorySelector[2m > [22mError State[2m > [22mshould show error display when categories fail to load[32m 10[2mms[22m[39m
 [32m✓[39m src/components/features/readings/CategorySelector.test.tsx[2m > [22mCategorySelector[2m > [22mError State[2m > [22mshould call refetch when retry button is clicked[32m 35[2mms[22m[39m
 [32m✓[39m src/components/features/readings/CategorySelector.test.tsx[2m > [22mCategorySelector[2m > [22mEmpty State[2m > [22mshould show empty state when no categories exist[32m 9[2mms[22m[39m
 [32m✓[39m src/components/features/readings/CategorySelector.test.tsx[2m > [22mCategorySelector[2m > [22mCategory Navigation[2m > [22mshould navigate to questions page when PREMIUM user clicks category[32m 18[2mms[22m[39m
 [32m✓[39m src/components/features/readings/CategorySelector.test.tsx[2m > [22mCategorySelector[2m > [22mCategory Navigation[2m > [22mshould use correct category ID in navigation[32m 24[2mms[22m[39m
 [32m✓[39m src/hooks/useRequireAuth.test.ts[2m > [22museRequireAuth[2m > [22mredirection behavior[2m > [22mshould redirect to /login when not authenticated and not loading[32m 57[2mms[22m[39m
 [32m✓[39m src/hooks/useRequireAuth.test.ts[2m > [22museRequireAuth[2m > [22mredirection behavior[2m > [22mshould NOT redirect when authenticated[32m 6[2mms[22m[39m
 [32m✓[39m src/hooks/useRequireAuth.test.ts[2m > [22museRequireAuth[2m > [22mredirection behavior[2m > [22mshould NOT redirect when still loading[32m 6[2mms[22m[39m
 [32m✓[39m src/hooks/useRequireAuth.test.ts[2m > [22museRequireAuth[2m > [22misLoading return value[2m > [22mshould return isLoading true when auth is loading[32m 13[2mms[22m[39m
 [32m✓[39m src/hooks/useRequireAuth.test.ts[2m > [22museRequireAuth[2m > [22misLoading return value[2m > [22mshould return isLoading false when authenticated[32m 16[2mms[22m[39m
 [32m✓[39m src/hooks/useRequireAuth.test.ts[2m > [22museRequireAuth[2m > [22misLoading return value[2m > [22mshould return isLoading false when not authenticated and not loading[32m 3[2mms[22m[39m
 [32m✓[39m src/hooks/useRequireAuth.test.ts[2m > [22museRequireAuth[2m > [22mcustom redirect options[2m > [22mshould redirect to custom path with query params when provided[32m 9[2mms[22m[39m
 [32m✓[39m src/hooks/useRequireAuth.test.ts[2m > [22museRequireAuth[2m > [22mcustom redirect options[2m > [22mshould redirect to custom path without query params[32m 18[2mms[22m[39m
 [32m✓[39m src/hooks/useRequireAuth.test.ts[2m > [22museRequireAuth[2m > [22mcustom redirect options[2m > [22mshould default to /login when no redirect options provided[32m 21[2mms[22m[39m
 [32m✓[39m src/hooks/useRequireAuth.test.ts[2m > [22museRequireAuth[2m > [22mreturn type[2m > [22mshould return object with isLoading property[32m 5[2mms[22m[39m
 [32m✓[39m src/hooks/useRequireAuth.test.ts[2m > [22museRequireAuth[2m > [22mstate transitions[2m > [22mshould handle transition from loading to authenticated[32m 5[2mms[22m[39m
 [32m✓[39m src/hooks/useRequireAuth.test.ts[2m > [22museRequireAuth[2m > [22mstate transitions[2m > [22mshould handle transition from loading to not authenticated[32m 21[2mms[22m[39m
 [32m✓[39m src/app/ritual/page.test.tsx[2m > [22mRitualPage[2m > [22mAuthentication Protection[2m > [22mshould call useRequireAuth to protect the route[32m 77[2mms[22m[39m
 [32m✓[39m src/app/ritual/page.test.tsx[2m > [22mRitualPage[2m > [22mLoading States[2m > [22mshould return null when user is null[32m 12[2mms[22m[39m
 [32m✓[39m src/app/ritual/page.test.tsx[2m > [22mRitualPage[2m > [22mLoading States[2m > [22mshould return null when capabilities are loading[32m 9[2mms[22m[39m
 [32m✓[39m src/app/ritual/page.test.tsx[2m > [22mRitualPage[2m > [22mFREE User Redirection[2m > [22mshould redirect FREE users to /ritual/tirada[32m 33[2mms[22m[39m
 [32m✓[39m src/app/ritual/page.test.tsx[2m > [22mRitualPage[2m > [22mFREE User Redirection[2m > [22mshould redirect when user can create readings but not use custom questions[32m 10[2mms[22m[39m
 [32m✓[39m src/app/ritual/page.test.tsx[2m > [22mRitualPage[2m > [22mLimit Reached Modal[2m > [22mshould show ReadingLimitReached when user cannot create tarot readings[32m 56[2mms[22m[39m
 [32m✓[39m src/app/ritual/page.test.tsx[2m > [22mRitualPage[2m > [22mLimit Reached Modal[2m > [22mshould show limit modal even for premium users who reached limit[32m 10[2mms[22m[39m
 [32m✓[39m src/app/ritual/page.test.tsx[2m > [22mRitualPage[2m > [22mPREMIUM User - Category Selector[2m > [22mshould show CategorySelector for PREMIUM users who can create readings[32m 7[2mms[22m[39m
 [32m✓[39m src/app/ritual/page.test.tsx[2m > [22mRitualPage[2m > [22mPREMIUM User - Category Selector[2m > [22mshould NOT redirect PREMIUM users with custom questions capability[32m 10[2mms[22m[39m
 [32m✓[39m src/app/ritual/page.test.tsx[2m > [22mRitualPage[2m > [22mEdge Cases[2m > [22mshould handle undefined capabilities data[32m 6[2mms[22m[39m
 [32m✓[39m src/app/ritual/page.test.tsx[2m > [22mRitualPage[2m > [22mEdge Cases[2m > [22mshould not redirect when capabilities are still loading[32m 5[2mms[22m[39m
 [32m✓[39m src/components/ui/toaster.test.tsx[2m > [22mToaster[2m > [22mshould render without crashing[32m 106[2mms[22m[39m
 [32m✓[39m src/components/ui/toaster.test.tsx[2m > [22mToaster[2m > [22mshould be positioned at top-right by default[32m 21[2mms[22m[39m
 [32m✓[39m src/components/ui/toaster.test.tsx[2m > [22mToaster[2m > [22mshould have default duration of 3000ms[32m 14[2mms[22m[39m
 [32m✓[39m src/components/ui/toaster.test.tsx[2m > [22mToaster[2m > [22mshould apply custom className styles for toast variants[32m 7[2mms[22m[39m
 [32m✓[39m src/components/ui/toaster.test.tsx[2m > [22mToaster[2m > [22mshould have success toast with green left border[32m 13[2mms[22m[39m
 [32m✓[39m src/components/ui/toaster.test.tsx[2m > [22mToaster[2m > [22mshould have error toast with red left border[32m 5[2mms[22m[39m
 [32m✓[39m src/components/ui/toaster.test.tsx[2m > [22mToaster[2m > [22mshould have info toast with blue left border[32m 5[2mms[22m[39m
 [32m✓[39m src/components/ui/toaster.test.tsx[2m > [22mToaster[2m > [22mshould allow custom position override[32m 5[2mms[22m[39m
 [32m✓[39m src/components/ui/toaster.test.tsx[2m > [22mToaster[2m > [22mshould allow custom duration override[32m 10[2mms[22m[39m
 [32m✓[39m src/components/ui/toaster.test.tsx[2m > [22mToaster accessibility[2m > [22mshould render in a way that screen readers can announce toasts[32m 5[2mms[22m[39m
 [32m✓[39m src/components/ui/toaster.test.tsx[2m > [22mToaster icons[2m > [22mshould configure custom icons for each toast type[32m 4[2mms[22m[39m
 [32m✓[39m src/components/features/readings/CardThumbnails.test.tsx[2m > [22mCardThumbnails[2m > [22mRendering[2m > [22mshould render placeholder icon when no cards provided[32m 96[2mms[22m[39m
[90mstderr[2m | src/components/features/readings/CardThumbnails.test.tsx[2m > [22m[2mCardThumbnails[2m > [22m[2mRendering[2m > [22m[2mshould render card thumbnails when cards provided
[22m[39mReceived `true` for a non-boolean attribute `fill`.

If you want to write it to the DOM, pass a string instead: fill="true" or fill={value.toString()}.

 [32m✓[39m src/components/features/readings/CardThumbnails.test.tsx[2m > [22mCardThumbnails[2m > [22mRendering[2m > [22mshould render placeholder icon when empty cards array provided[32m 11[2mms[22m[39m
 [32m✓[39m src/components/features/readings/CardThumbnails.test.tsx[2m > [22mCardThumbnails[2m > [22mRendering[2m > [22mshould render card thumbnails when cards provided[32m 33[2mms[22m[39m
 [32m✓[39m src/components/features/readings/CardThumbnails.test.tsx[2m > [22mCardThumbnails[2m > [22mRendering[2m > [22mshould render maximum 3 cards by default[32m 16[2mms[22m[39m
 [32m✓[39m src/components/features/readings/CardThumbnails.test.tsx[2m > [22mCardThumbnails[2m > [22mRendering[2m > [22mshould respect custom max prop[32m 13[2mms[22m[39m
 [32m✓[39m src/components/features/readings/CardThumbnails.test.tsx[2m > [22mCardThumbnails[2m > [22mLayout[2m > [22mshould render stacked layout by default[32m 53[2mms[22m[39m
 [32m✓[39m src/components/features/readings/CardThumbnails.test.tsx[2m > [22mCardThumbnails[2m > [22mLayout[2m > [22mshould render row layout when stacked is false[32m 30[2mms[22m[39m
 [32m✓[39m src/components/features/readings/CardThumbnails.test.tsx[2m > [22mCardThumbnails[2m > [22mSize variants[2m > [22mshould render small size by default[32m 10[2mms[22m[39m
 [32m✓[39m src/components/features/readings/CardThumbnails.test.tsx[2m > [22mCardThumbnails[2m > [22mSize variants[2m > [22mshould render medium size when specified[32m 22[2mms[22m[39m
 [32m✓[39m src/components/features/readings/CardThumbnails.test.tsx[2m > [22mCardThumbnails[2m > [22mReversed card indicator[2m > [22mshould show indicator for reversed cards[32m 11[2mms[22m[39m
 [32m✓[39m src/components/features/readings/CardThumbnails.test.tsx[2m > [22mCardThumbnails[2m > [22mReversed card indicator[2m > [22mshould not show indicator when no cards are reversed[32m 7[2mms[22m[39m
 [32m✓[39m src/components/features/readings/CardThumbnails.test.tsx[2m > [22mCardThumbnails[2m > [22mAccessibility[2m > [22mshould have proper alt text for each card image[32m 11[2mms[22m[39m
 [32m✓[39m src/components/features/readings/CardThumbnails.test.tsx[2m > [22mCardThumbnails[2m > [22mAccessibility[2m > [22mshould have proper aria-label for placeholder[32m 9[2mms[22m[39m
 [32m✓[39m src/components/features/readings/CardThumbnails.test.tsx[2m > [22mCardThumbnails[2m > [22mEdge cases[2m > [22mshould handle single card[32m 6[2mms[22m[39m
 [32m✓[39m src/components/features/readings/CardThumbnails.test.tsx[2m > [22mCardThumbnails[2m > [22mEdge cases[2m > [22mshould handle max=0 by showing placeholder[32m 5[2mms[22m[39m
 [32m✓[39m src/components/features/readings/CardThumbnails.test.tsx[2m > [22mCardThumbnails[2m > [22mEdge cases[2m > [22mshould handle negative max by using default[32m 8[2mms[22m[39m
 [32m✓[39m src/components/features/profile/ProfileHeader.test.tsx[2m > [22mProfileHeader[2m > [22mshould render user name[32m 194[2mms[22m[39m
 [32m✓[39m src/components/features/profile/ProfileHeader.test.tsx[2m > [22mProfileHeader[2m > [22mshould render user plan badge[32m 19[2mms[22m[39m
 [32m✓[39m src/components/features/profile/ProfileHeader.test.tsx[2m > [22mProfileHeader[2m > [22mshould render user avatar with fallback initials[32m 12[2mms[22m[39m
 [32m✓[39m src/components/features/profile/ProfileHeader.test.tsx[2m > [22mProfileHeader[2m > [22mshould render avatar with image when profilePicture is provided[32m 65[2mms[22m[39m
 [32m✓[39m src/components/features/profile/ProfileHeader.test.tsx[2m > [22mProfileHeader[2m > [22mshould render premium plan badge[32m 18[2mms[22m[39m
 [32m✓[39m src/components/features/profile/ProfileHeader.test.tsx[2m > [22mProfileHeader[2m > [22mshould render anonymous plan badge[32m 12[2mms[22m[39m
 [32m✓[39m src/components/features/readings/PremiumBadge.test.tsx[2m > [22mPremiumBadge[2m > [22mRendering[2m > [22mshould render with lock icon by default[32m 123[2mms[22m[39m
 [32m✓[39m src/components/features/readings/PremiumBadge.test.tsx[2m > [22mPremiumBadge[2m > [22mRendering[2m > [22mshould render with custom text[32m 15[2mms[22m[39m
 [32m✓[39m src/components/features/readings/PremiumBadge.test.tsx[2m > [22mPremiumBadge[2m > [22mRendering[2m > [22mshould render with lock variant[32m 20[2mms[22m[39m
 [32m✓[39m src/components/features/readings/PremiumBadge.test.tsx[2m > [22mPremiumBadge[2m > [22mRendering[2m > [22mshould render with crown variant[32m 8[2mms[22m[39m
 [32m✓[39m src/components/features/readings/PremiumBadge.test.tsx[2m > [22mPremiumBadge[2m > [22mRendering[2m > [22mshould render with sparkles variant[32m 12[2mms[22m[39m
 [32m✓[39m src/components/features/readings/PremiumBadge.test.tsx[2m > [22mPremiumBadge[2m > [22mTooltip[2m > [22mshould show tooltip as title attribute when provided[32m 31[2mms[22m[39m
 [32m✓[39m src/components/features/readings/PremiumBadge.test.tsx[2m > [22mPremiumBadge[2m > [22mTooltip[2m > [22mshould not have title attribute when tooltip not provided[32m 8[2mms[22m[39m
 [32m✓[39m src/components/features/readings/PremiumBadge.test.tsx[2m > [22mPremiumBadge[2m > [22mSizes[2m > [22mshould render small size[32m 7[2mms[22m[39m
 [32m✓[39m src/components/features/readings/PremiumBadge.test.tsx[2m > [22mPremiumBadge[2m > [22mSizes[2m > [22mshould render default size[32m 14[2mms[22m[39m
 [32m✓[39m src/components/features/readings/PremiumBadge.test.tsx[2m > [22mPremiumBadge[2m > [22mSizes[2m > [22mshould render medium size[32m 10[2mms[22m[39m
 [32m✓[39m src/components/features/readings/PremiumBadge.test.tsx[2m > [22mPremiumBadge[2m > [22mSizes[2m > [22mshould render large size[32m 9[2mms[22m[39m
 [32m✓[39m src/components/features/readings/PremiumBadge.test.tsx[2m > [22mPremiumBadge[2m > [22mStyles[2m > [22mshould have premium color styling[32m 17[2mms[22m[39m
 [32m✓[39m src/components/features/readings/PremiumBadge.test.tsx[2m > [22mPremiumBadge[2m > [22mStyles[2m > [22mshould apply custom className[32m 10[2mms[22m[39m
 [32m✓[39m src/components/features/readings/PremiumBadge.test.tsx[2m > [22mPremiumBadge[2m > [22mAccessibility[2m > [22mshould have accessible text[32m 9[2mms[22m[39m
 [32m✓[39m src/components/features/readings/PremiumBadge.test.tsx[2m > [22mPremiumBadge[2m > [22mAccessibility[2m > [22mshould have aria-label with tooltip text[32m 28[2mms[22m[39m
 [32m✓[39m src/components/features/readings/PremiumBadge.test.tsx[2m > [22mPremiumBadge[2m > [22mAccessibility[2m > [22mshould have aria-label with fallback when no tooltip provided[32m 31[2mms[22m[39m
 [32m✓[39m src/components/features/admin/RateLimitingTab.test.tsx[2m > [22mRateLimitingTab[2m > [22mshould render stats cards when data is loaded[32m 298[2mms[22m[39m
 [32m✓[39m src/components/features/admin/RateLimitingTab.test.tsx[2m > [22mRateLimitingTab[2m > [22mshould show loading state[32m 10[2mms[22m[39m
 [32m✓[39m src/components/features/admin/StatsCard.test.tsx[2m > [22mStatsCard[2m > [22mshould render metric value[32m 161[2mms[22m[39m
 [32m✓[39m src/components/features/admin/StatsCard.test.tsx[2m > [22mStatsCard[2m > [22mshould display positive change with green color[32m 19[2mms[22m[39m
 [32m✓[39m src/components/features/admin/StatsCard.test.tsx[2m > [22mStatsCard[2m > [22mshould display negative change with red color[32m 12[2mms[22m[39m
 [32m✓[39m src/components/features/admin/StatsCard.test.tsx[2m > [22mStatsCard[2m > [22mshould display zero change with gray color[32m 15[2mms[22m[39m
 [32m✓[39m src/components/features/admin/StatsCard.test.tsx[2m > [22mStatsCard[2m > [22mshould format large numbers with thousands separator[32m 14[2mms[22m[39m
 [32m✓[39m src/components/features/admin/StatsCard.test.tsx[2m > [22mStatsCard[2m > [22mshould render without change indicator when no change provided[32m 12[2mms[22m[39m
 [32m✓[39m src/components/ui/spinner.test.tsx[2m > [22mSpinner[2m > [22mRendering[2m > [22mshould render spinner with default props[32m 86[2mms[22m[39m
 [32m✓[39m src/components/ui/spinner.test.tsx[2m > [22mSpinner[2m > [22mRendering[2m > [22mshould render with custom className[32m 11[2mms[22m[39m
 [32m✓[39m src/components/ui/spinner.test.tsx[2m > [22mSpinner[2m > [22mRendering[2m > [22mshould have animate-spin class[32m 9[2mms[22m[39m
 [32m✓[39m src/components/ui/spinner.test.tsx[2m > [22mSpinner[2m > [22mSizes[2m > [22mshould render small size[32m 8[2mms[22m[39m
 [32m✓[39m src/components/ui/spinner.test.tsx[2m > [22mSpinner[2m > [22mSizes[2m > [22mshould render medium size (default)[32m 8[2mms[22m[39m
 [32m✓[39m src/components/ui/spinner.test.tsx[2m > [22mSpinner[2m > [22mSizes[2m > [22mshould render large size[32m 5[2mms[22m[39m
 [32m✓[39m src/components/ui/spinner.test.tsx[2m > [22mSpinner[2m > [22mSizes[2m > [22mshould use medium size as default when size is not specified[32m 5[2mms[22m[39m
 [32m✓[39m src/components/ui/spinner.test.tsx[2m > [22mSpinner[2m > [22mText Label[2m > [22mshould render with text label[32m 16[2mms[22m[39m
 [32m✓[39m src/components/ui/spinner.test.tsx[2m > [22mSpinner[2m > [22mText Label[2m > [22mshould not render text when not provided[32m 8[2mms[22m[39m
 [32m✓[39m src/components/ui/spinner.test.tsx[2m > [22mSpinner[2m > [22mText Label[2m > [22mshould render text with correct spacing[32m 7[2mms[22m[39m
 [32m✓[39m src/components/ui/spinner.test.tsx[2m > [22mSpinner[2m > [22mCentering[2m > [22mshould center spinner when centered prop is true[32m 6[2mms[22m[39m
 [32m✓[39m src/components/ui/spinner.test.tsx[2m > [22mSpinner[2m > [22mCentering[2m > [22mshould not center spinner when centered prop is false[32m 5[2mms[22m[39m
 [32m✓[39m src/components/ui/spinner.test.tsx[2m > [22mSpinner[2m > [22mCentering[2m > [22mshould center by default when centered prop is not specified[32m 4[2mms[22m[39m
 [32m✓[39m src/components/ui/spinner.test.tsx[2m > [22mSpinner[2m > [22mAccessibility[2m > [22mshould have aria-label for accessibility[32m 19[2mms[22m[39m
 [32m✓[39m src/components/ui/spinner.test.tsx[2m > [22mSpinner[2m > [22mAccessibility[2m > [22mshould use custom aria-label when text is provided[32m 4[2mms[22m[39m
 [32m✓[39m src/hooks/api/useAdminSecurity.test.ts[2m > [22museAdminSecurity hooks[2m > [22museRateLimitData[2m > [22mshould fetch rate limit data with violations and blocked IPs[32m 151[2mms[22m[39m
 [32m✓[39m src/hooks/api/useAdminSecurity.test.ts[2m > [22museAdminSecurity hooks[2m > [22museSecurityEvents[2m > [22mshould fetch security events with filters[32m 83[2mms[22m[39m
 [32m✓[39m src/components/ui/optimized-image.test.tsx[2m > [22mOptimizedImage[2m > [22mshould render with required props[32m 137[2mms[22m[39m
 [32m✓[39m src/components/ui/optimized-image.test.tsx[2m > [22mOptimizedImage[2m > [22mshould apply priority attribute for above-the-fold images[32m 28[2mms[22m[39m
 [32m✓[39m src/components/ui/optimized-image.test.tsx[2m > [22mOptimizedImage[2m > [22mshould use lazy loading by default[32m 11[2mms[22m[39m
 [32m✓[39m src/components/ui/optimized-image.test.tsx[2m > [22mOptimizedImage[2m > [22mshould accept custom className[32m 10[2mms[22m[39m
 [32m✓[39m src/components/ui/optimized-image.test.tsx[2m > [22mOptimizedImage[2m > [22mshould handle placeholder blur data URL[32m 44[2mms[22m[39m
 [32m✓[39m src/components/features/dashboard/StatsSection.test.tsx[2m > [22mStatsSection[2m > [22mshould display section title[32m 129[2mms[22m[39m
 [32m✓[39m src/components/features/dashboard/StatsSection.test.tsx[2m > [22mStatsSection[2m > [22mshould display daily readings count[32m 25[2mms[22m[39m
 [32m✓[39m src/components/features/dashboard/StatsSection.test.tsx[2m > [22mStatsSection[2m > [22mshould show loading state[32m 29[2mms[22m[39m
 [32m✓[39m src/components/features/dashboard/StatsSection.test.tsx[2m > [22mStatsSection[2m > [22mshould show error state[32m 16[2mms[22m[39m
 [32m✓[39m src/components/features/dashboard/StatsSection.test.tsx[2m > [22mStatsSection[2m > [22mshould call refetch when retry button is clicked[32m 26[2mms[22m[39m
 [32m✓[39m src/components/features/dashboard/StatsSection.test.tsx[2m > [22mStatsSection[2m > [22mshould return null when capabilities are explicitly null[32m 3[2mms[22m[39m
 [32m✓[39m src/components/features/dashboard/StatsSection.test.tsx[2m > [22mStatsSection[2m > [22mshould display remaining readings[32m 13[2mms[22m[39m
 [32m✓[39m src/components/features/dashboard/StatsSection.test.tsx[2m > [22mStatsSection[2m > [22mshould have appropriate styling[32m 13[2mms[22m[39m
 [32m✓[39m src/components/features/dashboard/DidYouKnowSection.test.tsx[2m > [22mDidYouKnowSection[2m > [22mshould display section title[32m 141[2mms[22m[39m
 [32m✓[39m src/components/features/dashboard/DidYouKnowSection.test.tsx[2m > [22mDidYouKnowSection[2m > [22mshould display a tarot fact[32m 15[2mms[22m[39m
 [32m✓[39m src/components/features/dashboard/DidYouKnowSection.test.tsx[2m > [22mDidYouKnowSection[2m > [22mshould display different facts on different renders[32m 52[2mms[22m[39m
 [32m✓[39m src/components/features/dashboard/DidYouKnowSection.test.tsx[2m > [22mDidYouKnowSection[2m > [22mshould have decorative icon[32m 12[2mms[22m[39m
 [32m✓[39m src/components/features/dashboard/DidYouKnowSection.test.tsx[2m > [22mDidYouKnowSection[2m > [22mshould have appropriate styling[32m 45[2mms[22m[39m
 [32m✓[39m src/components/features/dashboard/DidYouKnowSection.test.tsx[2m > [22mDidYouKnowSection[2m > [22mshould render as a card component[32m 26[2mms[22m[39m
 [32m✓[39m src/app/tarotistas/[id]/page.test.tsx[2m > [22mTarotistaPerfilPage (Route)[2m > [22mshould render TarotistaProfilePage component with numeric ID[32m 78[2mms[22m[39m
 [32m✓[39m src/app/tarotistas/[id]/page.test.tsx[2m > [22mTarotistaPerfilPage (Route)[2m > [22mshould convert string ID to number[32m 19[2mms[22m[39m
 [32m✓[39m src/components/features/admin/PlanDistributionChart.test.tsx[2m > [22mPlanDistributionChart[2m > [22mshould render chart title[32m 157[2mms[22m[39m
 [32m✓[39m src/components/features/admin/PlanDistributionChart.test.tsx[2m > [22mPlanDistributionChart[2m > [22mshould render with empty data[32m 11[2mms[22m[39m
 [32m✓[39m src/components/features/admin/PlanDistributionChart.test.tsx[2m > [22mPlanDistributionChart[2m > [22mshould render chart with data points[32m 32[2mms[22m[39m
 [32m✓[39m src/components/features/admin/PlanDistributionChart.test.tsx[2m > [22mPlanDistributionChart[2m > [22mshould render chart container when data is provided[32m 21[2mms[22m[39m
 [32m✓[39m src/components/features/dashboard/WelcomeHeader.test.tsx[2m > [22mWelcomeHeader[2m > [22mshould display personalized greeting with user name[32m 117[2mms[22m[39m
 [32m✓[39m src/components/features/dashboard/WelcomeHeader.test.tsx[2m > [22mWelcomeHeader[2m > [22mshould display plan badge with correct label for free users[32m 17[2mms[22m[39m
 [32m✓[39m src/components/features/dashboard/WelcomeHeader.test.tsx[2m > [22mWelcomeHeader[2m > [22mshould display plan badge with correct label for premium users[32m 14[2mms[22m[39m
 [32m✓[39m src/components/features/dashboard/WelcomeHeader.test.tsx[2m > [22mWelcomeHeader[2m > [22mshould display link to profile page[32m 12[2mms[22m[39m
 [32m✓[39m src/components/features/dashboard/WelcomeHeader.test.tsx[2m > [22mWelcomeHeader[2m > [22mshould handle missing user gracefully[32m 13[2mms[22m[39m
 [32m✓[39m src/app/page.test.tsx[2m > [22mHome (Root Page)[2m > [22mLoading State[2m > [22mshould show loading skeleton while validating auth[32m 81[2mms[22m[39m
 [32m✓[39m src/app/page.test.tsx[2m > [22mHome (Root Page)[2m > [22mUnauthenticated Users[2m > [22mshould show LandingPage for unauthenticated users[32m 9[2mms[22m[39m
 [32m✓[39m src/app/page.test.tsx[2m > [22mHome (Root Page)[2m > [22mAuthenticated Users[2m > [22mshould show UserDashboard for FREE users[32m 9[2mms[22m[39m
 [32m✓[39m src/app/page.test.tsx[2m > [22mHome (Root Page)[2m > [22mAuthenticated Users[2m > [22mshould show UserDashboard for PREMIUM users[32m 8[2mms[22m[39m
 [32m✓[39m src/app/page.test.tsx[2m > [22mHome (Root Page)[2m > [22mAuthenticated Users[2m > [22mshould show UserDashboard for ANONYMOUS users when authenticated[32m 8[2mms[22m[39m
 [32m✓[39m src/app/page.test.tsx[2m > [22mHome (Root Page)[2m > [22mAuth State Transitions[2m > [22mshould handle transition from loading to unauthenticated[32m 17[2mms[22m[39m
 [32m✓[39m src/app/page.test.tsx[2m > [22mHome (Root Page)[2m > [22mAuth State Transitions[2m > [22mshould handle transition from loading to authenticated[32m 15[2mms[22m[39m
 [32m✓[39m src/app/page.test.tsx[2m > [22mHome (Root Page)[2m > [22mFOUC Prevention[2m > [22mshould not render content while loading to prevent FOUC[32m 10[2mms[22m[39m
 [32m✓[39m src/app/ritual/lectura/page.test.tsx[2m > [22mLecturaPage[2m > [22mshould show error when spreadId is missing[32m 101[2mms[22m[39m
 [32m✓[39m src/app/ritual/lectura/page.test.tsx[2m > [22mLecturaPage[2m > [22mshould render ReadingExperience when spreadId is provided[32m 15[2mms[22m[39m
 [32m✓[39m src/app/ritual/lectura/page.test.tsx[2m > [22mLecturaPage[2m > [22mshould pass questionId to ReadingExperience[32m 13[2mms[22m[39m
 [32m✓[39m src/app/ritual/lectura/page.test.tsx[2m > [22mLecturaPage[2m > [22mshould pass customQuestion to ReadingExperience[32m 10[2mms[22m[39m
 [32m✓[39m src/app/ritual/lectura/page.test.tsx[2m > [22mLecturaPage[2m > [22mshould decode customQuestion from URL[32m 8[2mms[22m[39m
 [32m✓[39m src/app/ritual/lectura/page.test.tsx[2m > [22mLecturaPage[2m > [22mshould convert spreadId to number[32m 7[2mms[22m[39m
 [32m✓[39m src/components/ui/skeleton-card.test.tsx[2m > [22mSkeletonCard[2m > [22mvariant: tarotist[2m > [22mshould render a circular skeleton for the photo[32m 109[2mms[22m[39m
 [32m✓[39m src/components/ui/skeleton-card.test.tsx[2m > [22mSkeletonCard[2m > [22mvariant: tarotist[2m > [22mshould render three text line skeletons[32m 17[2mms[22m[39m
 [32m✓[39m src/components/ui/skeleton-card.test.tsx[2m > [22mSkeletonCard[2m > [22mvariant: tarotist[2m > [22mshould have correct structure: circle on top + 3 lines below[32m 15[2mms[22m[39m
 [32m✓[39m src/components/ui/skeleton-card.test.tsx[2m > [22mSkeletonCard[2m > [22mvariant: reading[2m > [22mshould render a rectangular skeleton for the card[32m 10[2mms[22m[39m
 [32m✓[39m src/components/ui/skeleton-card.test.tsx[2m > [22mSkeletonCard[2m > [22mvariant: reading[2m > [22mshould render two text line skeletons[32m 11[2mms[22m[39m
 [32m✓[39m src/components/ui/skeleton-card.test.tsx[2m > [22mSkeletonCard[2m > [22mvariant: session[2m > [22mshould render a line skeleton at the top[32m 10[2mms[22m[39m
 [32m✓[39m src/components/ui/skeleton-card.test.tsx[2m > [22mSkeletonCard[2m > [22mvariant: session[2m > [22mshould render a rectangular skeleton in the middle[32m 7[2mms[22m[39m
 [32m✓[39m src/components/ui/skeleton-card.test.tsx[2m > [22mSkeletonCard[2m > [22mvariant: session[2m > [22mshould render a line skeleton at the bottom[32m 4[2mms[22m[39m
 [32m✓[39m src/components/ui/skeleton-card.test.tsx[2m > [22mSkeletonCard[2m > [22mcommon props[2m > [22mshould accept custom className[32m 8[2mms[22m[39m
 [32m✓[39m src/components/ui/skeleton-card.test.tsx[2m > [22mSkeletonCard[2m > [22mcommon props[2m > [22mshould spread additional props to the container[32m 7[2mms[22m[39m
 [32m✓[39m src/components/features/admin/DailyReadingsChart.test.tsx[2m > [22mDailyReadingsChart[2m > [22mshould render chart title[32m 134[2mms[22m[39m
 [32m✓[39m src/components/features/admin/DailyReadingsChart.test.tsx[2m > [22mDailyReadingsChart[2m > [22mshould render with empty data[32m 12[2mms[22m[39m
 [32m✓[39m src/components/features/admin/DailyReadingsChart.test.tsx[2m > [22mDailyReadingsChart[2m > [22mshould render chart with data points[32m 28[2mms[22m[39m
 [32m✓[39m src/components/ui/logo.test.tsx[2m > [22mLogo[2m > [22mshould render logo image with alt text[32m 116[2mms[22m[39m
 [32m✓[39m src/components/ui/logo.test.tsx[2m > [22mLogo[2m > [22mshould apply custom size[32m 14[2mms[22m[39m
 [32m✓[39m src/components/ui/logo.test.tsx[2m > [22mLogo[2m > [22mshould apply priority when specified[32m 22[2mms[22m[39m
 [32m✓[39m src/components/ui/logo.test.tsx[2m > [22mLogo[2m > [22mshould accept custom className[32m 10[2mms[22m[39m
 [32m✓[39m src/lib/providers/react-query-provider.test.tsx[2m > [22mReactQueryProvider[2m > [22mshould render children correctly[32m 78[2mms[22m[39m
 [32m✓[39m src/lib/providers/react-query-provider.test.tsx[2m > [22mReactQueryProvider[2m > [22mshould provide QueryClient with correct staleTime (5 minutes)[32m 12[2mms[22m[39m
 [32m✓[39m src/lib/providers/react-query-provider.test.tsx[2m > [22mReactQueryProvider[2m > [22mshould provide QueryClient with refetchOnWindowFocus disabled[32m 11[2mms[22m[39m
 [32m✓[39m src/components/features/admin/AIUsageAlerts.test.tsx[2m > [22mAIUsageAlerts[2m > [22mshould not render anything when no alerts are active[32m 38[2mms[22m[39m
 [32m✓[39m src/components/features/admin/AIUsageAlerts.test.tsx[2m > [22mAIUsageAlerts[2m > [22mshould render Groq rate limit alert[32m 77[2mms[22m[39m
 [32m✓[39m src/components/features/admin/AIUsageAlerts.test.tsx[2m > [22mAIUsageAlerts[2m > [22mshould render high error rate alert[32m 14[2mms[22m[39m
 [32m✓[39m src/components/features/admin/AIUsageAlerts.test.tsx[2m > [22mAIUsageAlerts[2m > [22mshould render high fallback rate alert[32m 9[2mms[22m[39m
 [32m✓[39m src/components/features/admin/AIUsageAlerts.test.tsx[2m > [22mAIUsageAlerts[2m > [22mshould render high daily cost alert[32m 10[2mms[22m[39m
 [32m✓[39m src/components/features/admin/AIUsageAlerts.test.tsx[2m > [22mAIUsageAlerts[2m > [22mshould render multiple alerts simultaneously[32m 17[2mms[22m[39m
 [32m✓[39m src/components/features/admin/AIUsageAlerts.test.tsx[2m > [22mAIUsageAlerts[2m > [22mshould apply correct alert variant based on severity[32m 22[2mms[22m[39m
 [32m✓[39m src/components/ui/user-avatar.test.tsx[2m > [22mUserAvatar[2m > [22mshould render avatar component[32m 99[2mms[22m[39m
 [32m✓[39m src/components/ui/user-avatar.test.tsx[2m > [22mUserAvatar[2m > [22mshould show initials fallback when no src provided[32m 18[2mms[22m[39m
 [32m✓[39m src/components/ui/user-avatar.test.tsx[2m > [22mUserAvatar[2m > [22mshould apply size classes correctly[32m 25[2mms[22m[39m
 [32m✓[39m src/components/ui/user-avatar.test.tsx[2m > [22mUserAvatar[2m > [22mshould accept custom className[32m 10[2mms[22m[39m
 [32m✓[39m src/hooks/useAuth.test.ts[2m > [22museAuth[2m > [22muser property[2m > [22mshould return null when user is not authenticated[32m 44[2mms[22m[39m
 [32m✓[39m src/hooks/useAuth.test.ts[2m > [22museAuth[2m > [22muser property[2m > [22mshould return user when authenticated[32m 7[2mms[22m[39m
 [32m✓[39m src/hooks/useAuth.test.ts[2m > [22museAuth[2m > [22misAuthenticated property[2m > [22mshould return false when not authenticated[32m 6[2mms[22m[39m
 [32m✓[39m src/hooks/useAuth.test.ts[2m > [22museAuth[2m > [22misAuthenticated property[2m > [22mshould return true when authenticated[32m 6[2mms[22m[39m
 [32m✓[39m src/hooks/useAuth.test.ts[2m > [22museAuth[2m > [22misLoading property[2m > [22mshould return false when not loading[32m 6[2mms[22m[39m
 [32m✓[39m src/hooks/useAuth.test.ts[2m > [22museAuth[2m > [22misLoading property[2m > [22mshould return true when loading[32m 3[2mms[22m[39m
 [32m✓[39m src/hooks/useAuth.test.ts[2m > [22museAuth[2m > [22mlogin function[2m > [22mshould call login from store with email and password[32m 6[2mms[22m[39m
 [32m✓[39m src/hooks/useAuth.test.ts[2m > [22museAuth[2m > [22mlogout function[2m > [22mshould call logout from store[32m 4[2mms[22m[39m
 [32m✓[39m src/hooks/useAuth.test.ts[2m > [22museAuth[2m > [22mcheckAuth function[2m > [22mshould call checkAuth from store[32m 6[2mms[22m[39m
 [32m✓[39m src/hooks/useAuth.test.ts[2m > [22museAuth[2m > [22mreturn type[2m > [22mshould return all expected properties[32m 4[2mms[22m[39m
 [32m✓[39m src/hooks/useAuth.test.ts[2m > [22museAuth[2m > [22mreturn type[2m > [22mshould have correct types for all properties[32m 8[2mms[22m[39m
 [32m✓[39m src/app/historial/loading.test.tsx[2m > [22mLoading (Historial)[2m > [22mshould render loading spinner[32m 89[2mms[22m[39m
 [32m✓[39m src/app/historial/loading.test.tsx[2m > [22mLoading (Historial)[2m > [22mshould render "Cargando..." text[32m 35[2mms[22m[39m
 [32m✓[39m src/app/historial/loading.test.tsx[2m > [22mLoading (Historial)[2m > [22mshould be centered on the page[32m 11[2mms[22m[39m
 [32m✓[39m src/app/recuperar-password/page.test.tsx[2m > [22mForgotPasswordPage[2m > [22mshould render the ForgotPasswordForm component[32m 66[2mms[22m[39m
 [32m✓[39m src/app/recuperar-password/page.test.tsx[2m > [22mForgotPasswordPage[2m > [22mshould have min-h-screen class[32m 22[2mms[22m[39m
 [32m✓[39m src/app/recuperar-password/page.test.tsx[2m > [22mForgotPasswordPage[2m > [22mshould have bg-bg-main class[32m 10[2mms[22m[39m
 [32m✓[39m src/app/recuperar-password/page.test.tsx[2m > [22mForgotPasswordPage[2m > [22mshould have centered layout[32m 8[2mms[22m[39m
 [32m✓[39m src/app/admin/cache/page.test.tsx[2m > [22mCachePage[2m > [22mshould render page title[32m 76[2mms[22m[39m
 [32m✓[39m src/app/admin/cache/page.test.tsx[2m > [22mCachePage[2m > [22mshould render page description[32m 14[2mms[22m[39m
 [32m✓[39m src/app/admin/cache/page.test.tsx[2m > [22mCachePage[2m > [22mshould render CacheManagementContent component[32m 17[2mms[22m[39m
 [32m✓[39m src/hooks/utils/useToast.test.ts[2m > [22museToast[2m > [22mtoast function[2m > [22mshould export toast function[32m 3[2mms[22m[39m
 [32m✓[39m src/hooks/utils/useToast.test.ts[2m > [22museToast[2m > [22mtoast function[2m > [22mshould export toast.success method[32m 1[2mms[22m[39m
 [32m✓[39m src/hooks/utils/useToast.test.ts[2m > [22museToast[2m > [22mtoast function[2m > [22mshould export toast.error method[32m 1[2mms[22m[39m
 [32m✓[39m src/hooks/utils/useToast.test.ts[2m > [22museToast[2m > [22mtoast function[2m > [22mshould export toast.info method[32m 1[2mms[22m[39m
 [32m✓[39m src/hooks/utils/useToast.test.ts[2m > [22museToast[2m > [22mtoast function[2m > [22mshould export toast.dismiss method[32m 0[2mms[22m[39m
 [32m✓[39m src/hooks/utils/useToast.test.ts[2m > [22museToast[2m > [22museToast hook[2m > [22mshould return toast object with all methods[32m 32[2mms[22m[39m
 [32m✓[39m src/hooks/utils/useToast.test.ts[2m > [22museToast[2m > [22museToast hook[2m > [22mshould call success toast with correct parameters[32m 9[2mms[22m[39m
 [32m✓[39m src/hooks/utils/useToast.test.ts[2m > [22museToast[2m > [22museToast hook[2m > [22mshould call error toast with correct parameters[32m 6[2mms[22m[39m
 [32m✓[39m src/hooks/utils/useToast.test.ts[2m > [22museToast[2m > [22museToast hook[2m > [22mshould call info toast with correct parameters[32m 4[2mms[22m[39m
 [32m✓[39m src/hooks/utils/useToast.test.ts[2m > [22museToast[2m > [22museToast hook[2m > [22mshould support description in toast options[32m 9[2mms[22m[39m
 [32m✓[39m src/hooks/utils/useToast.test.ts[2m > [22museToast[2m > [22museToast hook[2m > [22mshould support custom duration in toast options[32m 4[2mms[22m[39m
 [32m✓[39m src/hooks/utils/useToast.test.ts[2m > [22museToast[2m > [22museToast hook[2m > [22mshould call base toast with correct parameters[32m 4[2mms[22m[39m
 [32m✓[39m src/hooks/utils/useToast.test.ts[2m > [22museToast[2m > [22museToast hook[2m > [22mshould call dismiss without ID to dismiss all toasts[32m 4[2mms[22m[39m
 [32m✓[39m src/hooks/utils/useToast.test.ts[2m > [22museToast[2m > [22museToast hook[2m > [22mshould call dismiss with ID to dismiss specific toast[32m 5[2mms[22m[39m
 [32m✓[39m src/hooks/utils/useToast.test.ts[2m > [22museToast[2m > [22museToast hook[2m > [22mshould support action button in toast options[32m 5[2mms[22m[39m
 [32m✓[39m src/hooks/utils/useToast.test.ts[2m > [22mToast Types[2m > [22mshould have ToastOptions type exported[32m 0[2mms[22m[39m
 [32m✓[39m src/hooks/utils/useDebounce.test.tsx[2m > [22museDebounce[2m > [22mshould return initial value immediately[32m 44[2mms[22m[39m
 [32m✓[39m src/hooks/utils/useDebounce.test.tsx[2m > [22museDebounce[2m > [22mshould debounce value changes[32m 12[2mms[22m[39m
 [32m✓[39m src/hooks/utils/useDebounce.test.tsx[2m > [22museDebounce[2m > [22mshould cancel previous timeout when value changes rapidly[32m 15[2mms[22m[39m
 [32m✓[39m src/hooks/utils/useDebounce.test.tsx[2m > [22museDebounce[2m > [22mshould handle custom delay values[32m 7[2mms[22m[39m
 [32m✓[39m src/hooks/utils/useDebounce.test.tsx[2m > [22museDebounce[2m > [22mshould handle delay changes[32m 6[2mms[22m[39m
 [32m✓[39m src/hooks/utils/useDebounce.test.tsx[2m > [22museDebounce[2m > [22mshould work with different types[32m 5[2mms[22m[39m
 [32m✓[39m src/hooks/utils/useDebounce.test.tsx[2m > [22museDebounce[2m > [22mshould cleanup timeout on unmount[32m 6[2mms[22m[39m
 [32m✓[39m src/app/loading.test.tsx[2m > [22mLoading (Global)[2m > [22mshould render loading spinner[32m 100[2mms[22m[39m
 [32m✓[39m src/app/loading.test.tsx[2m > [22mLoading (Global)[2m > [22mshould render "Cargando..." text[32m 21[2mms[22m[39m
 [32m✓[39m src/app/loading.test.tsx[2m > [22mLoading (Global)[2m > [22mshould be centered on the page[32m 10[2mms[22m[39m
 [32m✓[39m src/app/loading.test.tsx[2m > [22mLoading (Global)[2m > [22mshould use large spinner size[32m 7[2mms[22m[39m
 [32m✓[39m src/app/ritual/layout.test.tsx[2m > [22mRitualLayout[2m > [22mshould render children[32m 86[2mms[22m[39m
 [32m✓[39m src/app/ritual/layout.test.tsx[2m > [22mRitualLayout[2m > [22mshould pass through children without modification[32m 15[2mms[22m[39m
 [32m✓[39m src/app/login/page.test.tsx[2m > [22mLoginPage[2m > [22mshould render login page with LoginForm[32m 64[2mms[22m[39m
 [32m✓[39m src/app/login/page.test.tsx[2m > [22mLoginPage[2m > [22mshould have min-h-screen class[32m 12[2mms[22m[39m
 [32m✓[39m src/app/login/page.test.tsx[2m > [22mLoginPage[2m > [22mshould have bg-bg-main class[32m 10[2mms[22m[39m
 [32m✓[39m src/app/login/page.test.tsx[2m > [22mLoginPage[2m > [22mshould center content vertically and horizontally[32m 7[2mms[22m[39m
 [32m✓[39m src/app/explorar/loading.test.tsx[2m > [22mLoading (Explorar)[2m > [22mshould render loading spinner[32m 102[2mms[22m[39m
 [32m✓[39m src/app/explorar/loading.test.tsx[2m > [22mLoading (Explorar)[2m > [22mshould render "Cargando..." text[32m 25[2mms[22m[39m
 [32m✓[39m src/app/explorar/loading.test.tsx[2m > [22mLoading (Explorar)[2m > [22mshould be centered on the page[32m 10[2mms[22m[39m
 [32m✓[39m src/hooks/utils/useConversionTracking.test.ts[2m > [22museConversionTracking[2m > [22mshould track CTA shown event[32m 39[2mms[22m[39m
 [32m✓[39m src/hooks/utils/useConversionTracking.test.ts[2m > [22museConversionTracking[2m > [22mshould track CTA clicked event[32m 5[2mms[22m[39m
 [32m✓[39m src/hooks/utils/useConversionTracking.test.ts[2m > [22museConversionTracking[2m > [22mshould check if CTA was dismissed[32m 13[2mms[22m[39m
 [32m✓[39m src/hooks/utils/useConversionTracking.test.ts[2m > [22museConversionTracking[2m > [22mshould respect max dismissal count (3)[32m 4[2mms[22m[39m
 [32m✓[39m src/hooks/utils/useConversionTracking.test.ts[2m > [22museConversionTracking[2m > [22mshould track modal open event[32m 6[2mms[22m[39m
 [32m✓[39m src/hooks/utils/useConversionTracking.test.ts[2m > [22museConversionTracking[2m > [22mshould track upgrade intent[32m 3[2mms[22m[39m
 [32m✓[39m src/hooks/utils/useConversionTracking.test.ts[2m > [22museConversionTracking[2m > [22mshould return correct dismissal count[32m 4[2mms[22m[39m
 [32m✓[39m src/hooks/utils/useConversionTracking.test.ts[2m > [22museConversionTracking[2m > [22mshould handle SSR scenario (window undefined)[32m 6[2mms[22m[39m
 [32m✓[39m src/app/ritual/loading.test.tsx[2m > [22mLoading (Ritual)[2m > [22mshould render loading spinner[32m 104[2mms[22m[39m
 [32m✓[39m src/app/ritual/loading.test.tsx[2m > [22mLoading (Ritual)[2m > [22mshould render "Cargando..." text[32m 23[2mms[22m[39m
 [32m✓[39m src/app/ritual/loading.test.tsx[2m > [22mLoading (Ritual)[2m > [22mshould be centered on the page[32m 12[2mms[22m[39m
 [32m✓[39m src/hooks/utils/useUserPlanFeatures.test.ts[2m > [22museUserPlanFeatures[2m > [22mANONYMOUS plan[2m > [22mshould return correct permissions for anonymous user[32m 42[2mms[22m[39m
 [32m✓[39m src/hooks/utils/useUserPlanFeatures.test.ts[2m > [22museUserPlanFeatures[2m > [22mFREE plan[2m > [22mshould return correct permissions for free user[32m 7[2mms[22m[39m
 [32m✓[39m src/hooks/utils/useUserPlanFeatures.test.ts[2m > [22museUserPlanFeatures[2m > [22mPREMIUM plan[2m > [22mshould return correct permissions for premium user[32m 8[2mms[22m[39m
 [32m✓[39m src/hooks/utils/useUserPlanFeatures.test.ts[2m > [22museUserPlanFeatures[2m > [22mNo user (null)[2m > [22mshould default to anonymous permissions when user is null[32m 7[2mms[22m[39m
 [32m✓[39m src/hooks/utils/useUserPlanFeatures.test.ts[2m > [22museUserPlanFeatures[2m > [22mPlan labels[2m > [22mshould return correct Spanish label for anonymous[32m 7[2mms[22m[39m
 [32m✓[39m src/hooks/utils/useUserPlanFeatures.test.ts[2m > [22museUserPlanFeatures[2m > [22mPlan labels[2m > [22mshould return correct Spanish label for free[32m 5[2mms[22m[39m
 [32m✓[39m src/hooks/utils/useUserPlanFeatures.test.ts[2m > [22museUserPlanFeatures[2m > [22mPlan labels[2m > [22mshould return correct Spanish label for premium[32m 5[2mms[22m[39m
 [32m✓[39m src/lib/utils/format.test.ts[2m > [22mformat utilities[2m > [22mformatDate[2m > [22mshould format date to Spanish locale[32m 46[2mms[22m[39m
 [32m✓[39m src/lib/utils/format.test.ts[2m > [22mformat utilities[2m > [22mformatDate[2m > [22mshould handle string dates[32m 1[2mms[22m[39m
 [32m✓[39m src/lib/utils/format.test.ts[2m > [22mformat utilities[2m > [22mformatDate[2m > [22mshould apply custom format options[32m 1[2mms[22m[39m
 [32m✓[39m src/lib/utils/format.test.ts[2m > [22mformat utilities[2m > [22mformatRelativeTime[2m > [22mshould return "ahora" for recent times[32m 1[2mms[22m[39m
 [32m✓[39m src/lib/utils/format.test.ts[2m > [22mformat utilities[2m > [22mformatRelativeTime[2m > [22mshould return minutes ago for recent times[32m 1[2mms[22m[39m
 [32m✓[39m src/lib/utils/format.test.ts[2m > [22mformat utilities[2m > [22mformatRelativeTime[2m > [22mshould return hours ago for times within a day[32m 0[2mms[22m[39m
 [32m✓[39m src/lib/utils/format.test.ts[2m > [22mformat utilities[2m > [22mformatRelativeTime[2m > [22mshould return days ago for times within a week[32m 1[2mms[22m[39m
 [32m✓[39m src/lib/utils/format.test.ts[2m > [22mformat utilities[2m > [22mformatRelativeTime[2m > [22mshould return weeks ago for times within a month[32m 1[2mms[22m[39m
 [32m✓[39m src/lib/utils/format.test.ts[2m > [22mformat utilities[2m > [22mformatRelativeTime[2m > [22mshould return formatted date for old times (more than 30 days)[32m 2[2mms[22m[39m
 [32m✓[39m src/lib/utils/format.test.ts[2m > [22mformat utilities[2m > [22mformatPrice[2m > [22mshould format price in EUR by default[32m 10[2mms[22m[39m
 [32m✓[39m src/lib/utils/format.test.ts[2m > [22mformat utilities[2m > [22mformatPrice[2m > [22mshould format price in different currencies[32m 1[2mms[22m[39m
 [32m✓[39m src/lib/utils/format.test.ts[2m > [22mformat utilities[2m > [22mtruncateText[2m > [22mshould truncate long text with ellipsis[32m 1[2mms[22m[39m
 [32m✓[39m src/lib/utils/format.test.ts[2m > [22mformat utilities[2m > [22mtruncateText[2m > [22mshould not truncate short text[32m 0[2mms[22m[39m
 [32m✓[39m src/app/admin/planes/page.test.tsx[2m > [22mPlanesPage[2m > [22mshould render PlanesConfigContainer[32m 62[2mms[22m[39m
 [32m✓[39m src/stores/authStore.test.ts[2m > [22mauthStore[2m > [22mInitial State[2m > [22mshould have null user by default[32m 4[2mms[22m[39m
 [32m✓[39m src/stores/authStore.test.ts[2m > [22mauthStore[2m > [22mInitial State[2m > [22mshould have isAuthenticated false by default[32m 1[2mms[22m[39m
 [32m✓[39m src/stores/authStore.test.ts[2m > [22mauthStore[2m > [22mInitial State[2m > [22mshould have isLoading true by default[32m 1[2mms[22m[39m
 [32m✓[39m src/stores/authStore.test.ts[2m > [22mauthStore[2m > [22msetUser[2m > [22mshould set user and isAuthenticated to true when user is provided[32m 2[2mms[22m[39m
 [32m✓[39m src/stores/authStore.test.ts[2m > [22mauthStore[2m > [22msetUser[2m > [22mshould set user to null and isAuthenticated to false when null is provided[32m 1[2mms[22m[39m
 [32m✓[39m src/stores/authStore.test.ts[2m > [22mauthStore[2m > [22mlogin[2m > [22mshould call API with email and password[32m 4[2mms[22m[39m
 [32m✓[39m src/stores/authStore.test.ts[2m > [22mauthStore[2m > [22mlogin[2m > [22mshould store tokens in localStorage on successful login[32m 1[2mms[22m[39m
 [32m✓[39m src/stores/authStore.test.ts[2m > [22mauthStore[2m > [22mlogin[2m > [22mshould set user and isAuthenticated on successful login[32m 1[2mms[22m[39m
 [32m✓[39m src/stores/authStore.test.ts[2m > [22mauthStore[2m > [22mlogin[2m > [22mshould show success toast on successful login[32m 1[2mms[22m[39m
 [32m✓[39m src/stores/authStore.test.ts[2m > [22mauthStore[2m > [22mlogin[2m > [22mshould show error toast on failed login[32m 4[2mms[22m[39m
 [32m✓[39m src/stores/authStore.test.ts[2m > [22mauthStore[2m > [22mlogin[2m > [22mshould not store tokens on failed login[32m 3[2mms[22m[39m
 [32m✓[39m src/stores/authStore.test.ts[2m > [22mauthStore[2m > [22mlogout[2m > [22mshould clear user and set isAuthenticated to false[32m 1[2mms[22m[39m
 [32m✓[39m src/stores/authStore.test.ts[2m > [22mauthStore[2m > [22mlogout[2m > [22mshould clear tokens from localStorage[32m 1[2mms[22m[39m
 [32m✓[39m src/stores/authStore.test.ts[2m > [22mauthStore[2m > [22mlogout[2m > [22mshould clear React Query cache on logout[32m 1[2mms[22m[39m
 [32m✓[39m src/stores/authStore.test.ts[2m > [22mauthStore[2m > [22mcheckAuth[2m > [22mshould set isLoading to false when no access_token exists[32m 1[2mms[22m[39m
 [32m✓[39m src/stores/authStore.test.ts[2m > [22mauthStore[2m > [22mcheckAuth[2m > [22mshould call API to get user profile when access_token exists[32m 1[2mms[22m[39m
 [32m✓[39m src/stores/authStore.test.ts[2m > [22mauthStore[2m > [22mcheckAuth[2m > [22mshould set user and isAuthenticated when profile fetch succeeds[32m 1[2mms[22m[39m
 [32m✓[39m src/stores/authStore.test.ts[2m > [22mauthStore[2m > [22mcheckAuth[2m > [22mshould clear tokens and user when profile fetch fails[32m 1[2mms[22m[39m
 [32m✓[39m src/stores/authStore.test.ts[2m > [22mauthStore[2m > [22mPersistence[2m > [22mshould configure persistence with correct storage key[32m 1[2mms[22m[39m
 [32m✓[39m src/stores/authStore.test.ts[2m > [22mauthStore[2m > [22mPersistence[2m > [22mshould only persist user and isAuthenticated, not isLoading[32m 1[2mms[22m[39m
 [32m✓[39m src/stores/authStore.test.ts[2m > [22mauthStore[2m > [22mAuthUser Type - No Limits Fields[2m > [22mshould not contain dailyCardCount field[32m 0[2mms[22m[39m
 [32m✓[39m src/stores/authStore.test.ts[2m > [22mauthStore[2m > [22mAuthUser Type - No Limits Fields[2m > [22mshould not contain dailyCardLimit field[32m 0[2mms[22m[39m
 [32m✓[39m src/stores/authStore.test.ts[2m > [22mauthStore[2m > [22mAuthUser Type - No Limits Fields[2m > [22mshould not contain tarotReadingsCount field[32m 0[2mms[22m[39m
 [32m✓[39m src/stores/authStore.test.ts[2m > [22mauthStore[2m > [22mAuthUser Type - No Limits Fields[2m > [22mshould not contain tarotReadingsLimit field[32m 0[2mms[22m[39m
 [32m✓[39m src/stores/authStore.test.ts[2m > [22mauthStore[2m > [22mAuthUser Type - No Limits Fields[2m > [22mshould not contain dailyReadingsCount field (legacy)[32m 0[2mms[22m[39m
 [32m✓[39m src/stores/authStore.test.ts[2m > [22mauthStore[2m > [22mAuthUser Type - No Limits Fields[2m > [22mshould not contain dailyReadingsLimit field (legacy)[32m 0[2mms[22m[39m
 [32m✓[39m src/stores/authStore.test.ts[2m > [22mauthStore[2m > [22mAuthUser Type - No Limits Fields[2m > [22mshould only contain essential profile fields[32m 0[2mms[22m[39m
 [32m✓[39m src/lib/api/axios-config.test.ts[2m > [22maxios-config[2m > [22mapiClient configuration[2m > [22mshould create axios instance with correct baseURL from env[32m 14[2mms[22m[39m
 [32m✓[39m src/lib/api/axios-config.test.ts[2m > [22maxios-config[2m > [22mapiClient configuration[2m > [22mshould create axios instance with timeout of 30000ms[32m 2[2mms[22m[39m
 [32m✓[39m src/lib/api/axios-config.test.ts[2m > [22maxios-config[2m > [22mapiClient configuration[2m > [22mshould create axios instance with Content-Type header[32m 3[2mms[22m[39m
 [32m✓[39m src/lib/api/axios-config.test.ts[2m > [22maxios-config[2m > [22mrequest interceptor[2m > [22mshould add Authorization header when token exists in localStorage[32m 3[2mms[22m[39m
 [32m✓[39m src/lib/api/axios-config.test.ts[2m > [22maxios-config[2m > [22mrequest interceptor[2m > [22mshould not add Authorization header when no token exists[32m 2[2mms[22m[39m
 [32m✓[39m src/lib/api/axios-config.test.ts[2m > [22maxios-config[2m > [22mresponse interceptor - error handling[2m > [22mshould send refreshToken in request body when refreshing[32m 3[2mms[22m[39m
 [32m✓[39m src/lib/api/axios-config.test.ts[2m > [22maxios-config[2m > [22mresponse interceptor - error handling[2m > [22mshould save both access_token and refresh_token on refresh success[32m 2[2mms[22m[39m
 [32m✓[39m src/lib/api/axios-config.test.ts[2m > [22maxios-config[2m > [22mresponse interceptor - error handling[2m > [22mshould retry original request after successful token refresh[32m 2[2mms[22m[39m
 [32m✓[39m src/lib/api/axios-config.test.ts[2m > [22maxios-config[2m > [22mresponse interceptor - error handling[2m > [22mshould fail when no refresh token is available[32m 5[2mms[22m[39m
 [32m✓[39m src/lib/api/axios-config.test.ts[2m > [22maxios-config[2m > [22mresponse interceptor - error handling[2m > [22mshould clear tokens and redirect to /login on refresh failure[32m 2[2mms[22m[39m
 [32m✓[39m src/lib/api/axios-config.test.ts[2m > [22maxios-config[2m > [22mresponse interceptor - error handling[2m > [22mshould handle 401 error when originalRequest config is undefined[32m 2[2mms[22m[39m
 [32m✓[39m src/lib/api/axios-config.test.ts[2m > [22maxios-config[2m > [22mresponse interceptor - error handling[2m > [22mshould preserve AxiosError on 403 response[32m 3[2mms[22m[39m
 [32m✓[39m src/lib/api/axios-config.test.ts[2m > [22maxios-config[2m > [22mresponse interceptor - error handling[2m > [22mshould not transform 403 errors[32m 2[2mms[22m[39m
 [32m✓[39m src/lib/api/axios-config.test.ts[2m > [22maxios-config[2m > [22mresponse interceptor - error handling[2m > [22mshould throw RateLimitError on 429 response[32m 2[2mms[22m[39m
 [32m✓[39m src/lib/api/axios-config.test.ts[2m > [22maxios-config[2m > [22mresponse interceptor - error handling[2m > [22mshould throw RateLimitError with rate limit message on 429[32m 2[2mms[22m[39m
 [32m✓[39m src/lib/api/axios-config.test.ts[2m > [22maxios-config[2m > [22mexported error classes[2m > [22mshould export ForbiddenError class[32m 1[2mms[22m[39m
 [32m✓[39m src/lib/api/axios-config.test.ts[2m > [22maxios-config[2m > [22mexported error classes[2m > [22mshould export RateLimitError class[32m 1[2mms[22m[39m
 [32m✓[39m src/lib/api/axios-config.test.ts[2m > [22maxios-config[2m > [22mexported error classes[2m > [22mshould export apiClient[32m 1[2mms[22m[39m
 [32m✓[39m src/app/tarotistas/[id]/reservar/page.test.tsx[2m > [22mReservarPage[2m > [22mshould render loading state when auth is loading[32m 107[2mms[22m[39m
 [32m✓[39m src/app/tarotistas/[id]/reservar/page.test.tsx[2m > [22mReservarPage[2m > [22mshould render BookingPage component when auth is complete[32m 14[2mms[22m[39m
 [32m✓[39m src/app/tarotistas/[id]/reservar/page.test.tsx[2m > [22mReservarPage[2m > [22mshould pass correct tarotistaId to BookingPage[32m 10[2mms[22m[39m
 [32m✓[39m src/lib/api/readings-api.test.ts[2m > [22mreadings-api[2m > [22mgetCategories[2m > [22mshould fetch categories from API[32m 6[2mms[22m[39m
 [32m✓[39m src/lib/api/readings-api.test.ts[2m > [22mreadings-api[2m > [22mgetCategories[2m > [22mshould throw error with clear message on failure[32m 4[2mms[22m[39m
 [32m✓[39m src/lib/api/readings-api.test.ts[2m > [22mreadings-api[2m > [22mgetPredefinedQuestions[2m > [22mshould fetch all predefined questions when no categoryId provided[32m 2[2mms[22m[39m
 [32m✓[39m src/lib/api/readings-api.test.ts[2m > [22mreadings-api[2m > [22mgetPredefinedQuestions[2m > [22mshould fetch predefined questions filtered by categoryId[32m 2[2mms[22m[39m
 [32m✓[39m src/lib/api/readings-api.test.ts[2m > [22mreadings-api[2m > [22mgetPredefinedQuestions[2m > [22mshould throw error with clear message on failure[32m 1[2mms[22m[39m
 [32m✓[39m src/lib/api/readings-api.test.ts[2m > [22mreadings-api[2m > [22mgetSpreads[2m > [22mshould fetch spreads from API[32m 1[2mms[22m[39m
 [32m✓[39m src/lib/api/readings-api.test.ts[2m > [22mreadings-api[2m > [22mgetSpreads[2m > [22mshould throw error with clear message on failure[32m 1[2mms[22m[39m
 [32m✓[39m src/lib/api/readings-api.test.ts[2m > [22mreadings-api[2m > [22mgetMyAvailableSpreads[2m > [22mshould fetch user-available spreads from API[32m 1[2mms[22m[39m
 [32m✓[39m src/lib/api/readings-api.test.ts[2m > [22mreadings-api[2m > [22mgetMyAvailableSpreads[2m > [22mshould throw error with clear message on failure[32m 2[2mms[22m[39m
 [32m✓[39m src/lib/api/readings-api.test.ts[2m > [22mreadings-api[2m > [22mcreateReading[2m > [22mshould create reading with predefined question[32m 2[2mms[22m[39m
 [32m✓[39m src/lib/api/readings-api.test.ts[2m > [22mreadings-api[2m > [22mcreateReading[2m > [22mshould create reading with custom question[32m 1[2mms[22m[39m
 [32m✓[39m src/lib/api/readings-api.test.ts[2m > [22mreadings-api[2m > [22mcreateReading[2m > [22mshould throw error with clear message on failure[32m 1[2mms[22m[39m
 [32m✓[39m src/lib/api/readings-api.test.ts[2m > [22mreadings-api[2m > [22mcreateReading[2m > [22mshould correctly determine arcana from category, not number[32m 1[2mms[22m[39m
 [32m✓[39m src/lib/api/readings-api.test.ts[2m > [22mreadings-api[2m > [22mgetMyReadings[2m > [22mshould fetch paginated readings[32m 1[2mms[22m[39m
 [32m✓[39m src/lib/api/readings-api.test.ts[2m > [22mreadings-api[2m > [22mgetMyReadings[2m > [22mshould throw error with clear message on failure[32m 1[2mms[22m[39m
 [32m✓[39m src/lib/api/readings-api.test.ts[2m > [22mreadings-api[2m > [22mgetReadingById[2m > [22mshould fetch reading by id[32m 1[2mms[22m[39m
 [32m✓[39m src/lib/api/readings-api.test.ts[2m > [22mreadings-api[2m > [22mgetReadingById[2m > [22mshould throw error with clear message on failure[32m 1[2mms[22m[39m
 [32m✓[39m src/lib/api/readings-api.test.ts[2m > [22mreadings-api[2m > [22mdeleteReading[2m > [22mshould delete reading by id[32m 1[2mms[22m[39m
 [32m✓[39m src/lib/api/readings-api.test.ts[2m > [22mreadings-api[2m > [22mdeleteReading[2m > [22mshould throw error with clear message on failure[32m 1[2mms[22m[39m
 [32m✓[39m src/lib/api/readings-api.test.ts[2m > [22mreadings-api[2m > [22mregenerateInterpretation[2m > [22mshould regenerate reading interpretation[32m 1[2mms[22m[39m
 [32m✓[39m src/lib/api/readings-api.test.ts[2m > [22mreadings-api[2m > [22mregenerateInterpretation[2m > [22mshould throw error with clear message on failure[32m 1[2mms[22m[39m
 [32m✓[39m src/lib/api/readings-api.test.ts[2m > [22mreadings-api[2m > [22mshareReading[2m > [22mshould share reading and return share token[32m 1[2mms[22m[39m
 [32m✓[39m src/lib/api/readings-api.test.ts[2m > [22mreadings-api[2m > [22mshareReading[2m > [22mshould throw error with clear message on failure[32m 1[2mms[22m[39m
 [32m✓[39m src/lib/api/readings-api.test.ts[2m > [22mreadings-api[2m > [22munshareReading[2m > [22mshould unshare reading[32m 0[2mms[22m[39m
 [32m✓[39m src/lib/api/readings-api.test.ts[2m > [22mreadings-api[2m > [22munshareReading[2m > [22mshould throw error with clear message on failure[32m 1[2mms[22m[39m
 [32m✓[39m src/lib/api/readings-api.test.ts[2m > [22mreadings-api[2m > [22mgetTrashedReadings[2m > [22mshould fetch trashed readings[32m 1[2mms[22m[39m
 [32m✓[39m src/lib/api/readings-api.test.ts[2m > [22mreadings-api[2m > [22mgetTrashedReadings[2m > [22mshould throw error with clear message on failure[32m 1[2mms[22m[39m
 [32m✓[39m src/lib/api/readings-api.test.ts[2m > [22mreadings-api[2m > [22mrestoreReading[2m > [22mshould restore a trashed reading[32m 1[2mms[22m[39m
 [32m✓[39m src/lib/api/readings-api.test.ts[2m > [22mreadings-api[2m > [22mrestoreReading[2m > [22mshould throw error with clear message on failure[32m 1[2mms[22m[39m
 [32m✓[39m src/lib/utils/fingerprint.test.ts[2m > [22mfingerprint utils[2m > [22mgetSessionFingerprint[2m > [22mshould return cached fingerprint from sessionStorage[32m 5[2mms[22m[39m
 [32m✓[39m src/lib/utils/fingerprint.test.ts[2m > [22mfingerprint utils[2m > [22mgetSessionFingerprint[2m > [22mshould generate new fingerprint if not in sessionStorage[32m 6[2mms[22m[39m
 [32m✓[39m src/lib/utils/fingerprint.test.ts[2m > [22mfingerprint utils[2m > [22mgetSessionFingerprint[2m > [22mshould store new fingerprint in sessionStorage[32m 2[2mms[22m[39m
 [32m✓[39m src/lib/utils/fingerprint.test.ts[2m > [22mfingerprint utils[2m > [22mgetSessionFingerprint[2m > [22mshould return same fingerprint on subsequent calls (session stability)[32m 5[2mms[22m[39m
 [32m✓[39m src/lib/utils/fingerprint.test.ts[2m > [22mfingerprint utils[2m > [22mgetSessionFingerprint[2m > [22mshould generate unique fingerprints for different sessions[32m 19[2mms[22m[39m
 [32m✓[39m src/lib/utils/fingerprint.test.ts[2m > [22mfingerprint utils[2m > [22mgetSessionFingerprint[2m > [22mshould include user agent in fingerprint calculation[32m 1[2mms[22m[39m
 [32m✓[39m src/lib/utils/fingerprint.test.ts[2m > [22mfingerprint utils[2m > [22mgetSessionFingerprint[2m > [22mshould handle sessionStorage errors gracefully[32m 1[2mms[22m[39m
 [32m✓[39m src/lib/api/sessions-api.test.ts[2m > [22mSessions API[2m > [22mgetAvailableSlots[2m > [22mshould fetch available slots for a tarotista in a date range[32m 11[2mms[22m[39m
 [32m✓[39m src/lib/api/sessions-api.test.ts[2m > [22mSessions API[2m > [22mgetAvailableSlots[2m > [22mshould handle errors when fetching slots fails[32m 4[2mms[22m[39m
 [32m✓[39m src/lib/api/sessions-api.test.ts[2m > [22mSessions API[2m > [22mgetAvailableSlots[2m > [22mshould return empty array when no slots available[32m 1[2mms[22m[39m
 [32m✓[39m src/lib/api/sessions-api.test.ts[2m > [22mSessions API[2m > [22mbookSession[2m > [22mshould create a new session booking[32m 2[2mms[22m[39m
 [32m✓[39m src/lib/api/sessions-api.test.ts[2m > [22mSessions API[2m > [22mbookSession[2m > [22mshould handle errors when booking fails[32m 1[2mms[22m[39m
 [32m✓[39m src/lib/api/sessions-api.test.ts[2m > [22mSessions API[2m > [22mbookSession[2m > [22mshould handle slot already booked error (409 Conflict)[32m 1[2mms[22m[39m
 [32m✓[39m src/lib/api/sessions-api.test.ts[2m > [22mSessions API[2m > [22mgetMySessions[2m > [22mshould fetch all sessions without filter[32m 2[2mms[22m[39m
 [32m✓[39m src/lib/api/sessions-api.test.ts[2m > [22mSessions API[2m > [22mgetMySessions[2m > [22mshould fetch sessions filtered by status[32m 1[2mms[22m[39m
 [32m✓[39m src/lib/api/sessions-api.test.ts[2m > [22mSessions API[2m > [22mgetMySessions[2m > [22mshould handle errors when fetching sessions fails[32m 1[2mms[22m[39m
 [32m✓[39m src/lib/api/sessions-api.test.ts[2m > [22mSessions API[2m > [22mgetSessionDetail[2m > [22mshould fetch detailed session info by ID[32m 1[2mms[22m[39m
 [32m✓[39m src/lib/api/sessions-api.test.ts[2m > [22mSessions API[2m > [22mgetSessionDetail[2m > [22mshould handle 404 when session not found[32m 1[2mms[22m[39m
 [32m✓[39m src/lib/api/sessions-api.test.ts[2m > [22mSessions API[2m > [22mgetSessionDetail[2m > [22mshould handle errors when fetching detail fails[32m 1[2mms[22m[39m
 [32m✓[39m src/lib/api/sessions-api.test.ts[2m > [22mSessions API[2m > [22mcancelSession[2m > [22mshould cancel a session successfully[32m 2[2mms[22m[39m
 [32m✓[39m src/lib/api/sessions-api.test.ts[2m > [22mSessions API[2m > [22mcancelSession[2m > [22mshould handle errors when cancellation fails[32m 1[2mms[22m[39m
 [32m✓[39m src/lib/api/sessions-api.test.ts[2m > [22mSessions API[2m > [22mcancelSession[2m > [22mshould handle 404 when session not found for cancellation[32m 1[2mms[22m[39m
 [32m✓[39m src/lib/api/daily-reading-api.test.ts[2m > [22mdaily-reading-api[2m > [22mgetDailyReading[2m > [22mshould POST to daily-reading endpoint and return daily reading[32m 7[2mms[22m[39m
 [32m✓[39m src/lib/api/daily-reading-api.test.ts[2m > [22mdaily-reading-api[2m > [22mgetDailyReading[2m > [22mshould throw AxiosError when daily reading already exists (409)[32m 4[2mms[22m[39m
 [32m✓[39m src/lib/api/daily-reading-api.test.ts[2m > [22mdaily-reading-api[2m > [22mgetDailyReading[2m > [22mshould re-throw original error for non-409 errors[32m 3[2mms[22m[39m
 [32m✓[39m src/lib/api/daily-reading-api.test.ts[2m > [22mdaily-reading-api[2m > [22mgetDailyReadingToday[2m > [22mshould GET today daily reading from API[32m 2[2mms[22m[39m
 [32m✓[39m src/lib/api/daily-reading-api.test.ts[2m > [22mdaily-reading-api[2m > [22mgetDailyReadingToday[2m > [22mshould return null when no daily reading exists (backend returns null with 200)[32m 1[2mms[22m[39m
 [32m✓[39m src/lib/api/daily-reading-api.test.ts[2m > [22mdaily-reading-api[2m > [22mgetDailyReadingHistory[2m > [22mshould GET paginated history from API[32m 2[2mms[22m[39m
 [32m✓[39m src/lib/api/daily-reading-api.test.ts[2m > [22mdaily-reading-api[2m > [22mgetDailyReadingHistory[2m > [22mshould pass different page and limit values[32m 1[2mms[22m[39m
 [32m✓[39m src/lib/api/daily-reading-api.test.ts[2m > [22mdaily-reading-api[2m > [22mgetDailyReadingHistory[2m > [22mshould throw error with clear message on failure[32m 1[2mms[22m[39m
 [32m✓[39m src/lib/api/daily-reading-api.test.ts[2m > [22mdaily-reading-api[2m > [22mregenerateDailyReading[2m > [22mshould POST to regenerate endpoint and return new daily reading[32m 2[2mms[22m[39m
 [32m✓[39m src/lib/api/daily-reading-api.test.ts[2m > [22mdaily-reading-api[2m > [22mregenerateDailyReading[2m > [22mshould throw PremiumRequiredError when user is not premium[32m 1[2mms[22m[39m
 [32m✓[39m src/lib/api/daily-reading-api.test.ts[2m > [22mdaily-reading-api[2m > [22mregenerateDailyReading[2m > [22mshould throw generic error for non-403 errors[32m 1[2mms[22m[39m
 [32m✓[39m src/lib/api/user-api.test.ts[2m > [22muser-api[2m > [22mgetProfile[2m > [22mshould fetch user profile from API[32m 7[2mms[22m[39m
 [32m✓[39m src/lib/api/user-api.test.ts[2m > [22muser-api[2m > [22mgetProfile[2m > [22mshould throw error with clear message on failure[32m 4[2mms[22m[39m
 [32m✓[39m src/lib/api/user-api.test.ts[2m > [22muser-api[2m > [22mgetProfile[2m > [22mshould return profile with usage stats (legacy fields from backend)[32m 1[2mms[22m[39m
 [32m✓[39m src/lib/api/user-api.test.ts[2m > [22muser-api[2m > [22mupdateProfile[2m > [22mshould update user profile with provided data[32m 2[2mms[22m[39m
 [32m✓[39m src/lib/api/user-api.test.ts[2m > [22muser-api[2m > [22mupdateProfile[2m > [22mshould update only name when only name is provided[32m 1[2mms[22m[39m
 [32m✓[39m src/lib/api/user-api.test.ts[2m > [22muser-api[2m > [22mupdateProfile[2m > [22mshould update only email when only email is provided[32m 1[2mms[22m[39m
 [32m✓[39m src/lib/api/user-api.test.ts[2m > [22muser-api[2m > [22mupdateProfile[2m > [22mshould update password when password is provided[32m 1[2mms[22m[39m
 [32m✓[39m src/lib/api/user-api.test.ts[2m > [22muser-api[2m > [22mupdateProfile[2m > [22mshould update profile picture when provided[32m 1[2mms[22m[39m
 [32m✓[39m src/lib/api/user-api.test.ts[2m > [22muser-api[2m > [22mupdateProfile[2m > [22mshould throw error with clear message on failure[32m 1[2mms[22m[39m
 [32m✓[39m src/lib/api/user-api.test.ts[2m > [22muser-api[2m > [22mdeleteAccount[2m > [22mshould delete user account[32m 1[2mms[22m[39m
 [32m✓[39m src/lib/api/user-api.test.ts[2m > [22muser-api[2m > [22mdeleteAccount[2m > [22mshould throw error with clear message on failure[32m 1[2mms[22m[39m
 [32m✓[39m src/lib/api/user-api.test.ts[2m > [22muser-api[2m > [22mdeleteAccount[2m > [22mshould handle 404 error when user not found[32m 1[2mms[22m[39m
 [32m✓[39m src/lib/api/user-api.test.ts[2m > [22muser-api[2m > [22mdeleteAccount[2m > [22mshould handle 403 error when user lacks permissions[32m 1[2mms[22m[39m
 [32m✓[39m src/lib/api/admin-cache-api.test.ts[2m > [22madmin-cache-api[2m > [22mgetCacheAnalytics[2m > [22mshould fetch cache analytics with correct structure[32m 9[2mms[22m[39m
 [32m✓[39m src/lib/api/admin-cache-api.test.ts[2m > [22madmin-cache-api[2m > [22mgetCacheAnalytics[2m > [22mshould throw error when API fails[32m 4[2mms[22m[39m
 [32m✓[39m src/lib/api/admin-cache-api.test.ts[2m > [22madmin-cache-api[2m > [22mgetCacheWarmingStatus[2m > [22mshould fetch warming status from separate endpoint[32m 1[2mms[22m[39m
 [32m✓[39m src/lib/api/admin-cache-api.test.ts[2m > [22madmin-cache-api[2m > [22mgetCacheWarmingStatus[2m > [22mshould handle inactive warming status[32m 2[2mms[22m[39m
 [32m✓[39m src/lib/api/admin-cache-api.test.ts[2m > [22madmin-cache-api[2m > [22minvalidateAllCache[2m > [22mshould call correct endpoint with deletedCount response[32m 1[2mms[22m[39m
 [32m✓[39m src/lib/api/admin-cache-api.test.ts[2m > [22madmin-cache-api[2m > [22minvalidateAllCache[2m > [22mshould throw error when API fails[32m 1[2mms[22m[39m
 [32m✓[39m src/lib/api/admin-cache-api.test.ts[2m > [22madmin-cache-api[2m > [22minvalidateTarotistaCache[2m > [22mshould invalidate cache for specific tarotista with reason[32m 1[2mms[22m[39m
 [32m✓[39m src/lib/api/admin-cache-api.test.ts[2m > [22madmin-cache-api[2m > [22minvalidateTarotistaCache[2m > [22mshould throw error when API fails[32m 1[2mms[22m[39m
 [32m✓[39m src/lib/api/admin-cache-api.test.ts[2m > [22madmin-cache-api[2m > [22mtriggerCacheWarming[2m > [22mshould trigger warming with topN parameter[32m 4[2mms[22m[39m
 [32m✓[39m src/lib/api/admin-cache-api.test.ts[2m > [22madmin-cache-api[2m > [22mtriggerCacheWarming[2m > [22mshould use default topN when not provided[32m 2[2mms[22m[39m
 [32m✓[39m src/lib/api/admin-cache-api.test.ts[2m > [22madmin-cache-api[2m > [22mtriggerCacheWarming[2m > [22mshould handle warming already running[32m 1[2mms[22m[39m
 [32m✓[39m src/lib/api/admin-cache-api.test.ts[2m > [22madmin-cache-api[2m > [22mtriggerCacheWarming[2m > [22mshould throw error when warming fails[32m 1[2mms[22m[39m
 [32m✓[39m src/lib/validations/profile.schemas.test.ts[2m > [22mProfile Validation Schemas[2m > [22mupdateProfileSchema[2m > [22mshould validate a valid profile update with name only[32m 7[2mms[22m[39m
 [32m✓[39m src/lib/validations/profile.schemas.test.ts[2m > [22mProfile Validation Schemas[2m > [22mupdateProfileSchema[2m > [22mshould validate a valid profile update with name and email[32m 1[2mms[22m[39m
 [32m✓[39m src/lib/validations/profile.schemas.test.ts[2m > [22mProfile Validation Schemas[2m > [22mupdateProfileSchema[2m > [22mshould reject name shorter than 3 characters[32m 2[2mms[22m[39m
 [32m✓[39m src/lib/validations/profile.schemas.test.ts[2m > [22mProfile Validation Schemas[2m > [22mupdateProfileSchema[2m > [22mshould reject name longer than 30 characters[32m 1[2mms[22m[39m
 [32m✓[39m src/lib/validations/profile.schemas.test.ts[2m > [22mProfile Validation Schemas[2m > [22mupdateProfileSchema[2m > [22mshould reject invalid email format[32m 1[2mms[22m[39m
 [32m✓[39m src/lib/validations/profile.schemas.test.ts[2m > [22mProfile Validation Schemas[2m > [22mupdateProfileSchema[2m > [22mshould accept empty object (all fields optional)[32m 1[2mms[22m[39m
 [32m✓[39m src/lib/validations/profile.schemas.test.ts[2m > [22mProfile Validation Schemas[2m > [22mupdatePasswordSchema[2m > [22mshould validate a valid password update[32m 2[2mms[22m[39m
 [32m✓[39m src/lib/validations/profile.schemas.test.ts[2m > [22mProfile Validation Schemas[2m > [22mupdatePasswordSchema[2m > [22mshould reject when current password is missing[32m 1[2mms[22m[39m
 [32m✓[39m src/lib/validations/profile.schemas.test.ts[2m > [22mProfile Validation Schemas[2m > [22mupdatePasswordSchema[2m > [22mshould reject when new password is shorter than 8 characters[32m 1[2mms[22m[39m
 [32m✓[39m src/lib/validations/profile.schemas.test.ts[2m > [22mProfile Validation Schemas[2m > [22mupdatePasswordSchema[2m > [22mshould reject when passwords do not match[32m 1[2mms[22m[39m
 [32m✓[39m src/lib/validations/profile.schemas.test.ts[2m > [22mProfile Validation Schemas[2m > [22mdeleteAccountSchema[2m > [22mshould validate confirmation text exactly[32m 1[2mms[22m[39m
 [32m✓[39m src/lib/validations/profile.schemas.test.ts[2m > [22mProfile Validation Schemas[2m > [22mdeleteAccountSchema[2m > [22mshould reject when confirmation text is incorrect[32m 1[2mms[22m[39m
 [32m✓[39m src/lib/validations/profile.schemas.test.ts[2m > [22mProfile Validation Schemas[2m > [22mdeleteAccountSchema[2m > [22mshould reject when confirmation text is empty[32m 0[2mms[22m[39m
 [32m✓[39m src/lib/validations/reading.schemas.test.ts[2m > [22mReading Validation Schemas[2m > [22mSpreadType enum[2m > [22mshould have SIMPLE type[32m 3[2mms[22m[39m
 [32m✓[39m src/lib/validations/reading.schemas.test.ts[2m > [22mReading Validation Schemas[2m > [22mSpreadType enum[2m > [22mshould have THREE_CARDS type[32m 0[2mms[22m[39m
 [32m✓[39m src/lib/validations/reading.schemas.test.ts[2m > [22mReading Validation Schemas[2m > [22mSpreadType enum[2m > [22mshould have CELTIC_CROSS type[32m 0[2mms[22m[39m
 [32m✓[39m src/lib/validations/reading.schemas.test.ts[2m > [22mReading Validation Schemas[2m > [22mSpreadType enum[2m > [22mshould have exactly 3 spread types[32m 3[2mms[22m[39m
 [32m✓[39m src/lib/validations/reading.schemas.test.ts[2m > [22mReading Validation Schemas[2m > [22mSpreadType enum[2m > [22mSpreadTypeValue should accept valid spread types[32m 1[2mms[22m[39m
 [32m✓[39m src/lib/validations/reading.schemas.test.ts[2m > [22mReading Validation Schemas[2m > [22mcreateReadingSchema[2m > [22mshould validate correct reading data[32m 3[2mms[22m[39m
 [32m✓[39m src/lib/validations/reading.schemas.test.ts[2m > [22mReading Validation Schemas[2m > [22mcreateReadingSchema[2m > [22mshould apply default value for isPrivate[32m 1[2mms[22m[39m
 [32m✓[39m src/lib/validations/reading.schemas.test.ts[2m > [22mReading Validation Schemas[2m > [22mcreateReadingSchema[2m > [22mshould reject question shorter than minimum length[32m 2[2mms[22m[39m
 [32m✓[39m src/lib/validations/reading.schemas.test.ts[2m > [22mReading Validation Schemas[2m > [22mcreateReadingSchema[2m > [22mshould reject question longer than maximum length[32m 2[2mms[22m[39m
 [32m✓[39m src/lib/validations/reading.schemas.test.ts[2m > [22mReading Validation Schemas[2m > [22mcreateReadingSchema[2m > [22mshould accept question at minimum length boundary[32m 1[2mms[22m[39m
 [32m✓[39m src/lib/validations/reading.schemas.test.ts[2m > [22mReading Validation Schemas[2m > [22mcreateReadingSchema[2m > [22mshould accept question at maximum length boundary[32m 1[2mms[22m[39m
 [32m✓[39m src/lib/validations/reading.schemas.test.ts[2m > [22mReading Validation Schemas[2m > [22mcreateReadingSchema[2m > [22mshould reject invalid spread type[32m 1[2mms[22m[39m
 [32m✓[39m src/lib/validations/reading.schemas.test.ts[2m > [22mReading Validation Schemas[2m > [22mcreateReadingSchema[2m > [22mshould accept all valid spread types[32m 1[2mms[22m[39m
 [32m✓[39m src/lib/validations/reading.schemas.test.ts[2m > [22mReading Validation Schemas[2m > [22mcreateReadingSchema[2m > [22mshould accept isPrivate as false[32m 0[2mms[22m[39m
 [32m✓[39m src/lib/validations/reading.schemas.test.ts[2m > [22mReading Validation Schemas[2m > [22mcreateReadingSchema[2m > [22mshould reject missing required fields[32m 1[2mms[22m[39m
 [32m✓[39m src/lib/validations/reading.schemas.test.ts[2m > [22mReading Validation Schemas[2m > [22mcreateReadingSchema[2m > [22mshould reject empty question[32m 0[2mms[22m[39m
 [32m✓[39m src/lib/validations/reading.schemas.test.ts[2m > [22mReading Validation Schemas[2m > [22mupdateReadingSchema[2m > [22mshould allow partial updates[32m 1[2mms[22m[39m
 [32m✓[39m src/lib/validations/reading.schemas.test.ts[2m > [22mReading Validation Schemas[2m > [22mupdateReadingSchema[2m > [22mshould allow empty object (no fields to update)[32m 0[2mms[22m[39m
 [32m✓[39m src/lib/validations/reading.schemas.test.ts[2m > [22mReading Validation Schemas[2m > [22mupdateReadingSchema[2m > [22mshould still validate question length when provided[32m 0[2mms[22m[39m
 [32m✓[39m src/lib/validations/reading.schemas.test.ts[2m > [22mReading Validation Schemas[2m > [22mupdateReadingSchema[2m > [22mshould still validate spread type when provided[32m 0[2mms[22m[39m
 [32m✓[39m src/lib/validations/reading.schemas.test.ts[2m > [22mReading Validation Schemas[2m > [22mupdateReadingSchema[2m > [22mshould allow updating only isPrivate[32m 0[2mms[22m[39m
 [32m✓[39m src/lib/validations/reading.schemas.test.ts[2m > [22mReading Validation Schemas[2m > [22mupdateReadingSchema[2m > [22mshould allow updating only spreadType[32m 0[2mms[22m[39m
 [32m✓[39m src/lib/utils/cn.test.ts[2m > [22mcn utility[2m > [22mshould merge class names correctly[32m 18[2mms[22m[39m
 [32m✓[39m src/lib/utils/cn.test.ts[2m > [22mcn utility[2m > [22mshould handle conditional classes[32m 1[2mms[22m[39m
 [32m✓[39m src/lib/utils/cn.test.ts[2m > [22mcn utility[2m > [22mshould filter out falsy values[32m 1[2mms[22m[39m
 [32m✓[39m src/lib/utils/cn.test.ts[2m > [22mcn utility[2m > [22mshould handle empty input[32m 1[2mms[22m[39m
 [32m✓[39m src/lib/api/subscriptions-api.test.ts[2m > [22msubscriptions-api[2m > [22mgetMySubscription[2m > [22mshould fetch user subscription from API[32m 8[2mms[22m[39m
 [32m✓[39m src/lib/api/subscriptions-api.test.ts[2m > [22msubscriptions-api[2m > [22mgetMySubscription[2m > [22mshould return subscription with favorite tarotista[32m 1[2mms[22m[39m
 [32m✓[39m src/lib/api/subscriptions-api.test.ts[2m > [22msubscriptions-api[2m > [22mgetMySubscription[2m > [22mshould return subscription without favorite tarotista[32m 1[2mms[22m[39m
 [32m✓[39m src/lib/api/subscriptions-api.test.ts[2m > [22msubscriptions-api[2m > [22mgetMySubscription[2m > [22mshould throw error with clear message on failure[32m 5[2mms[22m[39m
 [32m✓[39m src/lib/api/subscriptions-api.test.ts[2m > [22msubscriptions-api[2m > [22msetFavoriteTarotista[2m > [22mshould set favorite tarotista via API[32m 2[2mms[22m[39m
 [32m✓[39m src/lib/api/subscriptions-api.test.ts[2m > [22msubscriptions-api[2m > [22msetFavoriteTarotista[2m > [22mshould return updated subscription with new favorite[32m 1[2mms[22m[39m
 [32m✓[39m src/lib/api/subscriptions-api.test.ts[2m > [22msubscriptions-api[2m > [22msetFavoriteTarotista[2m > [22mshould throw error with clear message on failure[32m 1[2mms[22m[39m
 [32m✓[39m src/lib/api/subscriptions-api.test.ts[2m > [22msubscriptions-api[2m > [22msetFavoriteTarotista[2m > [22mshould throw error when cooldown is active[32m 1[2mms[22m[39m
 [32m✓[39m src/lib/api/subscriptions-api.test.ts[2m > [22msubscriptions-api[2m > [22msetFavoriteTarotista[2m > [22mshould handle numeric tarotista ID[32m 2[2mms[22m[39m
 [32m✓[39m src/lib/validations/auth.schemas.test.ts[2m > [22mAuth Validation Schemas[2m > [22mloginSchema[2m > [22mshould validate correct login data[32m 5[2mms[22m[39m
 [32m✓[39m src/lib/validations/auth.schemas.test.ts[2m > [22mAuth Validation Schemas[2m > [22mloginSchema[2m > [22mshould reject invalid email[32m 1[2mms[22m[39m
 [32m✓[39m src/lib/validations/auth.schemas.test.ts[2m > [22mAuth Validation Schemas[2m > [22mloginSchema[2m > [22mshould reject empty email[32m 1[2mms[22m[39m
 [32m✓[39m src/lib/validations/auth.schemas.test.ts[2m > [22mAuth Validation Schemas[2m > [22mloginSchema[2m > [22mshould reject empty password[32m 1[2mms[22m[39m
 [32m✓[39m src/lib/validations/auth.schemas.test.ts[2m > [22mAuth Validation Schemas[2m > [22mloginSchema[2m > [22mshould reject missing fields[32m 1[2mms[22m[39m
 [32m✓[39m src/lib/validations/auth.schemas.test.ts[2m > [22mAuth Validation Schemas[2m > [22mregisterSchema[2m > [22mshould validate correct registration data[32m 1[2mms[22m[39m
 [32m✓[39m src/lib/validations/auth.schemas.test.ts[2m > [22mAuth Validation Schemas[2m > [22mregisterSchema[2m > [22mshould reject name shorter than minimum length[32m 1[2mms[22m[39m
 [32m✓[39m src/lib/validations/auth.schemas.test.ts[2m > [22mAuth Validation Schemas[2m > [22mregisterSchema[2m > [22mshould reject name longer than maximum length[32m 1[2mms[22m[39m
 [32m✓[39m src/lib/validations/auth.schemas.test.ts[2m > [22mAuth Validation Schemas[2m > [22mregisterSchema[2m > [22mshould reject invalid email[32m 1[2mms[22m[39m
 [32m✓[39m src/lib/validations/auth.schemas.test.ts[2m > [22mAuth Validation Schemas[2m > [22mregisterSchema[2m > [22mshould reject password shorter than minimum length[32m 1[2mms[22m[39m
 [32m✓[39m src/lib/validations/auth.schemas.test.ts[2m > [22mAuth Validation Schemas[2m > [22mregisterSchema[2m > [22mshould reject mismatched passwords[32m 1[2mms[22m[39m
 [32m✓[39m src/lib/validations/auth.schemas.test.ts[2m > [22mAuth Validation Schemas[2m > [22mregisterSchema[2m > [22mshould accept name at minimum length boundary[32m 0[2mms[22m[39m
 [32m✓[39m src/lib/validations/auth.schemas.test.ts[2m > [22mAuth Validation Schemas[2m > [22mregisterSchema[2m > [22mshould accept name at maximum length boundary[32m 0[2mms[22m[39m
 [32m✓[39m src/lib/validations/auth.schemas.test.ts[2m > [22mAuth Validation Schemas[2m > [22mregisterSchema[2m > [22mshould accept password at minimum length boundary[32m 0[2mms[22m[39m
 [32m✓[39m src/lib/validations/auth.schemas.test.ts[2m > [22mAuth Validation Schemas[2m > [22mforgotPasswordSchema[2m > [22mshould validate correct email[32m 0[2mms[22m[39m
 [32m✓[39m src/lib/validations/auth.schemas.test.ts[2m > [22mAuth Validation Schemas[2m > [22mforgotPasswordSchema[2m > [22mshould reject invalid email[32m 0[2mms[22m[39m
 [32m✓[39m src/lib/validations/auth.schemas.test.ts[2m > [22mAuth Validation Schemas[2m > [22mforgotPasswordSchema[2m > [22mshould reject empty email[32m 0[2mms[22m[39m
 [32m✓[39m src/lib/validations/auth.schemas.test.ts[2m > [22mAuth Validation Schemas[2m > [22mforgotPasswordSchema[2m > [22mshould reject missing email field[32m 0[2mms[22m[39m
 [32m✓[39m src/lib/api/admin-plans-api.test.ts[2m > [22madmin-plans-api[2m > [22mfetchAllPlans[2m > [22mshould fetch all plan configurations[32m 7[2mms[22m[39m
 [32m✓[39m src/lib/api/admin-plans-api.test.ts[2m > [22madmin-plans-api[2m > [22mfetchAllPlans[2m > [22mshould handle API errors[32m 3[2mms[22m[39m
 [32m✓[39m src/lib/api/admin-plans-api.test.ts[2m > [22madmin-plans-api[2m > [22mfetchPlanByType[2m > [22mshould fetch a specific plan configuration[32m 1[2mms[22m[39m
 [32m✓[39m src/lib/api/admin-plans-api.test.ts[2m > [22madmin-plans-api[2m > [22mfetchPlanByType[2m > [22mshould handle not found errors[32m 2[2mms[22m[39m
 [32m✓[39m src/lib/api/admin-plans-api.test.ts[2m > [22madmin-plans-api[2m > [22mupdatePlanConfig[2m > [22mshould update plan configuration[32m 2[2mms[22m[39m
 [32m✓[39m src/lib/api/admin-plans-api.test.ts[2m > [22madmin-plans-api[2m > [22mupdatePlanConfig[2m > [22mshould handle validation errors[32m 1[2mms[22m[39m
 [32m✓[39m src/lib/metadata/seo.test.ts[2m > [22mSEO Metadata Configuration[2m > [22mdefaultMetadata[2m > [22mshould have site name and description[32m 3[2mms[22m[39m
 [32m✓[39m src/lib/metadata/seo.test.ts[2m > [22mSEO Metadata Configuration[2m > [22mdefaultMetadata[2m > [22mshould have OpenGraph configuration[32m 1[2mms[22m[39m
 [32m✓[39m src/lib/metadata/seo.test.ts[2m > [22mSEO Metadata Configuration[2m > [22mdefaultMetadata[2m > [22mshould have Twitter card configuration[32m 0[2mms[22m[39m
 [32m✓[39m src/lib/metadata/seo.test.ts[2m > [22mSEO Metadata Configuration[2m > [22mdefaultMetadata[2m > [22mshould allow indexing by default[32m 1[2mms[22m[39m
 [32m✓[39m src/lib/metadata/seo.test.ts[2m > [22mSEO Metadata Configuration[2m > [22mhomeMetadata[2m > [22mshould have specific title and description[32m 1[2mms[22m[39m
 [32m✓[39m src/lib/metadata/seo.test.ts[2m > [22mSEO Metadata Configuration[2m > [22mhomeMetadata[2m > [22mshould have OpenGraph metadata[32m 0[2mms[22m[39m
 [32m✓[39m src/lib/metadata/seo.test.ts[2m > [22mSEO Metadata Configuration[2m > [22mloginMetadata[2m > [22mshould have login-specific title[32m 0[2mms[22m[39m
 [32m✓[39m src/lib/metadata/seo.test.ts[2m > [22mSEO Metadata Configuration[2m > [22mloginMetadata[2m > [22mshould not be indexed by search engines[32m 1[2mms[22m[39m
 [32m✓[39m src/lib/metadata/seo.test.ts[2m > [22mSEO Metadata Configuration[2m > [22mregisterMetadata[2m > [22mshould have register-specific title[32m 1[2mms[22m[39m
 [32m✓[39m src/lib/metadata/seo.test.ts[2m > [22mSEO Metadata Configuration[2m > [22mregisterMetadata[2m > [22mshould not be indexed by search engines[32m 0[2mms[22m[39m
 [32m✓[39m src/lib/metadata/seo.test.ts[2m > [22mSEO Metadata Configuration[2m > [22mritualMetadata[2m > [22mshould have ritual-specific title and description[32m 0[2mms[22m[39m
 [32m✓[39m src/lib/metadata/seo.test.ts[2m > [22mSEO Metadata Configuration[2m > [22mritualMetadata[2m > [22mshould have OpenGraph metadata[32m 0[2mms[22m[39m
 [32m✓[39m src/lib/metadata/seo.test.ts[2m > [22mSEO Metadata Configuration[2m > [22mhistorialMetadata[2m > [22mshould have history-specific title[32m 0[2mms[22m[39m
 [32m✓[39m src/lib/metadata/seo.test.ts[2m > [22mSEO Metadata Configuration[2m > [22mhistorialMetadata[2m > [22mshould not be indexed (private content)[32m 0[2mms[22m[39m
 [32m✓[39m src/lib/metadata/seo.test.ts[2m > [22mSEO Metadata Configuration[2m > [22mcartaDelDiaMetadata[2m > [22mshould have daily card title[32m 0[2mms[22m[39m
 [32m✓[39m src/lib/metadata/seo.test.ts[2m > [22mSEO Metadata Configuration[2m > [22mcartaDelDiaMetadata[2m > [22mshould have OpenGraph metadata[32m 0[2mms[22m[39m
 [32m✓[39m src/lib/metadata/seo.test.ts[2m > [22mSEO Metadata Configuration[2m > [22mexplorarMetadata[2m > [22mshould have explore-specific title and description[32m 0[2mms[22m[39m
 [32m✓[39m src/lib/metadata/seo.test.ts[2m > [22mSEO Metadata Configuration[2m > [22mexplorarMetadata[2m > [22mshould have OpenGraph metadata[32m 0[2mms[22m[39m
 [32m✓[39m src/lib/metadata/seo.test.ts[2m > [22mSEO Metadata Configuration[2m > [22mperfilMetadata[2m > [22mshould have profile-specific title[32m 0[2mms[22m[39m
 [32m✓[39m src/lib/metadata/seo.test.ts[2m > [22mSEO Metadata Configuration[2m > [22mperfilMetadata[2m > [22mshould not be indexed (private content)[32m 0[2mms[22m[39m
 [32m✓[39m src/lib/metadata/seo.test.ts[2m > [22mSEO Metadata Configuration[2m > [22mgenerateTarotistaMetadata[2m > [22mshould generate metadata with tarotista name[32m 0[2mms[22m[39m
 [32m✓[39m src/lib/metadata/seo.test.ts[2m > [22mSEO Metadata Configuration[2m > [22mgenerateTarotistaMetadata[2m > [22mshould include specialties in description when no custom description[32m 0[2mms[22m[39m
 [32m✓[39m src/lib/metadata/seo.test.ts[2m > [22mSEO Metadata Configuration[2m > [22mgenerateTarotistaMetadata[2m > [22mshould set OpenGraph type to profile[32m 0[2mms[22m[39m
 [32m✓[39m src/lib/metadata/seo.test.ts[2m > [22mSEO Metadata Configuration[2m > [22mgenerateTarotistaMetadata[2m > [22mshould include canonical URL with tarotista id[32m 0[2mms[22m[39m
 [32m✓[39m src/lib/metadata/seo.test.ts[2m > [22mSEO Metadata Configuration[2m > [22mgenerateSharedReadingMetadata[2m > [22mshould generate metadata with reading question[32m 0[2mms[22m[39m
 [32m✓[39m src/lib/metadata/seo.test.ts[2m > [22mSEO Metadata Configuration[2m > [22mgenerateSharedReadingMetadata[2m > [22mshould work without category name[32m 0[2mms[22m[39m
 [32m✓[39m src/lib/metadata/seo.test.ts[2m > [22mSEO Metadata Configuration[2m > [22mgenerateSharedReadingMetadata[2m > [22mshould set OpenGraph type to article[32m 0[2mms[22m[39m
 [32m✓[39m src/lib/metadata/seo.test.ts[2m > [22mSEO Metadata Configuration[2m > [22mgenerateSharedReadingMetadata[2m > [22mshould allow indexing for shared readings[32m 0[2mms[22m[39m
 [32m✓[39m src/lib/api/tarotistas-api.test.ts[2m > [22mTarotistas API[2m > [22mgetTarotistas[2m > [22mshould fetch tarotistas without filters[32m 6[2mms[22m[39m
 [32m✓[39m src/lib/api/tarotistas-api.test.ts[2m > [22mTarotistas API[2m > [22mgetTarotistas[2m > [22mshould handle tarotistas with nullable fields[32m 1[2mms[22m[39m
 [32m✓[39m src/lib/api/tarotistas-api.test.ts[2m > [22mTarotistas API[2m > [22mgetTarotistas[2m > [22mshould fetch tarotistas with filters[32m 1[2mms[22m[39m
 [32m✓[39m src/lib/api/tarotistas-api.test.ts[2m > [22mTarotistas API[2m > [22mgetTarotistas[2m > [22mshould handle API errors[32m 3[2mms[22m[39m
 [32m✓[39m src/lib/api/tarotistas-api.test.ts[2m > [22mTarotistas API[2m > [22mgetTarotistaById[2m > [22mshould fetch tarotista detail by id[32m 1[2mms[22m[39m
 [32m✓[39m src/lib/api/tarotistas-api.test.ts[2m > [22mTarotistas API[2m > [22mgetTarotistaById[2m > [22mshould handle 404 errors for inactive tarotistas[32m 1[2mms[22m[39m
 [32m✓[39m src/lib/api/tarotistas-api.test.ts[2m > [22mTarotistas API[2m > [22mgetTarotistaById[2m > [22mshould handle other API errors[32m 0[2mms[22m[39m
 [32m✓[39m src/lib/api/scheduling-api.test.ts[2m > [22mScheduling API[2m > [22mgetAvailableSlots[2m > [22mshould fetch available slots successfully[32m 7[2mms[22m[39m
 [32m✓[39m src/lib/api/scheduling-api.test.ts[2m > [22mScheduling API[2m > [22mgetAvailableSlots[2m > [22mshould include durationMinutes when provided[32m 1[2mms[22m[39m
 [32m✓[39m src/lib/api/scheduling-api.test.ts[2m > [22mScheduling API[2m > [22mgetAvailableSlots[2m > [22mshould transform single date param to startDate and endDate[32m 3[2mms[22m[39m
 [32m✓[39m src/lib/api/scheduling-api.test.ts[2m > [22mScheduling API[2m > [22mgetAvailableSlots[2m > [22mshould throw error with message when API call fails[32m 4[2mms[22m[39m
 [32m✓[39m src/lib/api/scheduling-api.test.ts[2m > [22mScheduling API[2m > [22mgetAvailableSlots[2m > [22mshould handle empty slots array[32m 1[2mms[22m[39m
 [32m✓[39m src/lib/api/scheduling-api.test.ts[2m > [22mScheduling API[2m > [22mgetAvailableSlots[2m > [22mshould pass all parameters correctly to API client[32m 1[2mms[22m[39m
 [32m✓[39m src/lib/api/shared-reading-api.test.ts[2m > [22mgetSharedReading[2m > [22mshould fetch shared reading by token[32m 7[2mms[22m[39m
 [32m✓[39m src/lib/api/shared-reading-api.test.ts[2m > [22mgetSharedReading[2m > [22mshould throw specific error when reading not found (404)[32m 3[2mms[22m[39m
 [32m✓[39m src/lib/api/shared-reading-api.test.ts[2m > [22mgetSharedReading[2m > [22mshould throw generic error on network failure[32m 1[2mms[22m[39m
 [32m✓[39m src/lib/api/shared-reading-api.test.ts[2m > [22mgetSharedReading[2m > [22mshould throw generic error on other HTTP errors[32m 1[2mms[22m[39m
 [32m✓[39m src/lib/api/admin-audit-api.test.ts[2m > [22madmin-audit-api[2m > [22mfetchAuditLogs[2m > [22mshould fetch audit logs without filters[32m 6[2mms[22m[39m
 [32m✓[39m src/lib/api/admin-audit-api.test.ts[2m > [22madmin-audit-api[2m > [22mfetchAuditLogs[2m > [22mshould fetch audit logs with filters[32m 1[2mms[22m[39m
 [32m✓[39m src/lib/api/admin-audit-api.test.ts[2m > [22madmin-audit-api[2m > [22mfetchAuditLogs[2m > [22mshould handle API errors[32m 3[2mms[22m[39m
 [32m✓[39m src/types/reading.types.test.ts[2m > [22mReading Types - TASK-UI-002[2m > [22mReading interface[2m > [22mshould allow Reading with spreadName as required string[32m 2[2mms[22m[39m
 [32m✓[39m src/types/reading.types.test.ts[2m > [22mReading Types - TASK-UI-002[2m > [22mReading interface[2m > [22mshould allow Reading with cardsCount as required number[32m 0[2mms[22m[39m
 [32m✓[39m src/types/reading.types.test.ts[2m > [22mReading Types - TASK-UI-002[2m > [22mReading interface[2m > [22mshould allow Reading with optional cardPreviews array[32m 2[2mms[22m[39m
 [32m✓[39m src/types/reading.types.test.ts[2m > [22mReading Types - TASK-UI-002[2m > [22mReading interface[2m > [22mshould allow Reading without cardPreviews (optional)[32m 1[2mms[22m[39m
 [32m✓[39m src/types/reading.types.test.ts[2m > [22mReading Types - TASK-UI-002[2m > [22mReading interface[2m > [22mshould allow Reading with optional deletedAt[32m 0[2mms[22m[39m
 [32m✓[39m src/types/reading.types.test.ts[2m > [22mReading Types - TASK-UI-002[2m > [22mReading interface[2m > [22mshould allow Reading with optional shareToken[32m 0[2mms[22m[39m
 [32m✓[39m src/types/reading.types.test.ts[2m > [22mReading Types - TASK-UI-002[2m > [22mCardPreview interface[2m > [22mshould create valid CardPreview with all required fields[32m 1[2mms[22m[39m
 [32m✓[39m src/types/reading.types.test.ts[2m > [22mReading Types - TASK-UI-002[2m > [22mCardPreview interface[2m > [22mshould create valid reversed CardPreview[32m 0[2mms[22m[39m
 [32m✓[39m src/types/reading.types.test.ts[2m > [22mReading Types - TASK-UI-002[2m > [22mCardPreview interface[2m > [22mshould allow array of CardPreviews[32m 1[2mms[22m[39m
 [32m✓[39m src/types/reading.types.test.ts[2m > [22mReading Types - TASK-UI-002[2m > [22mType compatibility[2m > [22mshould allow cardPreviews to be used in Reading[32m 0[2mms[22m[39m
 [32m✓[39m src/types/reading.types.test.ts[2m > [22mReading Types - TASK-UI-002[2m > [22mType compatibility[2m > [22mshould allow empty cardPreviews array[32m 0[2mms[22m[39m
 [32m✓[39m src/types/reading.types.test.ts[2m > [22mReading Types - TASK-UI-002[2m > [22mBackward compatibility[2m > [22mshould maintain compatibility with existing Reading fields[32m 0[2mms[22m[39m
 [32m✓[39m src/lib/utils/text.test.ts[2m > [22mgetInitials[2m > [22mshould return two-letter initials from two-word name[32m 3[2mms[22m[39m
 [32m✓[39m src/lib/utils/text.test.ts[2m > [22mgetInitials[2m > [22mshould return first two letters for single-word name[32m 0[2mms[22m[39m
 [32m✓[39m src/lib/utils/text.test.ts[2m > [22mgetInitials[2m > [22mshould handle names with multiple spaces[32m 0[2mms[22m[39m
 [32m✓[39m src/lib/utils/text.test.ts[2m > [22mgetInitials[2m > [22mshould return uppercase initials[32m 1[2mms[22m[39m
 [32m✓[39m src/lib/utils/text.test.ts[2m > [22mgetInitials[2m > [22mshould handle names with more than two words (use first two)[32m 0[2mms[22m[39m
 [32m✓[39m src/lib/utils/text.test.ts[2m > [22mgetInitials[2m > [22mshould handle single letter names[32m 0[2mms[22m[39m
 [32m✓[39m src/lib/utils/text.test.ts[2m > [22mgetInitials[2m > [22mshould handle empty string[32m 0[2mms[22m[39m
 [32m✓[39m src/lib/utils/invalidate-user-data.test.ts[2m > [22minvalidateUserData[2m > [22mshould invalidate user capabilities query[32m 5[2mms[22m[39m
 [32m✓[39m src/lib/utils/invalidate-user-data.test.ts[2m > [22minvalidateUserData[2m > [22mshould invalidate user profile query[32m 1[2mms[22m[39m
 [32m✓[39m src/lib/utils/invalidate-user-data.test.ts[2m > [22minvalidateUserData[2m > [22mshould invalidate both queries in parallel[32m 1[2mms[22m[39m
 [32m✓[39m src/lib/utils/invalidate-user-data.test.ts[2m > [22minvalidateUserData[2m > [22mshould wait for all invalidations to complete[32m 1[2mms[22m[39m
 [32m✓[39m src/lib/utils/invalidate-user-data.test.ts[2m > [22minvalidateUserData[2m > [22mshould reject if any invalidation fails[32m 3[2mms[22m[39m
 [32m✓[39m src/lib/api/admin-security-api.test.ts[2m > [22madmin-security-api[2m > [22mfetchRateLimitData[2m > [22mshould fetch rate limit data with violations and blocked IPs[32m 5[2mms[22m[39m
 [32m✓[39m src/lib/api/admin-security-api.test.ts[2m > [22madmin-security-api[2m > [22mfetchSecurityEvents[2m > [22mshould fetch security events with filters[32m 1[2mms[22m[39m
 [32m✓[39m src/lib/api/admin-security-api.test.ts[2m > [22madmin-security-api[2m > [22mfetchSecurityEvents[2m > [22mshould fetch security events without filters[32m 1[2mms[22m[39m
 [32m✓[39m src/lib/api/admin-ai-usage-api.test.ts[2m > [22madmin-ai-usage-api[2m > [22mgetAIUsageStats[2m > [22mshould call API without date filters when no params provided[32m 5[2mms[22m[39m
 [32m✓[39m src/lib/api/admin-ai-usage-api.test.ts[2m > [22madmin-ai-usage-api[2m > [22mgetAIUsageStats[2m > [22mshould call API with startDate filter[32m 1[2mms[22m[39m
 [32m✓[39m src/lib/api/admin-ai-usage-api.test.ts[2m > [22madmin-ai-usage-api[2m > [22mgetAIUsageStats[2m > [22mshould call API with both startDate and endDate filters[32m 1[2mms[22m[39m
 [32m✓[39m src/lib/api/admin-ai-usage-api.test.ts[2m > [22madmin-ai-usage-api[2m > [22mgetAIUsageStats[2m > [22mshould return AI usage statistics[32m 1[2mms[22m[39m
 [32m✓[39m src/lib/utils/date.test.ts[2m > [22mdate utilities[2m > [22mparseDateString[2m > [22mshould parse DATE-only format (YYYY-MM-DD) without timezone shift[32m 2[2mms[22m[39m
 [32m✓[39m src/lib/utils/date.test.ts[2m > [22mdate utilities[2m > [22mparseDateString[2m > [22mshould parse full ISO 8601 timestamp[32m 0[2mms[22m[39m
 [32m✓[39m src/lib/utils/date.test.ts[2m > [22mdate utilities[2m > [22mparseDateString[2m > [22mshould handle edge case dates correctly[32m 1[2mms[22m[39m
 [32m✓[39m src/lib/utils/date.test.ts[2m > [22mdate utilities[2m > [22mparseDateString[2m > [22mshould handle leap year dates[32m 0[2mms[22m[39m
 [32m✓[39m src/lib/utils/date.test.ts[2m > [22mdate utilities[2m > [22mformatDateFull[2m > [22mshould format date in Spanish with capitalized first letter[32m 2[2mms[22m[39m
 [32m✓[39m src/lib/utils/date.test.ts[2m > [22mdate utilities[2m > [22mformatDateFull[2m > [22mshould handle different dates correctly[32m 1[2mms[22m[39m
 [32m✓[39m src/lib/utils/date.test.ts[2m > [22mdate utilities[2m > [22mformatDateFullWithYear[2m > [22mshould include year in the formatted output[32m 1[2mms[22m[39m
 [32m✓[39m src/lib/utils/date.test.ts[2m > [22mdate utilities[2m > [22mformatDateShort[2m > [22mshould format date as dd/MM/yyyy[32m 0[2mms[22m[39m
 [32m✓[39m src/lib/utils/date.test.ts[2m > [22mdate utilities[2m > [22mformatDateShort[2m > [22mshould pad single digits with zeros[32m 0[2mms[22m[39m
 [32m✓[39m src/lib/utils/date.test.ts[2m > [22mdate utilities[2m > [22mformatDateCompact[2m > [22mshould format date as M/d[32m 0[2mms[22m[39m
 [32m✓[39m src/lib/utils/date.test.ts[2m > [22mdate utilities[2m > [22mformatDateCompact[2m > [22mshould not pad with zeros[32m 0[2mms[22m[39m
 [32m✓[39m src/lib/utils/date.test.ts[2m > [22mdate utilities[2m > [22mformatDateCompact[2m > [22mshould handle double-digit months[32m 0[2mms[22m[39m
 [32m✓[39m src/lib/utils/date.test.ts[2m > [22mdate utilities[2m > [22mformatDateLocalized[2m > [22mshould format using es-ES locale by default[32m 27[2mms[22m[39m
 [32m✓[39m src/lib/utils/date.test.ts[2m > [22mdate utilities[2m > [22mformatDateLocalized[2m > [22mshould accept custom options[32m 1[2mms[22m[39m
 [32m✓[39m src/lib/utils/date.test.ts[2m > [22mdate utilities[2m > [22mtimezone safety[2m > [22mDATE-only strings should not shift dates due to timezone[32m 1[2mms[22m[39m

[2m Test Files [22m [1m[32m176 passed[39m[22m[90m (176)[39m
[2m      Tests [22m [1m[32m1871 passed[39m[22m[2m | [22m[33m3 skipped[39m[90m (1874)[39m
[2m   Start at [22m 11:35:19
[2m   Duration [22m 159.53s[2m (transform 18.15s, setup 85.39s, import 1056.70s, tests 276.92s, environment 834.98s)[22m

